PREFLIGHT: ok — projeto 'hub-test-1783648288' dentro do escopo hub-*
PREFLIGHT: ok — APP_ENV=test
PREFLIGHT: ok — docker compose config válido
PREFLIGHT: ok — todas as imagens com tag explícita ≠ latest (3 imagens)
PREFLIGHT: ok — todos os volumes/redes/projeto nomeados começam com hub
PREFLIGHT: ok — todos os bind mounts dentro de infra/hub | /var/lib/hub_secrets
PREFLIGHT: ok — nenhuma referência a banco/PostgREST de produção (env + compose)
PREFLIGHT: ok — nenhum domínio de produção
PREFLIGHT: ok — segredos distintos dos fingerprints de produção (7 registrados)
PREFLIGHT: ok — nenhum volume/bind/rede de produção no compose (blocklist)
PREFLIGHT: PASSOU — /var/lib/envioMassa_homologacao/infra/hub/compose.hub.test.yml (projeto hub-test-1783648288, APP_ENV=test)
subindo db+postgrest+backend efêmeros (hub-test-1783648288, tmpfs)…
 Network hub-test-1783648288_default Creating 
 Network hub-test-1783648288_default Created 
 Container hub-test-1783648288-db-1 Creating 
 Container hub-test-1783648288-db-1 Created 
 Container hub-test-1783648288-db-1 Starting 
 Container hub-test-1783648288-db-1 Started 
 Container hub-test-1783648288-db-1 Waiting 
 Container hub-test-1783648288-db-1 Healthy 
 Container hub-test-1783648288-db-1 Running 
 Container hub-test-1783648288-postgrest-1 Creating 
 Container hub-test-1783648288-postgrest-1 Created 
 Container hub-test-1783648288-db-1 Waiting 
 Container hub-test-1783648288-db-1 Healthy 
 Container hub-test-1783648288-postgrest-1 Starting 
 Container hub-test-1783648288-postgrest-1 Started 
 Container hub-test-1783648288-postgrest-1 Waiting 
 Container hub-test-1783648288-db-1 Waiting 
 Container hub-test-1783648288-postgrest-1 Healthy 
 Container hub-test-1783648288-db-1 Healthy 
 Image hub-test-1783648288-backend Building 
#1 [internal] load local bake definitions
#1 reading from stdin 594B done
#1 DONE 0.0s

#2 [internal] load build definition from Dockerfile.hub
#2 transferring dockerfile: 1.51kB done
#2 DONE 0.0s

#3 [internal] load metadata for docker.io/library/node:20-alpine
#3 DONE 0.0s

#4 [internal] load .dockerignore
#4 transferring context: 94B done
#4 DONE 0.0s

#5 [internal] load build context
#5 transferring context: 387.11kB 0.0s done
#5 DONE 0.0s

#6 [1/6] FROM docker.io/library/node:20-alpine@sha256:fb4cd12c85ee03686f6af5362a0b0d56d50c58a04632e6c0fb8363f609372293
#6 resolve docker.io/library/node:20-alpine@sha256:fb4cd12c85ee03686f6af5362a0b0d56d50c58a04632e6c0fb8363f609372293 0.0s done
#6 DONE 0.0s

#7 [2/6] WORKDIR /var/lib/envioMassa_homologacao/app_homologacao
#7 CACHED

#8 [3/6] RUN apk add --no-cache python3 make g++
#8 CACHED

#9 [4/6] COPY package*.json ./
#9 DONE 0.0s

#10 [5/6] RUN npm install
#10 2.021 npm warn deprecated rimraf@3.0.2: Rimraf versions prior to v4 are no longer supported
#10 2.237 npm warn deprecated npmlog@5.0.1: This package is no longer supported.
#10 2.261 npm warn deprecated lodash.get@4.4.2: This package is deprecated. Use the optional chaining (?.) operator instead.
#10 2.262 npm warn deprecated inflight@1.0.6: This module is not supported, and leaks memory. Do not use it. Check out lru-cache if you want a good and tested way to coalesce async requests by a key value, which is much more comprehensive and powerful.
#10 2.378 npm warn deprecated gauge@3.0.2: This package is no longer supported.
#10 2.395 npm warn deprecated are-we-there-yet@2.0.0: This package is no longer supported.
#10 2.403 npm warn deprecated multer@1.4.4: Multer 1.x is affected by CVE-2022-24434. This is fixed in v1.4.4-lts.1 which drops support for versions of Node.js before 6. Please upgrade to at least Node.js 6 and version 1.4.4-lts.1 of Multer. If you need support for older versions of Node.js, we are open to accepting patches that would fix the CVE on the main 1.x release line, whilst maintaining compatibility with Node.js 0.10.
#10 2.420 npm warn deprecated glob@7.2.3: Old versions of glob are not supported, and contain widely publicized security vulnerabilities, which have been fixed in the current version. Please update. Support for old versions may be purchased (at exorbitant rates) by contacting i@izs.me
#10 2.460 npm warn deprecated glob@8.1.0: Old versions of glob are not supported, and contain widely publicized security vulnerabilities, which have been fixed in the current version. Please update. Support for old versions may be purchased (at exorbitant rates) by contacting i@izs.me
#10 2.546 npm warn deprecated tar@6.2.1: Old versions of tar are not supported, and contain widely publicized security vulnerabilities, which have been fixed in the current version. Please update. Support for old versions may be purchased (at exorbitant rates) by contacting i@izs.me
#10 2.760 npm warn deprecated json2csv@5.0.7: Package no longer supported. Contact Support at https://www.npmjs.com/support for more info.
#10 3.736 
#10 3.736 added 237 packages, and audited 238 packages in 3s
#10 3.736 
#10 3.736 23 packages are looking for funding
#10 3.736   run `npm fund` for details
#10 3.754 
#10 3.754 16 vulnerabilities (5 moderate, 11 high)
#10 3.754 
#10 3.754 To address issues that do not require attention, run:
#10 3.754   npm audit fix
#10 3.754 
#10 3.754 To address all issues possible (including breaking changes), run:
#10 3.754   npm audit fix --force
#10 3.754 
#10 3.754 Some issues need review, and may require choosing
#10 3.754 a different dependency.
#10 3.754 
#10 3.754 Run `npm audit` for details.
#10 3.755 npm notice
#10 3.755 npm notice New major version of npm available! 10.8.2 -> 12.0.0
#10 3.755 npm notice Changelog: https://github.com/npm/cli/releases/tag/v12.0.0
#10 3.755 npm notice To update run: npm install -g npm@12.0.0
#10 3.755 npm notice
#10 DONE 3.9s

#11 [6/6] COPY . .
#11 DONE 0.1s

#12 exporting to image
#12 exporting layers
#12 exporting layers 2.3s done
#12 exporting manifest sha256:f4c0d4e91c0453ae1133f66277062dc5a4839e49ad8e29ee693f6745d64b4ea5 done
#12 exporting config sha256:52a69cb7f74b57b2ec1664d6152d5871248dc3ced13eea981fbd319c3f755147 done
#12 exporting attestation manifest sha256:b67d3e54320e06bc1d5693902c7e8d8dae927db220e5b2b39c9b7a3c581809d5 0.0s done
#12 exporting manifest list sha256:e47d7af75c01ab4f5f616bcce7eb2f67b926afbaf543c641e79d7d176b4172ea done
#12 naming to docker.io/library/hub-test-1783648288-backend:latest done
#12 unpacking to docker.io/library/hub-test-1783648288-backend:latest
#12 unpacking to docker.io/library/hub-test-1783648288-backend:latest 0.9s done
#12 DONE 3.2s

#13 resolving provenance for metadata file
#13 DONE 0.0s
 Image hub-test-1783648288-backend Built 
 Container hub-test-1783648288-db-1 Running 
 Container hub-test-1783648288-postgrest-1 Running 
 Container hub-test-1783648288-backend-1 Creating 
 Container hub-test-1783648288-backend-1 Created 
 Container hub-test-1783648288-db-1 Waiting 
 Container hub-test-1783648288-db-1 Healthy 
 Container hub-test-1783648288-db-1 Waiting 
 Container hub-test-1783648288-db-1 Healthy 
 Container hub-test-1783648288-backend-1 Starting 
 Container hub-test-1783648288-backend-1 Started 
 Container hub-test-1783648288-db-1 Waiting 
 Container hub-test-1783648288-postgrest-1 Waiting 
 Container hub-test-1783648288-backend-1 Waiting 
 Container hub-test-1783648288-postgrest-1 Healthy 
 Container hub-test-1783648288-backend-1 Healthy 
 Container hub-test-1783648288-db-1 Healthy 
seed sintético: tabela "Empresa" local (2 contas — 1 com senha, 1 sem)…
rodando migrate.sh (0002..0008)…
PASS: Usuario criado para a conta com senha (1 linha)
PASS: conta sem senha NÃO migrada (FR-005)
PASS: hash bcrypt copiado sem recálculo
PASS: UsuarioEntidade vinculado com papel admin_entidade
PASS: bcrypt.compare(senha original, hash copiado) — login legado funciona sem trocar senha
reexecutando 0008 diretamente (fora do controle de SchemaMigration do migrate.sh)…
PASS: reexecução direta de 0008 não duplica Usuario (idempotente)
PASS: reexecução direta de 0008 não duplica UsuarioEntidade

MIGRACAO-LOGIN-INTEGRATION: OK — todos os asserts passaram (task 2.1.5)
