
Running 5 tests using 1 worker

  ✓  1 [chromium] › tests/e2e-hub-avisos/hub-avisos.spec.ts:91:7 › FASE 7.2 — cobertura por plataforma (FR-023/SC-011) › 7.2.4 — cobertura mostra os números do fixture (3 categorias ativos + 3 impedidos) (1.1s)
  ✘  2 [chromium] › tests/e2e-hub-avisos/hub-avisos.spec.ts:107:7 › FASE 7.3 — diálogo "Novo aviso" › 7.3.5 — 3 modos, alcance atualiza, 0 inscrições bloqueia disparo, duplo-clique = 1 requisição (1.0m)
  -  3 [chromium] › tests/e2e-hub-avisos/hub-avisos.spec.ts:177:7 › FASE 7.4 — detalhe do aviso (polling) › 7.4.2 — polling para exatamente ao atingir concluido
  -  4 [chromium] › tests/e2e-hub-avisos/hub-avisos.spec.ts:198:7 › FASE 8.2 — acessibilidade (teclado + axe) › 8.2.3 — teclado apenas: título, mensagem, 3 radio-cards e Disparar/Cancelar alcançáveis por Tab
  -  5 [chromium] › tests/e2e-hub-avisos/hub-avisos.spec.ts:226:7 › FASE 8.2 — acessibilidade (teclado + axe) › 8.2.4 — axe: lista de avisos e diálogo "Novo aviso" sem violação crítica/grave


  1) [chromium] › tests/e2e-hub-avisos/hub-avisos.spec.ts:107:7 › FASE 7.3 — diálogo "Novo aviso" › 7.3.5 — 3 modos, alcance atualiza, 0 inscrições bloqueia disparo, duplo-clique = 1 requisição 

    Test timeout of 60000ms exceeded.

    Error: locator.click: Test timeout of 60000ms exceeded.
    Call log:
      - waiting for getByRole('button', { name: 'Disparar' })
        - locator resolved to <button tabindex="0" type="button" data-slot="button" class="group/button inline-flex shrink-0 items-center justify-center rounded-lg border border-transparent bg-clip-padding text-sm font-medium whitespace-nowrap transition-all outline-none select-none focus-visible:border-ring focus-visible:ring-3 focus-visible:ring-ring/50 active:not-aria-[haspopup]:translate-y-px active:not-aria-[haspopup]:scale-[0.98] motion-reduce:active:scale-100 disabled:pointer-events-none disabled:opacity-50 aria-invalid:bor…>…</button>
      - attempting click action
        2 × waiting for element to be visible, enabled and stable
          - element is not enabled
        - retrying click action
        - waiting 20ms
        - waiting for element to be visible, enabled and stable
        - element is not stable
      - retrying click action
        - waiting 100ms
        - waiting for element to be visible, enabled and stable
      - element was detached from the DOM, retrying


      162 |     // CHK011 — clique duplo rápido: guarda síncrona (enviandoRef) deve
      163 |     // impedir a 2ª requisição mesmo antes do re-render desabilitar o botão.
    > 164 |     await Promise.all([botaoDisparar.click(), botaoDisparar.click({ force: true })]);
          |                                      ^
      165 |     const resposta = await respostaPromise;
      166 |     expect(resposta.status()).toBe(201);
      167 |     const body = await resposta.json();
        at /work/tests/e2e-hub-avisos/hub-avisos.spec.ts:164:38

    attachment #1: screenshot (image/png) ──────────────────────────────────────────────────────────
    test-results/hub-avisos-FASE-7-3-—-diál-2248f-o-duplo-clique-1-requisição-chromium/test-failed-1.png
    ────────────────────────────────────────────────────────────────────────────────────────────────

    Error Context: test-results/hub-avisos-FASE-7-3-—-diál-2248f-o-duplo-clique-1-requisição-chromium/error-context.md

    attachment #3: trace (application/zip) ─────────────────────────────────────────────────────────
    test-results/hub-avisos-FASE-7-3-—-diál-2248f-o-duplo-clique-1-requisição-chromium/trace.zip
    Usage:

        npx playwright show-trace test-results/hub-avisos-FASE-7-3-—-diál-2248f-o-duplo-clique-1-requisição-chromium/trace.zip

    ────────────────────────────────────────────────────────────────────────────────────────────────

  1 failed
    [chromium] › tests/e2e-hub-avisos/hub-avisos.spec.ts:107:7 › FASE 7.3 — diálogo "Novo aviso" › 7.3.5 — 3 modos, alcance atualiza, 0 inscrições bloqueia disparo, duplo-clique = 1 requisição 
  3 did not run
  1 passed (1.1m)
