
Running 5 tests using 1 worker

  ✓  1 [chromium] › tests/e2e-hub-avisos/hub-avisos.spec.ts:91:7 › FASE 7.2 — cobertura por plataforma (FR-023/SC-011) › 7.2.4 — cobertura mostra os números do fixture (3 categorias ativos + 3 impedidos) (1.1s)
  ✓  2 [chromium] › tests/e2e-hub-avisos/hub-avisos.spec.ts:107:7 › FASE 7.3 — diálogo "Novo aviso" › 7.3.5 — 3 modos, alcance atualiza, 0 inscrições bloqueia disparo, duplo-clique = 1 requisição (6.6s)
  ✘  3 [chromium] › tests/e2e-hub-avisos/hub-avisos.spec.ts:186:7 › FASE 7.4 — detalhe do aviso (polling) › 7.4.2 — polling para exatamente ao atingir concluido (31.2s)
  -  4 [chromium] › tests/e2e-hub-avisos/hub-avisos.spec.ts:213:7 › FASE 8.2 — acessibilidade (teclado + axe) › 8.2.3 — teclado apenas: título, mensagem, 3 radio-cards e Disparar/Cancelar alcançáveis por Tab
  -  5 [chromium] › tests/e2e-hub-avisos/hub-avisos.spec.ts:241:7 › FASE 8.2 — acessibilidade (teclado + axe) › 8.2.4 — axe: lista de avisos e diálogo "Novo aviso" sem violação crítica/grave


  1) [chromium] › tests/e2e-hub-avisos/hub-avisos.spec.ts:186:7 › FASE 7.4 — detalhe do aviso (polling) › 7.4.2 — polling para exatamente ao atingir concluido 

    Error: expect(locator).toBeVisible() failed

    Locator: getByText('Concluído', { exact: true })
    Expected: visible
    Timeout: 30000ms
    Error: element(s) not found

    Call log:
      - Expect "toBeVisible" with timeout 30000ms
      - waiting for getByText('Concluído', { exact: true })


      200 |     // fazia `contagemAoConcluir` ser capturado cedo demais e o teste
      201 |     // confundir polling normal (ainda rodando) com "não parou".
    > 202 |     await expect(page.getByText('Concluído', { exact: true })).toBeVisible({ timeout: 30_000 });
          |                                                                ^
      203 |
      204 |     const contagemAoConcluir = requisicoesGet;
      205 |     // Espera 2 intervalos de poll (4s cada) a mais — se o polling não tivesse
        at /work/tests/e2e-hub-avisos/hub-avisos.spec.ts:202:64

    attachment #1: screenshot (image/png) ──────────────────────────────────────────────────────────
    test-results/hub-avisos-FASE-7-4-—-deta-1747d-amente-ao-atingir-concluido-chromium/test-failed-1.png
    ────────────────────────────────────────────────────────────────────────────────────────────────

    Error Context: test-results/hub-avisos-FASE-7-4-—-deta-1747d-amente-ao-atingir-concluido-chromium/error-context.md

    attachment #3: trace (application/zip) ─────────────────────────────────────────────────────────
    test-results/hub-avisos-FASE-7-4-—-deta-1747d-amente-ao-atingir-concluido-chromium/trace.zip
    Usage:

        npx playwright show-trace test-results/hub-avisos-FASE-7-4-—-deta-1747d-amente-ao-atingir-concluido-chromium/trace.zip

    ────────────────────────────────────────────────────────────────────────────────────────────────

  1 failed
    [chromium] › tests/e2e-hub-avisos/hub-avisos.spec.ts:186:7 › FASE 7.4 — detalhe do aviso (polling) › 7.4.2 — polling para exatamente ao atingir concluido 
  2 did not run
  2 passed (40.3s)
