1783651307232 aplicando: 0000_schema_migration.sql
1783651307368 CREATE TABLE
1783651307518 aplicando: 0001_postgrest_roles.sql
1783651307661 DO
1783651307662 GRANT
1783651307817 aplicando: 0002_usuario.sql
1783651307956 DO
1783651307957 GRANT
1783651307967 CREATE EXTENSION
1783651307975 CREATE TABLE
1783651307976 GRANT
1783651307978 GRANT
1783651308134 aplicando: 0003_papel_permissao_modulo.sql
1783651308294 CREATE TABLE
1783651308299 CREATE TABLE
1783651308308 CREATE TABLE
1783651308310 CREATE TABLE
1783651308311 CREATE TABLE
1783651308317 CREATE TABLE
1783651308319 CREATE INDEX
1783651308320 GRANT
1783651308321 GRANT
1783651308322 GRANT
1783651308323 GRANT
1783651308324 GRANT
1783651308538 aplicando: 0004_auditoria.sql
1783651308684 CREATE TABLE
1783651308685 CREATE INDEX
1783651308686 CREATE INDEX
1783651308688 GRANT
1783651308689 GRANT
1783651308690 REVOKE
1783651308691 CREATE FUNCTION
1783651308692 DROP TRIGGER
1783651308694 CREATE TRIGGER
1783651308695 psql:<stdin>:38: NOTICE:  trigger "trg_auditoria_bloqueia_alteracao" for relation "Auditoria" does not exist, skipping
1783651308838 aplicando: 0005_sessao_refresh.sql
1783651308983 CREATE TABLE
1783651308985 CREATE INDEX
1783651308987 GRANT
1783651308989 GRANT
1783651309167 aplicando: 0006_rls_policies.sql
1783651309332 CREATE FUNCTION
1783651309334 CREATE FUNCTION
1783651309335 ALTER TABLE
1783651309336 psql:<stdin>:73: NOTICE:  policy "usuarioentidade_select_proprio" for relation "UsuarioEntidade" does not exist, skipping
1783651309337 DROP POLICY
1783651309337 CREATE POLICY
1783651309338 ALTER TABLE
1783651309340 psql:<stdin>:86: NOTICE:  policy "moduloentidade_select_por_escopo" for relation "ModuloEntidade" does not exist, skipping
1783651309341 DROP POLICY
1783651309342 CREATE POLICY
1783651309343 ALTER TABLE
1783651309344 psql:<stdin>:105: NOTICE:  policy "auditoria_select_por_escopo" for relation "Auditoria" does not exist, skipping
1783651309346 DROP POLICY
1783651309347 CREATE POLICY
1783651309348 DROP POLICY
1783651309349 psql:<stdin>:113: NOTICE:  policy "auditoria_insert_por_escopo" for relation "Auditoria" does not exist, skipping
1783651309351 CREATE POLICY
1783651309491 aplicando: 0007_seed_papeis_permissoes_modulos.sql
1783651309629 INSERT 0 9
1783651309631 INSERT 0 27
1783651309633 INSERT 0 4
1783651309634 INSERT 0 27
1783651309635 INSERT 0 26
1783651309636 INSERT 0 15
1783651309638 INSERT 0 7
1783651309825 aplicando: 0008_migracao_empresa_para_usuario.sql
1783651309960 DO
1783651309961 psql:<stdin>:68: NOTICE:  0008: tabela "Empresa" ausente neste banco — no-op (nada a migrar)
1783651310127 aplicando: 0009_rls_hardening_indices.sql
1783651310266 DROP POLICY
1783651310267 CREATE POLICY
1783651310269 CREATE INDEX
1783651310270 CREATE INDEX
1783651310431 aplicando: 0010_entregador.sql
1783651310569 CREATE TABLE
1783651310571 CREATE INDEX
1783651310572 GRANT
1783651310574 GRANT
1783651310724 aplicando: 0011_importacao_arquivo.sql
1783651310871 CREATE TABLE
1783651310873 CREATE INDEX
1783651310875 CREATE INDEX
1783651310876 GRANT
1783651310877 GRANT
1783651311031 aplicando: 0012_importacao_linha_erro.sql
1783651311179 CREATE TABLE
1783651311181 CREATE INDEX
1783651311182 GRANT
1783651311184 GRANT
1783651311356 aplicando: 0013_faturamento_lancamento.sql
1783651311505 CREATE TABLE
1783651311509 CREATE INDEX
1783651311510 CREATE INDEX
1783651311511 CREATE INDEX
1783651311512 GRANT
1783651311514 GRANT
1783651311681 aplicando: 0014_performance_turno.sql
1783651311827 CREATE TABLE
1783651311828 CREATE INDEX
1783651311829 CREATE INDEX
1783651311830 GRANT
1783651311832 GRANT
1783651311982 aplicando: 0015_rls_importacoes.sql
1783651312126 ALTER TABLE
1783651312127 DROP POLICY
1783651312128 psql:<stdin>:21: NOTICE:  policy "entregador_select_por_escopo" for relation "Entregador" does not exist, skipping
1783651312129 CREATE POLICY
1783651312130 psql:<stdin>:26: NOTICE:  policy "entregador_insert_por_escopo" for relation "Entregador" does not exist, skipping
1783651312131 DROP POLICY
1783651312132 CREATE POLICY
1783651312134 DROP POLICY
1783651312135 psql:<stdin>:31: NOTICE:  policy "entregador_update_por_escopo" for relation "Entregador" does not exist, skipping
1783651312136 CREATE POLICY
1783651312137 ALTER TABLE
1783651312138 DROP POLICY
1783651312139 psql:<stdin>:44: NOTICE:  policy "importacaoarquivo_select_por_escopo" for relation "ImportacaoArquivo" does not exist, skipping
1783651312140 CREATE POLICY
1783651312141 DROP POLICY
1783651312142 psql:<stdin>:49: NOTICE:  policy "importacaoarquivo_insert_por_escopo" for relation "ImportacaoArquivo" does not exist, skipping
1783651312143 CREATE POLICY
1783651312144 psql:<stdin>:54: NOTICE:  policy "importacaoarquivo_update_por_escopo" for relation "ImportacaoArquivo" does not exist, skipping
1783651312145 DROP POLICY
1783651312146 CREATE POLICY
1783651312147 ALTER TABLE
1783651312148 DROP POLICY
1783651312149 psql:<stdin>:66: NOTICE:  policy "importacaolinhaerro_select_por_escopo" for relation "ImportacaoLinhaErro" does not exist, skipping
1783651312150 CREATE POLICY
1783651312151 DROP POLICY
1783651312153 psql:<stdin>:71: NOTICE:  policy "importacaolinhaerro_insert_por_escopo" for relation "ImportacaoLinhaErro" does not exist, skipping
1783651312154 CREATE POLICY
1783651312155 ALTER TABLE
1783651312156 psql:<stdin>:82: NOTICE:  policy "faturamentolancamento_select_por_escopo" for relation "FaturamentoLancamento" does not exist, skipping
1783651312157 DROP POLICY
1783651312158 CREATE POLICY
1783651312159 psql:<stdin>:87: NOTICE:  policy "faturamentolancamento_insert_por_escopo" for relation "FaturamentoLancamento" does not exist, skipping
1783651312160 DROP POLICY
1783651312161 CREATE POLICY
1783651312162 ALTER TABLE
1783651312163 psql:<stdin>:98: NOTICE:  policy "performanceturno_select_por_escopo" for relation "PerformanceTurno" does not exist, skipping
1783651312164 DROP POLICY
1783651312165 CREATE POLICY
1783651312166 psql:<stdin>:103: NOTICE:  policy "performanceturno_insert_por_escopo" for relation "PerformanceTurno" does not exist, skipping
1783651312167 DROP POLICY
1783651312168 CREATE POLICY
1783651312283 aplicando: 0016_seed_importacoes_exportar.sql
1783651312432 INSERT 0 1
1783651312433 INSERT 0 2
1783651312599 aplicando: 0017_grant_delete_importacao_linha_erro.sql
1783651312743 GRANT
1783651312744 psql:<stdin>:25: NOTICE:  policy "importacaolinhaerro_delete_por_escopo" for relation "ImportacaoLinhaErro" does not exist, skipping
1783651312746 DROP POLICY
1783651312747 CREATE POLICY
1783651312920 aplicando: 0018_dedupe_erro_recuperacao_orfa.sql
1783651313072 CREATE INDEX
1783651313073 CREATE FUNCTION
1783651313075 DROP POLICY
1783651313076 psql:<stdin>:98: NOTICE:  policy "importacaoarquivo_select_recuperacao_orfa" for relation "ImportacaoArquivo" does not exist, skipping
1783651313077 CREATE POLICY
1783651313079 DROP POLICY
1783651313080 psql:<stdin>:103: NOTICE:  policy "importacaoarquivo_update_recuperacao_orfa" for relation "ImportacaoArquivo" does not exist, skipping
1783651313081 CREATE POLICY
1783651313234 aplicando: 0019_entregador_edicao_manual.sql
1783651313386 ALTER TABLE
1783651313387 CREATE FUNCTION
1783651313388 psql:<stdin>:28: NOTICE:  trigger "trg_entregador_protege_nome" for relation "Entregador" does not exist, skipping
1783651313390 DROP TRIGGER
1783651313392 CREATE TRIGGER
1783651313558 aplicando: 0020_fatos_indices_subpraca.sql
1783651313712 CREATE INDEX
1783651313713 CREATE INDEX
1783651313882 aplicando: 0021_conta_motorista.sql
1783651314024 CREATE EXTENSION
1783651314030 CREATE EXTENSION
1783651314036 CREATE TABLE
1783651314037 CREATE FUNCTION
1783651314038 CREATE INDEX
1783651314039 GRANT
1783651314040 GRANT
1783651314041 DO
1783651314042 CREATE INDEX
1783651314201 aplicando: 0022_empresa_grupo_movee.sql
1783651314356 CREATE TABLE
1783651314358 GRANT
1783651314522 aplicando: 0023_motoristas_rpc_candidatos.sql
1783651314688 CREATE FUNCTION
1783651314690 CREATE FUNCTION
1783651314691 GRANT
1783651314692 GRANT
1783651314866 aplicando: 0024_areas_por_entregador.sql
1783651315018 CREATE VIEW
1783651315019 GRANT
1783651315174 aplicando: 0025_entregador_protege_nome_apenas_import.sql
1783651315317 CREATE FUNCTION
1783651315318 CREATE FUNCTION
1783651315467 aplicando: 0026_seed_permissao_faturamento_listar.sql
1783651315615 INSERT 0 1
1783651315616 INSERT 0 4
1783651315817 aplicando: 0027_hub_faturamento_rpc_resumo.sql
1783651315956 CREATE FUNCTION
1783651315957 CREATE FUNCTION
1783651315958 GRANT
1783651315959 GRANT
1783651316114 aplicando: 0028_mv_faturamento_dia.sql
1783651316269 CREATE EXTENSION
1783651316273 SELECT 0
1783651316275 CREATE INDEX
1783651316278 CREATE INDEX
1783651316279 CREATE INDEX
1783651316281 REVOKE
1783651316283 REVOKE
1783651316285 REVOKE
1783651316286 CREATE FUNCTION
1783651316288 CREATE FUNCTION
1783651316289 CREATE FUNCTION
1783651316290 REVOKE
1783651316291 GRANT
1783651316293 GRANT
1783651316294 GRANT
1783651316472 aplicando: 0029_seed_permissao_performance_listar.sql
1783651316613 INSERT 0 1
1783651316614 INSERT 0 4
1783651316787 aplicando: 0030_hub_performance_rpc_resumo.sql
1783651316940 CREATE FUNCTION
1783651316941 CREATE FUNCTION
1783651316942 GRANT
1783651316943 GRANT
1783651317145 aplicando: 0031_mv_performance_dia.sql
1783651317302 psql:<stdin>:65: NOTICE:  extension "dblink" already exists, skipping
1783651317303 CREATE EXTENSION
1783651317308 SELECT 0
1783651317310 CREATE INDEX
1783651317313 CREATE INDEX
1783651317315 CREATE INDEX
1783651317316 REVOKE
1783651317317 REVOKE
1783651317319 REVOKE
1783651317320 CREATE FUNCTION
1783651317321 CREATE FUNCTION
1783651317322 CREATE FUNCTION
1783651317324 REVOKE
1783651317325 GRANT
1783651317326 GRANT
1783651317328 GRANT
1783651317487 aplicando: 0032_seed_permissao_envio_massa_gerenciar.sql
1783651317627 INSERT 0 1
1783651317629 INSERT 0 2
1783651317790 aplicando: 0033_schema_legado_envio_massa.sql
1783651317937 CREATE TABLE
1783651317941 CREATE TABLE
1783651317946 DO
1783651317948 DO
1783651317950 CREATE INDEX
1783651317954 CREATE TABLE
1783651317955 CREATE INDEX
1783651317956 CREATE INDEX
1783651317957 CREATE INDEX
1783651317961 CREATE TABLE
1783651317962 CREATE INDEX
1783651317968 CREATE TABLE
1783651317969 GRANT
1783651317970 GRANT
1783651317971 GRANT
1783651317972 GRANT
1783651317974 GRANT
1783651317975 GRANT
1783651317976 GRANT
1783651317977 GRANT
1783651317978 GRANT
1783651317979 GRANT
1783651317980 NOTIFY
1783651318150 aplicando: 0034_seed_legado_envio_massa_teste.sql
1783651318299 CREATE EXTENSION
1783651318305 INSERT 0 1
1783651318310 INSERT 0 1
1783651318312  setval 
1783651318313 --------
1783651318314    9010
1783651318315 (1 row)
1783651318316 
1783651318318 INSERT 0 1
1783651318319  setval 
1783651318320 --------
1783651318322    9001
1783651318324 (1 row)
1783651318325 
1783651318327 UPDATE 2
1783651318328 INSERT 0 1
1783651318329 INSERT 0 1
1783651318331 INSERT 0 1
1783651318332 INSERT 0 1
1783651318333 INSERT 0 1
1783651318334 INSERT 0 1
1783651318335 NOTIFY
1783651318491 aplicando: 0035_auditoria_visao_global.sql
1783651318641 CREATE FUNCTION
1783651318642 DROP POLICY
1783651318644 CREATE POLICY
1783651318799 aplicando: 0036_moduloentidade_escrita_admin.sql
1783651318974 DROP POLICY
1783651318975 CREATE POLICY
1783651318976 DROP POLICY
1783651318977 psql:<stdin>:25: NOTICE:  policy "moduloentidade_insert_admin_plataforma" for relation "ModuloEntidade" does not exist, skipping
1783651318979 CREATE POLICY
1783651318980 DROP POLICY
1783651318981 psql:<stdin>:30: NOTICE:  policy "moduloentidade_update_admin_plataforma" for relation "ModuloEntidade" does not exist, skipping
1783651318982 CREATE POLICY
1783651319132 aplicando: 0037_rpc_papel_permissao_set.sql
1783651319285 CREATE FUNCTION
1783651319287 REVOKE
1783651319288 GRANT
1783651319449 aplicando: 0038_seed_modulos_admin_qa.sql
1783651319597 INSERT 0 0
1783651319598 INSERT 0 1
1783651319753 aplicando: 0039_usuarioentidade_escrita_admin.sql
1783651319887 DROP POLICY
1783651319888 CREATE POLICY
1783651319889 DROP POLICY
1783651319890 psql:<stdin>:46: NOTICE:  policy "usuarioentidade_insert_admin" for relation "UsuarioEntidade" does not exist, skipping
1783651319891 CREATE POLICY
1783651319892 DROP POLICY
1783651319893 psql:<stdin>:58: NOTICE:  policy "usuarioentidade_update_admin" for relation "UsuarioEntidade" does not exist, skipping
1783651319894 CREATE POLICY
1783651320039 aplicando: 0040_fix_normaliza_nome_search_path.sql
1783651320185 CREATE FUNCTION
1783651320509  Container hub-s10a-1783651300-postgrest-1 Killing 
1783651320519  Container hub-s10a-1783651300-postgrest-1 Killed 
1783651320525 PostgREST: SIGUSR1 enviado (reload de schema)
1783651320526 migrate: concluído (41 aplicadas agora)
1783651320698  id |                      nome                      |          aplicado_em          
1783651320699 ----+------------------------------------------------+-------------------------------
1783651320700   1 | 0000_schema_migration.sql                      | 2026-07-10 02:41:47.50658+00
1783651320701   2 | 0001_postgrest_roles.sql                       | 2026-07-10 02:41:47.80664+00
1783651320702   3 | 0002_usuario.sql                               | 2026-07-10 02:41:48.121493+00
1783651320703   4 | 0003_papel_permissao_modulo.sql                | 2026-07-10 02:41:48.525042+00
1783651320704   5 | 0004_auditoria.sql                             | 2026-07-10 02:41:48.826867+00
1783651320705   6 | 0005_sessao_refresh.sql                        | 2026-07-10 02:41:49.155929+00
1783651320706   7 | 0006_rls_policies.sql                          | 2026-07-10 02:41:49.479978+00
1783651320707   8 | 0007_seed_papeis_permissoes_modulos.sql        | 2026-07-10 02:41:49.810876+00
1783651320708   9 | 0008_migracao_empresa_para_usuario.sql         | 2026-07-10 02:41:50.114748+00
1783651320709  10 | 0009_rls_hardening_indices.sql                 | 2026-07-10 02:41:50.42002+00
1783651320710  11 | 0010_entregador.sql                            | 2026-07-10 02:41:50.711467+00
1783651320711  12 | 0011_importacao_arquivo.sql                    | 2026-07-10 02:41:51.018105+00
1783651320712  13 | 0012_importacao_linha_erro.sql                 | 2026-07-10 02:41:51.345198+00
1783651320713  14 | 0013_faturamento_lancamento.sql                | 2026-07-10 02:41:51.668092+00
1783651320714  15 | 0014_performance_turno.sql                     | 2026-07-10 02:41:51.971432+00
1783651320715  16 | 0015_rls_importacoes.sql                       | 2026-07-10 02:41:52.271573+00
1783651320716  17 | 0016_seed_importacoes_exportar.sql             | 2026-07-10 02:41:52.587089+00
1783651320717  18 | 0017_grant_delete_importacao_linha_erro.sql    | 2026-07-10 02:41:52.907425+00
1783651320718  19 | 0018_dedupe_erro_recuperacao_orfa.sql          | 2026-07-10 02:41:53.222626+00
1783651320719  20 | 0019_entregador_edicao_manual.sql              | 2026-07-10 02:41:53.544327+00
1783651320720  21 | 0020_fatos_indices_subpraca.sql                | 2026-07-10 02:41:53.871965+00
1783651320721  22 | 0021_conta_motorista.sql                       | 2026-07-10 02:41:54.189296+00
1783651320723  23 | 0022_empresa_grupo_movee.sql                   | 2026-07-10 02:41:54.510484+00
1783651320724  24 | 0023_motoristas_rpc_candidatos.sql             | 2026-07-10 02:41:54.853828+00
1783651320725  25 | 0024_areas_por_entregador.sql                  | 2026-07-10 02:41:55.163172+00
1783651320726  26 | 0025_entregador_protege_nome_apenas_import.sql | 2026-07-10 02:41:55.457514+00
1783651320727  27 | 0026_seed_permissao_faturamento_listar.sql     | 2026-07-10 02:41:55.806661+00
1783651320728  28 | 0027_hub_faturamento_rpc_resumo.sql            | 2026-07-10 02:41:56.103063+00
1783651320729  29 | 0028_mv_faturamento_dia.sql                    | 2026-07-10 02:41:56.460524+00
1783651320730  30 | 0029_seed_permissao_performance_listar.sql     | 2026-07-10 02:41:56.776185+00
1783651320731  31 | 0030_hub_performance_rpc_resumo.sql            | 2026-07-10 02:41:57.132518+00
1783651320732  32 | 0031_mv_performance_dia.sql                    | 2026-07-10 02:41:57.476228+00
1783651320733  33 | 0032_seed_permissao_envio_massa_gerenciar.sql  | 2026-07-10 02:41:57.776046+00
1783651320734  34 | 0033_schema_legado_envio_massa.sql             | 2026-07-10 02:41:58.138999+00
1783651320735  35 | 0034_seed_legado_envio_massa_teste.sql         | 2026-07-10 02:41:58.478638+00
1783651320736  36 | 0035_auditoria_visao_global.sql                | 2026-07-10 02:41:58.788066+00
1783651320737  37 | 0036_moduloentidade_escrita_admin.sql          | 2026-07-10 02:41:59.121582+00
1783651320739  38 | 0037_rpc_papel_permissao_set.sql               | 2026-07-10 02:41:59.43839+00
1783651320740  39 | 0038_seed_modulos_admin_qa.sql                 | 2026-07-10 02:41:59.741971+00
1783651320741  40 | 0039_usuarioentidade_escrita_admin.sql         | 2026-07-10 02:42:00.026644+00
1783651320742  41 | 0040_fix_normaliza_nome_search_path.sql        | 2026-07-10 02:42:00.329344+00
1783651320743 (41 rows)
1783651320744 
