
==================================================================
ITEM 1 — Banco de produção intocado [OPERADOR]
------------------------------------------------------------------
AÇÃO DO OPERADOR (antes/depois da S1, no VPSTodo):
  docker service ps pgadmin_db --format '{{.Name}} {{.CurrentState}}'
  # e no banco de produção:
  #   SELECT max(id) FROM "EnvioMassa";
Evidência esperada: estado/contagens idênticos.
(Executado sob autorização em 2026-07-06 — ver evidência 06.)

==================================================================
ITEM 2 — Volumes de produção não montados em containers hub_*
------------------------------------------------------------------
containers hub_* montando volumes/binds de produção: 0 (esperado 0)
mounts (nomes) por container hub_*:
  hub_homolog_backend: hub_homolog_uploads 
  hub_homolog_frontend: 
  hub_homolog_mailpit_mock: /var/lib/envioMassa_homologacao/infra/hub/mocks/mailpit-like hub_homolog_mocklogs 
  hub_homolog_traefik: /var/lib/hub_secrets/tls /var/lib/envioMassa_homologacao/infra/hub/traefik/dynamic 
  hub_homolog_backup: /var/lib/envioMassa_homologacao/infra/hub/scripts hub_homolog_backups 
  hub_homolog_postgrest: 
  hub_homolog_db: hub_homolog_pg_data 
  hub_homolog_fastapi_mock: /var/lib/envioMassa_homologacao/infra/hub/mocks/fastapi-mock hub_homolog_mocklogs 
  hub_homolog_n8n_mock: /var/lib/envioMassa_homologacao/infra/hub/mocks/n8n-mock hub_homolog_mocklogs 
RESULTADO: PASS

==================================================================
ITEM 3 — Redes separadas (conjunto EXATO das redes do projeto)
------------------------------------------------------------------
  rede hub: hub_homolog_edge
  rede hub: hub_homolog_net
  hub_homolog_backend → hub_homolog_net 
  hub_homolog_frontend → hub_homolog_edge hub_homolog_net 
  hub_homolog_mailpit_mock → hub_homolog_net 
  hub_homolog_traefik → hub_homolog_edge hub_homolog_net 
  hub_homolog_backup → hub_homolog_net 
  hub_homolog_postgrest → hub_homolog_net 
  hub_homolog_db → hub_homolog_net 
  hub_homolog_fastapi_mock → hub_homolog_net 
  hub_homolog_n8n_mock → hub_homolog_net 
RESULTADO: PASS (só hub_homolog_net hub_homolog_edge)

==================================================================
ITEM 4 — Containers com nomes distintos (hub_homolog_*)
------------------------------------------------------------------
  hub_homolog_backend
  hub_homolog_frontend
  hub_homolog_mailpit_mock
  hub_homolog_traefik
  hub_homolog_backup
  hub_homolog_postgrest
  hub_homolog_db
  hub_homolog_fastapi_mock
  hub_homolog_n8n_mock
containers do projeto: 9; com prefixo hub_homolog_: 9
RESULTADO: PASS

==================================================================
ITEM 5 — Projetos/stacks distintos
------------------------------------------------------------------
  NAME                STATUS              CONFIG FILES
  hub-homolog         running(9)          /var/lib/envioMassa_homologacao/infra/hub/compose.hub.homolog.yml
  metanoia-prod       running(7)          /var/lib/metanoia-hub/docker-compose.prod.yml
RESULTADO: PASS (hub-homolog presente; nenhum projeto envio-massa em compose)
  (stacks Swarm de produção seguem à parte: docker stack ls — leitura do operador)

==================================================================
ITEM 6 — Credenciais diferentes (hashes truncados; nunca valores)
------------------------------------------------------------------
  sha256(JWT_SECRET do hub) = 6cd42c381113… → distinto de todos os fingerprints de produção
  sha256(JWT_REFRESH_SECRET do hub) = fd300d85649c… → distinto de todos os fingerprints de produção
  sha256(POSTGREST_API_KEY do hub) = 8545d91cbe37… → distinto de todos os fingerprints de produção
  sha256(PGRST_JWT_SECRET do hub) = 8545d91cbe37… → distinto de todos os fingerprints de produção
  sha256(HUB_DB_PASSWORD do hub) = 4dd315ec3a13… → distinto de todos os fingerprints de produção
  fingerprints de produção registrados: 7 entradas em /var/lib/hub_secrets/prod-fingerprints.sha256 (0600)
RESULTADO: PASS (todos os segredos do hub distintos dos de produção)

==================================================================
ITEM 7 — Portas sem conflito
------------------------------------------------------------------
  State  Recv-Q Send-Q Local Address:Port  Peer Address:PortProcess                                                 
  LISTEN 0      4096         0.0.0.0:8880       0.0.0.0:*    users:(("docker-proxy",pid=774605,fd=8))               
  LISTEN 0      4096         0.0.0.0:443        0.0.0.0:*    users:(("docker-proxy",pid=72201,fd=8))                
  LISTEN 0      4096         0.0.0.0:80         0.0.0.0:*    users:(("docker-proxy",pid=72173,fd=8))                
  LISTEN 0      4096         0.0.0.0:8443       0.0.0.0:*    users:(("docker-proxy",pid=774582,fd=8))               
  LISTEN 0      4096            [::]:8880          [::]:*    users:(("docker-proxy",pid=774612,fd=8))               
  LISTEN 0      4096            [::]:443           [::]:*    users:(("docker-proxy",pid=72211,fd=8))                
  LISTEN 0      4096            [::]:80            [::]:*    users:(("docker-proxy",pid=72180,fd=8))                
  LISTEN 0      4096            [::]:8443          [::]:*    users:(("docker-proxy",pid=774590,fd=8))               
  80/443 seguem no processo de produção; 8880/8443 = docker-proxy do hub
RESULTADO: PASS (sem colisão; host de produção inalterado)

==================================================================
ITEM 8 — Domínio diferente
------------------------------------------------------------------
  DNS: 178.156.254.243
  https://hub-homolog.todo-tips.com:8443/ → HTTP=200
  produção inalterada: https://app.moveelog.com.br/login → HTTP=200
RESULTADO: PASS (DNS ativo E HTTP 200 pelo domínio; nota: getent também lê /etc/hosts — conferência externa final é do operador)

==================================================================
ITEM 9 — Logs separados
------------------------------------------------------------------
  hub_homolog_n8n_mock  | [n8n-mock] listening :8080 APP_ENV=homologation
  hub_homolog_backend   | 
  hub_homolog_backend   | Servidor rodando na porta 3000
  hub_homolog_db        | 2026-07-10 02:12:23.641 UTC [296905] ERROR:  duplicate key value violates unique constraint "importacaoarquivo_uma_ativa_por_tipo"
  hub_homolog_db        | 2026-07-10 02:12:23.641 UTC [296905] STATEMENT:  WITH pgrst_source AS (UPDATE "public"."ImportacaoArquivo" SET "iniciado_em" = "pgrst_body"."iniciado_em", "status" = "pgrst_body"."status" FROM (SELECT $1 AS json_data) pgrst_payload, LATERAL (SELECT "iniciado_em", "status" FROM json_to_record(pgrst_payload.json_data) AS _("iniciado_em" timestamp with time zone, "status" text) ) pgrst_body  WHERE  "public"."ImportacaoArquivo"."id" = $2 AND  "public"."ImportacaoArquivo"."status" = $3 RETURNING "public"."ImportacaoArquivo".*) SELECT '' AS total_result_set, pg_catalog.count(_postgrest_t) AS page_total, array[]::text[] AS header, coalesce(json_agg(_postgrest_t), '[]') AS body, nullif(current_setting('response.headers', true), '') AS response_headers, nullif(current_setting('response.status', true), '') AS response_status, '' AS response_inserted FROM (SELECT "ImportacaoArquivo".* FROM "pgrst_source" AS "ImportacaoArquivo"   ) _postgrest_t
  hub_homolog_frontend   | }
  hub_homolog_traefik    | 177.9.40.219 - - [10/Jul/2026:02:33:12 +0000] "POST /api/token/refresh HTTP/2.0" 401 42 "-" "-" 13685 "hub-frontend-https@file" "http://frontend:3000" 9ms
  hub_homolog_frontend   | [proxy-debug] POST /token/refresh { rawCookie: null, parsedCookieNames: [], parsedCookieCount: 0 }
  hub_homolog_traefik    | 178.156.254.243 - - [10/Jul/2026:02:33:19 +0000] "GET / HTTP/2.0" 200 14185 "-" "-" 13686 "hub-frontend-https@file" "http://frontend:3000" 6ms
  hub_homolog_postgrest  | 10/Jul/2026:02:12:17 +0000: Schema cache loaded 25 Relations, 20 Relationships, 39 Functions, 0 Domain Representations, 4 Media Type Handlers, 487 Timezones
  hub_homolog_postgrest  | 10/Jul/2026:02:12:17 +0000: Schema cache loaded in 0.4 milliseconds
  hub_homolog_mailpit_mock  | [mailpit-like] listening :8080 APP_ENV=homologation
  hub_homolog_backup        | [backup-daemon] OK: /backups/hub_homolog_20260709_030000.dump (136755 bytes)
  hub_homolog_backup        | [backup-daemon] próximo backup em 86400s (2026-07-10 03:00:00 UTC)
  hub_homolog_fastapi_mock  | [fastapi-mock] listening :8080 APP_ENV=homologation
RESULTADO: PASS se acima só aparecem serviços hub_homolog_*

==================================================================
ITEM 10 — Arquivos separados (mounts só hub_* / binds permitidos)
------------------------------------------------------------------
  hub_homolog_backend: hub_homolog_uploads 
  hub_homolog_frontend: 
  hub_homolog_mailpit_mock: /var/lib/envioMassa_homologacao/infra/hub/mocks/mailpit-like hub_homolog_mocklogs 
  hub_homolog_traefik: /var/lib/envioMassa_homologacao/infra/hub/traefik/dynamic /var/lib/hub_secrets/tls 
  hub_homolog_backup: /var/lib/envioMassa_homologacao/infra/hub/scripts hub_homolog_backups 
  hub_homolog_postgrest: 
  hub_homolog_db: hub_homolog_pg_data 
  hub_homolog_fastapi_mock: /var/lib/envioMassa_homologacao/infra/hub/mocks/fastapi-mock hub_homolog_mocklogs 
  hub_homolog_n8n_mock: /var/lib/envioMassa_homologacao/infra/hub/mocks/n8n-mock hub_homolog_mocklogs 
RESULTADO: PASS

==================================================================
ITEM 11 — Filas não compartilhadas (n/a — sem broker)
------------------------------------------------------------------
  nenhum broker no compose; n8n = mock local. RESULTADO: PASS (config)

==================================================================
ITEM 12 — Cache não compartilhado (n/a — sem redis)
------------------------------------------------------------------
  nenhum cache externo no compose. RESULTADO: PASS (config)

==================================================================
ITEM 13 — Sessões não compartilhadas (JWT do hub inválido fora dele)
------------------------------------------------------------------
  token assinado com secret do hub, verificado com o MESMO secret: true
  verificado com OUTRO secret (ex.: o de produção): false
  + JWT_SECRET do hub distinto de produção (item 6) e cookie em domínio distinto (item 8)
RESULTADO: PASS (verificação cruzada falha por construção)

==================================================================
ITEM 14 — Webhooks não apontam para produção
------------------------------------------------------------------
  matches de 'moveelog' no env real (esperado 0):
    0
  matches de 'todo-tips' no env real (nomes de var apenas; exceções §4.4 = subdomínio hub + registry):
    HUB_DOMAIN=hub-homolog.todo-tips.com
RESULTADO: PASS (0 moveelog; todo-tips só no HUB_DOMAIN)

==================================================================
ITEM 15 — Nenhuma mensagem real (mock n8n registra, nada sai)
------------------------------------------------------------------
  resposta: {"ok":true,"mock":true,"delivered":false}  log do mock: {"ts":"2026-07-10T02:33:20.328Z","mock":"n8n","method":"POST","path":"/webhook/envio-massa","payload":{"mensagem":"evidencia item 15","destinatario":"5511988887777"},"note":"MENSAGEM NAO ENVIADA (mock) — registro para evidencia"}
RESULTADO: PASS (payload registrado; delivered=false; token real ausente por construção)

==================================================================
ITEM 16 — Nenhum dado real modificado (homolog só tem SchemaMigration)
------------------------------------------------------------------
                  List of relations
 Schema |         Name          | Type  |    Owner    
--------+-----------------------+-------+-------------
 public | Auditoria             | table | hub_homolog
 public | ContaMotorista        | table | hub_homolog
 public | Empresa               | table | hub_homolog
 public | EmpresaGrupoMovee     | table | hub_homolog
 public | Entregador            | table | hub_homolog
 public | EnvioMassa            | table | hub_homolog
 public | FaturamentoLancamento | table | hub_homolog
 public | Grupo                 | table | hub_homolog
 public | ImportacaoArquivo     | table | hub_homolog
 public | ImportacaoLinhaErro   | table | hub_homolog
 public | Modulo                | table | hub_homolog
 public | ModuloEntidade        | table | hub_homolog
 public | Motorista             | table | hub_homolog
 public | Papel                 | table | hub_homolog
 public | PapelPermissao        | table | hub_homolog
 public | PerformanceTurno      | table | hub_homolog
 public | Permissao             | table | hub_homolog
 public | ProcessControl        | table | hub_homolog
 public | SchemaMigration       | table | hub_homolog
 public | SessaoRefresh         | table | hub_homolog
 public | Usuario               | table | hub_homolog
 public | UsuarioEntidade       | table | hub_homolog
(22 rows)

SchemaMigration: 40
  seeds anonimizados existem apenas em arquivos gitignored + ambientes efêmeros
RESULTADO: PASS (+ item 1 do operador para o lado de produção)

==================================================================
ITEM 17 — Migrations só em homolog
------------------------------------------------------------------
 id |                      nome                      |          aplicado_em          
----+------------------------------------------------+-------------------------------
  1 | 0000_schema_migration.sql                      | 2026-07-06 00:47:07.7287+00
  2 | 0001_postgrest_roles.sql                       | 2026-07-06 00:47:08.279678+00
  3 | 0002_usuario.sql                               | 2026-07-06 05:17:33.306439+00
  4 | 0003_papel_permissao_modulo.sql                | 2026-07-06 05:17:33.684089+00
  5 | 0004_auditoria.sql                             | 2026-07-06 05:17:34.002734+00
  6 | 0005_sessao_refresh.sql                        | 2026-07-06 05:17:34.315101+00
  7 | 0006_rls_policies.sql                          | 2026-07-06 05:17:34.63646+00
  8 | 0007_seed_papeis_permissoes_modulos.sql        | 2026-07-06 05:17:34.963802+00
  9 | 0008_migracao_empresa_para_usuario.sql         | 2026-07-06 05:17:35.280663+00
 10 | 0009_rls_hardening_indices.sql                 | 2026-07-06 12:48:44.974518+00
 11 | 0010_entregador.sql                            | 2026-07-07 19:43:27.184177+00
 12 | 0011_importacao_arquivo.sql                    | 2026-07-07 19:43:27.496617+00
 13 | 0012_importacao_linha_erro.sql                 | 2026-07-07 19:43:27.861003+00
 14 | 0013_faturamento_lancamento.sql                | 2026-07-07 19:43:28.187754+00
 15 | 0014_performance_turno.sql                     | 2026-07-07 19:43:28.519904+00
 16 | 0015_rls_importacoes.sql                       | 2026-07-07 19:43:28.836281+00
 17 | 0016_seed_importacoes_exportar.sql             | 2026-07-07 19:43:29.14845+00
 18 | 0017_grant_delete_importacao_linha_erro.sql    | 2026-07-07 22:14:17.623022+00
 19 | 0018_dedupe_erro_recuperacao_orfa.sql          | 2026-07-08 01:01:39.229054+00
 20 | 0019_entregador_edicao_manual.sql              | 2026-07-08 04:43:46.938533+00
 21 | 0020_fatos_indices_subpraca.sql                | 2026-07-08 04:43:47.237207+00
 22 | 0021_conta_motorista.sql                       | 2026-07-08 04:43:47.589745+00
 23 | 0022_empresa_grupo_movee.sql                   | 2026-07-08 04:43:47.901705+00
 24 | 0023_motoristas_rpc_candidatos.sql             | 2026-07-08 04:43:48.230049+00
 25 | 0024_areas_por_entregador.sql                  | 2026-07-08 05:21:52.535032+00
 26 | 0025_entregador_protege_nome_apenas_import.sql | 2026-07-08 12:26:17.406242+00
 27 | 0026_seed_permissao_faturamento_listar.sql     | 2026-07-08 15:42:13.456175+00
 28 | 0027_hub_faturamento_rpc_resumo.sql            | 2026-07-08 15:42:13.757074+00
 29 | 0028_mv_faturamento_dia.sql                    | 2026-07-08 18:00:25.384377+00
 30 | 0029_seed_permissao_performance_listar.sql     | 2026-07-08 20:39:01.085417+00
 31 | 0030_hub_performance_rpc_resumo.sql            | 2026-07-08 20:39:01.406511+00
 32 | 0031_mv_performance_dia.sql                    | 2026-07-08 23:35:52.07312+00
 33 | 0032_seed_permissao_envio_massa_gerenciar.sql  | 2026-07-09 06:11:13.954226+00
 34 | 0033_schema_legado_envio_massa.sql             | 2026-07-09 07:08:18.827208+00
 35 | 0034_seed_legado_envio_massa_teste.sql         | 2026-07-09 07:08:19.139077+00
 36 | 0035_auditoria_visao_global.sql                | 2026-07-09 21:24:33.515325+00
 37 | 0036_moduloentidade_escrita_admin.sql          | 2026-07-09 21:24:33.850449+00
 38 | 0037_rpc_papel_permissao_set.sql               | 2026-07-09 21:24:34.175822+00
 39 | 0038_seed_modulos_admin_qa.sql                 | 2026-07-09 21:24:34.483589+00
 40 | 0039_usuarioentidade_escrita_admin.sql         | 2026-07-09 22:23:11.87325+00
(40 rows)

AÇÃO DO OPERADOR (em produção, somente leitura):
  SELECT to_regclass('public."SchemaMigration"');   -- esperado: NULL
RESULTADO: PASS-parcial (hub tem a série; inexistência em produção = operador —
executado sob autorização em 2026-07-06, resultado NULL, ver evidência 06)

==================================================================
ITEM 18 — Identificação visual do ambiente
------------------------------------------------------------------
  (S1 = placeholder; a partir da S2 o frontend do hub assume o banner §13.2)
RESULTADO: PASS (versão S1)

==================================================================
ITEM 19 — Homolog não alcança produção (rede docker, não porta pública)
------------------------------------------------------------------
  membros hub_* nas redes de produção (esperado: nenhum):
    rede pgadmin: nenhum membro hub_*
    rede app_homologacao_default: nenhum membro hub_*
    rede fastapi_homologacao: nenhum membro hub_*
    rede fastapi_homologacao_nexus: nenhum membro hub_*
    rede network_main: nenhum membro hub_*
  de DENTRO de hub_homolog_db (rede internal):
    resolve pgadmin_db: NÃO (esperado)
    conexão TCP ao IP do banco de produção (10.0.5.11:5432): FALHOU (esperado)
    saída à internet: NÃO (rede internal, esperado)
RESULTADO: PASS (nenhum membro hub_* nas pgadmin, app_homologacao_default, fastapi_homologacao, fastapi_homologacao_nexus, network_main; conexões impossíveis a partir do hub)

==================================================================
ITEM 20 — Backup/restauração funciona
------------------------------------------------------------------
  ver execução de infra/hub/scripts/backup.sh + restore.sh (evidência própria):
  total 276
  drwxr-xr-x 2 root root   4096 Jul  9 03:00 .
  drwxr-xr-x 1 root root   4096 Jul  6 00:53 ..
  -rw-r--r-- 1 root root   3612 Jul  6 03:00 hub_homolog_20260706_030000.dump
  -rw-r--r-- 1 root root  38225 Jul  7 03:00 hub_homolog_20260707_030000.dump
  -rw-r--r-- 1 root root  73523 Jul  8 03:00 hub_homolog_20260708_030000.dump
  -rw-r--r-- 1 root root 136755 Jul  9 03:00 hub_homolog_20260709_030000.dump
  -rw-r--r-- 1 root root   3612 Jul  6 00:49 hub_homolog_manual_20260706_004902.dump
  -rw-r--r-- 1 root root   3612 Jul  6 00:54 hub_homolog_manual_20260706_005410.dump
  -rw-r--r-- 1 root root   3612 Jul  6 01:33 hub_homolog_manual_20260706_013327.dump
  -rw-r--r-- 1 root root   3612 Jul  6 01:34 hub_homolog_manual_20260706_013410.dump
RESULTADO: PASS (restore com contagens iguais — comando re-executável)

== FIM — nenhum item automatizado falhou (FAILS=0) ==
