
up to date in 859ms

Running 60 tests using 1 worker

AXE_RESULT tela="/hub/login" score=100 violacoes=0 detalhe=[]
  ✓   1 [chromium] › tests/e2e-hub-browser/axe-telas.spec.ts:51:7 › 6.3 — axe ≥95 nas telas novas do shell (públicas, sem sessão) › /hub/login (959ms)
AXE_RESULT tela="/hub/recuperar-senha" score=100 violacoes=0 detalhe=[]
  ✓   2 [chromium] › tests/e2e-hub-browser/axe-telas.spec.ts:57:7 › 6.3 — axe ≥95 nas telas novas do shell (públicas, sem sessão) › /hub/recuperar-senha (850ms)
AXE_RESULT tela="/hub/redefinir-senha" score=100 violacoes=0 detalhe=[]
  ✓   3 [chromium] › tests/e2e-hub-browser/axe-telas.spec.ts:63:7 › 6.3 — axe ≥95 nas telas novas do shell (públicas, sem sessão) › /hub/redefinir-senha (853ms)
AXE_RESULT tela="/selecionar-entidade" score=100 violacoes=0 detalhe=[]
  ✓   4 [chromium] › tests/e2e-hub-browser/axe-telas.spec.ts:73:7 › 6.3 — axe ≥95 nas telas novas do shell (autenticadas, storageState admin) › /selecionar-entidade (ramo escolha, 2 vínculos) (843ms)
AXE_RESULT tela="/hub/dashboard" score=100 violacoes=0 detalhe=[]
  ✓   5 [chromium] › tests/e2e-hub-browser/axe-telas.spec.ts:84:7 › 6.3 — axe ≥95 nas telas novas do shell (autenticadas, storageState operador) › /hub/dashboard (1.1s)
AXE_RESULT tela="/hub/dashboard/perfil" score=100 violacoes=0 detalhe=[]
  ✓   6 [chromium] › tests/e2e-hub-browser/axe-telas.spec.ts:90:7 › 6.3 — axe ≥95 nas telas novas do shell (autenticadas, storageState operador) › /hub/dashboard/perfil (931ms)
AXE_CONTRASTE tela="/hub/dashboard" tema=dark violacoes=0
  ✓   7 [chromium] › tests/e2e-hub-browser/contraste-telas-migradas.spec.ts:41:11 › 6.1 — auditoria de contraste (color-contrast) nas telas migradas, 2 temas › dashboard — tema dark (997ms)
AXE_CONTRASTE tela="/hub/dashboard" tema=light violacoes=0
  ✓   8 [chromium] › tests/e2e-hub-browser/contraste-telas-migradas.spec.ts:41:11 › 6.1 — auditoria de contraste (color-contrast) nas telas migradas, 2 temas › dashboard — tema light (1.0s)
AXE_CONTRASTE tela="/hub/dashboard/performance" tema=dark violacoes=0
  ✓   9 [chromium] › tests/e2e-hub-browser/contraste-telas-migradas.spec.ts:41:11 › 6.1 — auditoria de contraste (color-contrast) nas telas migradas, 2 temas › performance (kpi-card) — tema dark (1.0s)
AXE_CONTRASTE tela="/hub/dashboard/performance" tema=light violacoes=0
  ✓  10 [chromium] › tests/e2e-hub-browser/contraste-telas-migradas.spec.ts:41:11 › 6.1 — auditoria de contraste (color-contrast) nas telas migradas, 2 temas › performance (kpi-card) — tema light (1.2s)
AXE_CONTRASTE tela="/hub/dashboard/faturamento" tema=dark violacoes=0
  ✓  11 [chromium] › tests/e2e-hub-browser/contraste-telas-migradas.spec.ts:41:11 › 6.1 — auditoria de contraste (color-contrast) nas telas migradas, 2 temas › faturamento (kpi-card) — tema dark (993ms)
AXE_CONTRASTE tela="/hub/dashboard/faturamento" tema=light violacoes=0
  ✓  12 [chromium] › tests/e2e-hub-browser/contraste-telas-migradas.spec.ts:41:11 › 6.1 — auditoria de contraste (color-contrast) nas telas migradas, 2 temas › faturamento (kpi-card) — tema light (1.3s)
AXE_CONTRASTE tela="/hub/dashboard/motoristas" tema=dark violacoes=0
  ✓  13 [chromium] › tests/e2e-hub-browser/contraste-telas-migradas.spec.ts:41:11 › 6.1 — auditoria de contraste (color-contrast) nas telas migradas, 2 temas › motoristas (filter-bar) — tema dark (877ms)
AXE_CONTRASTE tela="/hub/dashboard/motoristas" tema=light violacoes=0
  ✓  14 [chromium] › tests/e2e-hub-browser/contraste-telas-migradas.spec.ts:41:11 › 6.1 — auditoria de contraste (color-contrast) nas telas migradas, 2 temas › motoristas (filter-bar) — tema light (989ms)
AXE_CONTRASTE tela="/hub/dashboard/importacoes" tema=dark violacoes=0
  ✓  15 [chromium] › tests/e2e-hub-browser/contraste-telas-migradas.spec.ts:41:11 › 6.1 — auditoria de contraste (color-contrast) nas telas migradas, 2 temas › importações (filter-bar) — tema dark (955ms)
AXE_CONTRASTE tela="/hub/dashboard/importacoes" tema=light violacoes=0
  ✓  16 [chromium] › tests/e2e-hub-browser/contraste-telas-migradas.spec.ts:41:11 › 6.1 — auditoria de contraste (color-contrast) nas telas migradas, 2 temas › importações (filter-bar) — tema light (1.1s)
AXE_CONTRASTE tela="/hub/dashboard/usuarios" tema=dark violacoes=0
  ✓  17 [chromium] › tests/e2e-hub-browser/contraste-telas-migradas.spec.ts:41:11 › 6.1 — auditoria de contraste (color-contrast) nas telas migradas, 2 temas › usuários (filter-bar) — tema dark (978ms)
AXE_CONTRASTE tela="/hub/dashboard/usuarios" tema=light violacoes=0
  ✓  18 [chromium] › tests/e2e-hub-browser/contraste-telas-migradas.spec.ts:41:11 › 6.1 — auditoria de contraste (color-contrast) nas telas migradas, 2 temas › usuários (filter-bar) — tema light (1.1s)
  ✘  19 [chromium] › tests/e2e-hub-browser/impeccable-rodada3.spec.ts:34:9 › impeccable rodada 3 — A) filtro de período com presets › /hub/dashboard/auditoria: os 4 chips existem e "Este mês" preenche de/até (10.7s)
  ✘  20 [chromium] › tests/e2e-hub-browser/impeccable-rodada3.spec.ts:34:9 › impeccable rodada 3 — A) filtro de período com presets › /hub/dashboard/importacoes: os 4 chips existem e "Este mês" preenche de/até (10.8s)
  ✘  21 [chromium] › tests/e2e-hub-browser/impeccable-rodada3.spec.ts:34:9 › impeccable rodada 3 — A) filtro de período com presets › /hub/dashboard/performance: os 4 chips existem e "Este mês" preenche de/até (10.8s)
  ✘  22 [chromium] › tests/e2e-hub-browser/impeccable-rodada3.spec.ts:34:9 › impeccable rodada 3 — A) filtro de período com presets › /hub/dashboard/faturamento: os 4 chips existem e "Este mês" preenche de/até (10.9s)
  ✓  23 [chromium] › tests/e2e-hub-browser/impeccable-rodada3.spec.ts:62:7 › impeccable rodada 3 — A) filtro de período com presets › o intervalo é ecoado em pt-BR (DD/MM/AAAA), não no formato do browser (601ms)
  ✓  24 [chromium] › tests/e2e-hub-browser/impeccable-rodada3.spec.ts:73:7 › impeccable rodada 3 — A) filtro de período com presets › intervalo invertido é acusado com role=alert, nomeando problema e recuperação (542ms)
  ✓  25 [chromium] › tests/e2e-hub-browser/impeccable-rodada3.spec.ts:86:7 › impeccable rodada 3 — A) filtro de período com presets › "Todo o período" limpa as duas pontas de uma vez (644ms)
  ✓  26 [chromium] › tests/e2e-hub-browser/impeccable-rodada3.spec.ts:96:7 › impeccable rodada 3 — A) filtro de período com presets › mobile 390px: os chips não estouram a largura da viewport (386ms)
  ✓  27 [chromium] › tests/e2e-hub-browser/impeccable-rodada3.spec.ts:112:7 › impeccable rodada 3 — B) ajuda contextual (h10) › cada card do dashboard diz o que o módulo faz, não só o nome (448ms)
  ✓  28 [chromium] › tests/e2e-hub-browser/impeccable-rodada3.spec.ts:130:7 › impeccable rodada 3 — B) ajuda contextual (h10) › a descrição tem contraste de texto secundário legível (>= 4.5:1) (423ms)
  ✓  29 [chromium] › tests/e2e-hub-browser/impeccable-rodada3.spec.ts:165:7 › impeccable rodada 3 — B) ajuda contextual (h10) › o cabeçalho do dashboard nomeia a entidade em operação (387ms)
  ✓  30 [chromium] › tests/e2e-hub-browser/impeccable-rodada3.spec.ts:179:7 › impeccable rodada 3 — C) combobox de entidade na auditoria (h6) › o filtro de entidade deixou de ser campo numérico e virou combobox (417ms)
  ✓  31 [chromium] › tests/e2e-hub-browser/impeccable-rodada3.spec.ts:196:7 › impeccable rodada 3 — C) combobox de entidade na auditoria (h6) › admin: o combobox lista as entidades do usuário com nome, buscáveis por texto (564ms)
  ✓  32 [chromium] › tests/e2e-hub-browser/impeccable-rodada3.spec.ts:226:7 › impeccable rodada 3 — D) --font-mono real › a utility font-mono não cai na Jakarta (proporcional) e monoespaça de fato (454ms)
  ✓  33 [chromium] › tests/e2e-hub-browser/impeccable-rodada4.spec.ts:28:9 › impeccable rodada 4 — A) paginação com idioma único (h4) › /hub/dashboard/auditoria: usa o componente compartilhado, não o rodapé artesanal (504ms)
  ✘  34 [chromium] › tests/e2e-hub-browser/impeccable-rodada4.spec.ts:28:9 › impeccable rodada 4 — A) paginação com idioma único (h4) › /hub/dashboard/importacoes: usa o componente compartilhado, não o rodapé artesanal (10.4s)
  ✓  35 [chromium] › tests/e2e-hub-browser/impeccable-rodada4.spec.ts:28:9 › impeccable rodada 4 — A) paginação com idioma único (h4) › /hub/dashboard/usuarios: usa o componente compartilhado, não o rodapé artesanal (590ms)
  ✘  36 [chromium] › tests/e2e-hub-browser/impeccable-rodada4.spec.ts:28:9 › impeccable rodada 4 — A) paginação com idioma único (h4) › /hub/dashboard/motoristas: usa o componente compartilhado, não o rodapé artesanal (10.4s)
  ✘  37 [chromium] › tests/e2e-hub-browser/impeccable-rodada4.spec.ts:28:9 › impeccable rodada 4 — A) paginação com idioma único (h4) › /hub/dashboard/faturamento: usa o componente compartilhado, não o rodapé artesanal (10.5s)
  ✘  38 [chromium] › tests/e2e-hub-browser/impeccable-rodada4.spec.ts:28:9 › impeccable rodada 4 — A) paginação com idioma único (h4) › /hub/dashboard/performance: usa o componente compartilhado, não o rodapé artesanal (10.4s)
  ✘  39 [chromium] › tests/e2e-hub-browser/impeccable-rodada4.spec.ts:44:7 › impeccable rodada 4 — A) paginação com idioma único (h4) › a página atual é anunciada com aria-current (10.4s)
  ✘  40 [chromium] › tests/e2e-hub-browser/impeccable-rodada4.spec.ts:51:7 › impeccable rodada 4 — A) paginação com idioma único (h4) › as telas do hub NÃO oferecem "por página" (paginam server-side com tamanho fixo) (10.4s)
  ✘  41 [chromium] › tests/e2e-hub-browser/impeccable-rodada4.spec.ts:59:7 › impeccable rodada 4 — A) paginação com idioma único (h4) › mobile 390px: a paginação não estoura a largura da viewport (10.4s)
  ✓  42 [chromium] › tests/e2e-hub-browser/impeccable-rodada4.spec.ts:80:7 › impeccable rodada 4 — B) persistência declarada no Sheet (h3/h9) › cada bloco diz QUANDO o que está nele passa a valer (803ms)
  ✓  43 [chromium] › tests/e2e-hub-browser/impeccable-rodada4.spec.ts:89:7 › impeccable rodada 4 — B) persistência declarada no Sheet (h3/h9) › sem edição pendente, Salvar dados fica desabilitado e Fechar é só Fechar (574ms)
  ✓  44 [chromium] › tests/e2e-hub-browser/impeccable-rodada4.spec.ts:99:7 › impeccable rodada 4 — B) persistência declarada no Sheet (h3/h9) › com edição pendente, o painel avisa e o botão de sair diz que vai descartar (707ms)
  ✓  45 [chromium] › tests/e2e-hub-browser/impeccable-rodada4.spec.ts:112:7 › impeccable rodada 4 — B) persistência declarada no Sheet (h3/h9) › desfazer a edição volta ao estado limpo (compara com o carregado, não com um snapshot) (616ms)
  ✓  46 [chromium] › tests/e2e-hub-browser/impeccable-rodada4.spec.ts:131:7 › impeccable rodada 4 — C) filtro de pessoa por nome (h6) › auditoria: o campo de ID cru deu lugar a um combobox (422ms)
  ✓  47 [chromium] › tests/e2e-hub-browser/impeccable-rodada4.spec.ts:143:7 › impeccable rodada 4 — C) filtro de pessoa por nome (h6) › auditoria: abrir o combobox lista pessoas por nome e e-mail (696ms)
  ✓  48 [chromium] › tests/e2e-hub-browser/impeccable-rodada4.spec.ts:152:7 › impeccable rodada 4 — C) filtro de pessoa por nome (h6) › importações: o filtro de responsável também deixou de pedir ID decorado (434ms)
  ✓  49 [chromium] › tests/e2e-hub-browser/impeccable-rodada4.spec.ts:162:7 › impeccable rodada 4 — C) filtro de pessoa por nome (h6) › 403 na listagem: degrada para campo de ID em vez de quebrar o filtro (545ms)
  ✓  50 [chromium] › tests/e2e-hub-browser/menus-por-papel.spec.ts:43:9 › 6.2.1 — ModuleNav difere por papel (FR-001/SC-001) › admin_entidade › vê os itens exclusivos (usuários + auditoria) (708ms)
  ✓  51 [chromium] › tests/e2e-hub-browser/menus-por-papel.spec.ts:59:9 › 6.2.1 — ModuleNav difere por papel (FR-001/SC-001) › operador › NÃO vê nenhum dos itens exclusivos (sem auditoria.consultar/usuarios.gerenciar) (499ms)
  ✓  52 [chromium] › tests/e2e-hub-browser/sessao-expira.spec.ts:29:7 › 6.2.5 — sessão expira em meio de ação (troca de entidade) -> redirect login › corromper accessToken mid-troca-de-entidade força logout e redirect para /hub/login (824ms)
  ✓  53 [chromium] › tests/e2e-hub-browser/sidebar-colapso.spec.ts:22:7 › 2.1.5 — sidebar colapsável: persistência e acessibilidade do tooltip › colapsar via topbar reduz a largura da sidebar fixa e persiste após recarregar (982ms)
  ✓  54 [chromium] › tests/e2e-hub-browser/sidebar-colapso.spec.ts:58:7 › 2.1.5 — sidebar colapsável: persistência e acessibilidade do tooltip › colapsada: tooltip com o nome do módulo aparece por foco de teclado E por hover (CHK001) (1.1s)
  ✓  55 [chromium] › tests/e2e-hub-browser/theme-toggle.spec.ts:17:7 › 3.1.3 — alternar tema: navegação e persistência › tema padrão é escuro (FR-008); alternar, navegar e recarregar preserva a escolha (723ms)
TROCA_ENTIDADE_TIMING_MS=267
  ✓  56 [chromium] › tests/e2e-hub-browser/troca-entidade-timing.spec.ts:19:7 › 6.2.3 — troca de entidade reflete em <5s, sem novo login (SC-003) › EntitySwitcher atualiza o rótulo exibido em menos de 5s (641ms)
  ✓  57 [chromium] › tests/e2e-hub-browser/white-label-simulacao.spec.ts:141:9 › 3.2 — validação de white-label simulado (SC-006/US2-AC3, sem seed de banco) › tema dark: injetar CSS vars do tenant simulado reflete em botão primário/sidebar ativa (1.3s)
  ✓  58 [chromium] › tests/e2e-hub-browser/white-label-simulacao.spec.ts:141:9 › 3.2 — validação de white-label simulado (SC-006/US2-AC3, sem seed de banco) › tema light: injetar CSS vars do tenant simulado reflete em botão primário/sidebar ativa (1.3s)
PROBE_CHIPS {"agoraBrowser":"Fri Aug 07 2026 00:29:06 GMT+0000 (Coordinated Universal Time)","de":"2026-08-01","ate":"2026-08-07","chips":["Hoje=false","7 dias=true","30 dias=false","Este mês=false"],"eco":"Exibindo de 01/08/2026 a 07/08/2026."}
  ✓  59 [chromium] › tests/e2e-hub-browser/zz-probe-r4.spec.ts:5:5 › probe chips (2.0s)
PROBE_PAG /hub/dashboard/importacoes {"temPaginacao":false,"vazio":true}
PROBE_PAG /hub/dashboard/motoristas {"temPaginacao":false,"vazio":true}
PROBE_PAG /hub/dashboard/auditoria {"temPaginacao":true,"vazio":false,"mostrando":"Mostrando 1-2 de 21"}
  ✓  60 [chromium] › tests/e2e-hub-browser/zz-probe-r4.spec.ts:24:5 › probe paginacao (4.1s)


  1) [chromium] › tests/e2e-hub-browser/impeccable-rodada3.spec.ts:34:9 › impeccable rodada 3 — A) filtro de período com presets › /hub/dashboard/auditoria: os 4 chips existem e "Este mês" preenche de/até 

    Error: expect(locator).toHaveAttribute(expected) failed

    Locator:  getByRole('button', { name: 'Este mês', exact: true })
    Expected: "true"
    Received: "false"
    Timeout:  10000ms

    Call log:
      - Expect "toHaveAttribute" with timeout 10000ms
      - waiting for getByRole('button', { name: 'Este mês', exact: true })
        24 × locator resolved to <button type="button" aria-pressed="false" title="Do dia 1º do mês corrente até hoje" class="min-h-8 rounded-full border px-2.5 text-xs font-medium transition-colors focus-visible:outline-none focus-visible:ring-2 focus-visible:ring-ring/50 border-border bg-background text-muted-foreground hover:border-primary/40 hover:bg-muted hover:text-foreground">Este mês</button>
           - unexpected value "false"


      56 |       await expect(campoAte).toHaveValue(iso(hoje));
      57 |       // E o chip acende sozinho, derivado do par (nenhum preset persistido).
    > 58 |       await expect(chipMes).toHaveAttribute('aria-pressed', 'true');
         |                             ^
      59 |     });
      60 |   }
      61 |
        at /work/tests/e2e-hub-browser/impeccable-rodada3.spec.ts:58:29

    attachment #1: screenshot (image/png) ──────────────────────────────────────────────────────────
    test-results/impeccable-rodada3-impecca-dc3d8--e-Este-mês-preenche-de-até-chromium/test-failed-1.png
    ────────────────────────────────────────────────────────────────────────────────────────────────

    Error Context: test-results/impeccable-rodada3-impecca-dc3d8--e-Este-mês-preenche-de-até-chromium/error-context.md

    attachment #3: trace (application/zip) ─────────────────────────────────────────────────────────
    test-results/impeccable-rodada3-impecca-dc3d8--e-Este-mês-preenche-de-até-chromium/trace.zip
    Usage:

        npx playwright show-trace test-results/impeccable-rodada3-impecca-dc3d8--e-Este-mês-preenche-de-até-chromium/trace.zip

    ────────────────────────────────────────────────────────────────────────────────────────────────

  2) [chromium] › tests/e2e-hub-browser/impeccable-rodada3.spec.ts:34:9 › impeccable rodada 3 — A) filtro de período com presets › /hub/dashboard/importacoes: os 4 chips existem e "Este mês" preenche de/até 

    Error: expect(locator).toHaveAttribute(expected) failed

    Locator:  getByRole('button', { name: 'Este mês', exact: true })
    Expected: "true"
    Received: "false"
    Timeout:  10000ms

    Call log:
      - Expect "toHaveAttribute" with timeout 10000ms
      - waiting for getByRole('button', { name: 'Este mês', exact: true })
        24 × locator resolved to <button type="button" aria-pressed="false" title="Do dia 1º do mês corrente até hoje" class="min-h-8 rounded-full border px-2.5 text-xs font-medium transition-colors focus-visible:outline-none focus-visible:ring-2 focus-visible:ring-ring/50 border-border bg-background text-muted-foreground hover:border-primary/40 hover:bg-muted hover:text-foreground">Este mês</button>
           - unexpected value "false"


      56 |       await expect(campoAte).toHaveValue(iso(hoje));
      57 |       // E o chip acende sozinho, derivado do par (nenhum preset persistido).
    > 58 |       await expect(chipMes).toHaveAttribute('aria-pressed', 'true');
         |                             ^
      59 |     });
      60 |   }
      61 |
        at /work/tests/e2e-hub-browser/impeccable-rodada3.spec.ts:58:29

    attachment #1: screenshot (image/png) ──────────────────────────────────────────────────────────
    test-results/impeccable-rodada3-impecca-4d463--e-Este-mês-preenche-de-até-chromium/test-failed-1.png
    ────────────────────────────────────────────────────────────────────────────────────────────────

    Error Context: test-results/impeccable-rodada3-impecca-4d463--e-Este-mês-preenche-de-até-chromium/error-context.md

    attachment #3: trace (application/zip) ─────────────────────────────────────────────────────────
    test-results/impeccable-rodada3-impecca-4d463--e-Este-mês-preenche-de-até-chromium/trace.zip
    Usage:

        npx playwright show-trace test-results/impeccable-rodada3-impecca-4d463--e-Este-mês-preenche-de-até-chromium/trace.zip

    ────────────────────────────────────────────────────────────────────────────────────────────────

  3) [chromium] › tests/e2e-hub-browser/impeccable-rodada3.spec.ts:34:9 › impeccable rodada 3 — A) filtro de período com presets › /hub/dashboard/performance: os 4 chips existem e "Este mês" preenche de/até 

    Error: expect(locator).toHaveAttribute(expected) failed

    Locator:  getByRole('button', { name: 'Este mês', exact: true })
    Expected: "true"
    Received: "false"
    Timeout:  10000ms

    Call log:
      - Expect "toHaveAttribute" with timeout 10000ms
      - waiting for getByRole('button', { name: 'Este mês', exact: true })
        24 × locator resolved to <button type="button" aria-pressed="false" title="Do dia 1º do mês corrente até hoje" class="min-h-8 rounded-full border px-2.5 text-xs font-medium transition-colors focus-visible:outline-none focus-visible:ring-2 focus-visible:ring-ring/50 border-border bg-background text-muted-foreground hover:border-primary/40 hover:bg-muted hover:text-foreground">Este mês</button>
           - unexpected value "false"


      56 |       await expect(campoAte).toHaveValue(iso(hoje));
      57 |       // E o chip acende sozinho, derivado do par (nenhum preset persistido).
    > 58 |       await expect(chipMes).toHaveAttribute('aria-pressed', 'true');
         |                             ^
      59 |     });
      60 |   }
      61 |
        at /work/tests/e2e-hub-browser/impeccable-rodada3.spec.ts:58:29

    attachment #1: screenshot (image/png) ──────────────────────────────────────────────────────────
    test-results/impeccable-rodada3-impecca-0f2b1--e-Este-mês-preenche-de-até-chromium/test-failed-1.png
    ────────────────────────────────────────────────────────────────────────────────────────────────

    Error Context: test-results/impeccable-rodada3-impecca-0f2b1--e-Este-mês-preenche-de-até-chromium/error-context.md

    attachment #3: trace (application/zip) ─────────────────────────────────────────────────────────
    test-results/impeccable-rodada3-impecca-0f2b1--e-Este-mês-preenche-de-até-chromium/trace.zip
    Usage:

        npx playwright show-trace test-results/impeccable-rodada3-impecca-0f2b1--e-Este-mês-preenche-de-até-chromium/trace.zip

    ────────────────────────────────────────────────────────────────────────────────────────────────

  4) [chromium] › tests/e2e-hub-browser/impeccable-rodada3.spec.ts:34:9 › impeccable rodada 3 — A) filtro de período com presets › /hub/dashboard/faturamento: os 4 chips existem e "Este mês" preenche de/até 

    Error: expect(locator).toHaveAttribute(expected) failed

    Locator:  getByRole('button', { name: 'Este mês', exact: true })
    Expected: "true"
    Received: "false"
    Timeout:  10000ms

    Call log:
      - Expect "toHaveAttribute" with timeout 10000ms
      - waiting for getByRole('button', { name: 'Este mês', exact: true })
        24 × locator resolved to <button type="button" aria-pressed="false" title="Do dia 1º do mês corrente até hoje" class="min-h-8 rounded-full border px-2.5 text-xs font-medium transition-colors focus-visible:outline-none focus-visible:ring-2 focus-visible:ring-ring/50 border-border bg-background text-muted-foreground hover:border-primary/40 hover:bg-muted hover:text-foreground">Este mês</button>
           - unexpected value "false"


      56 |       await expect(campoAte).toHaveValue(iso(hoje));
      57 |       // E o chip acende sozinho, derivado do par (nenhum preset persistido).
    > 58 |       await expect(chipMes).toHaveAttribute('aria-pressed', 'true');
         |                             ^
      59 |     });
      60 |   }
      61 |
        at /work/tests/e2e-hub-browser/impeccable-rodada3.spec.ts:58:29

    attachment #1: screenshot (image/png) ──────────────────────────────────────────────────────────
    test-results/impeccable-rodada3-impecca-796be--e-Este-mês-preenche-de-até-chromium/test-failed-1.png
    ────────────────────────────────────────────────────────────────────────────────────────────────

    Error Context: test-results/impeccable-rodada3-impecca-796be--e-Este-mês-preenche-de-até-chromium/error-context.md

    attachment #3: trace (application/zip) ─────────────────────────────────────────────────────────
    test-results/impeccable-rodada3-impecca-796be--e-Este-mês-preenche-de-até-chromium/trace.zip
    Usage:

        npx playwright show-trace test-results/impeccable-rodada3-impecca-796be--e-Este-mês-preenche-de-até-chromium/trace.zip

    ────────────────────────────────────────────────────────────────────────────────────────────────

  5) [chromium] › tests/e2e-hub-browser/impeccable-rodada4.spec.ts:28:9 › impeccable rodada 4 — A) paginação com idioma único (h4) › /hub/dashboard/importacoes: usa o componente compartilhado, não o rodapé artesanal 

    Error: expect(locator).toBeVisible() failed

    Locator: getByRole('button', { name: 'Página anterior' })
    Expected: visible
    Timeout: 10000ms
    Error: element(s) not found

    Call log:
      - Expect "toBeVisible" with timeout 10000ms
      - waiting for getByRole('button', { name: 'Página anterior' })


      30 |
      31 |       // O idioma novo: botões de ícone com rótulo acessível.
    > 32 |       await expect(page.getByRole('button', { name: 'Página anterior' })).toBeVisible();
         |                                                                           ^
      33 |       await expect(page.getByRole('button', { name: 'Próxima página' })).toBeVisible();
      34 |
      35 |       // O idioma antigo sumiu — botões de TEXTO "Anterior"/"Próxima".
        at /work/tests/e2e-hub-browser/impeccable-rodada4.spec.ts:32:75

    attachment #1: screenshot (image/png) ──────────────────────────────────────────────────────────
    test-results/impeccable-rodada4-impecca-dc040-hado-não-o-rodapé-artesanal-chromium/test-failed-1.png
    ────────────────────────────────────────────────────────────────────────────────────────────────

    Error Context: test-results/impeccable-rodada4-impecca-dc040-hado-não-o-rodapé-artesanal-chromium/error-context.md

    attachment #3: trace (application/zip) ─────────────────────────────────────────────────────────
    test-results/impeccable-rodada4-impecca-dc040-hado-não-o-rodapé-artesanal-chromium/trace.zip
    Usage:

        npx playwright show-trace test-results/impeccable-rodada4-impecca-dc040-hado-não-o-rodapé-artesanal-chromium/trace.zip

    ────────────────────────────────────────────────────────────────────────────────────────────────

  6) [chromium] › tests/e2e-hub-browser/impeccable-rodada4.spec.ts:28:9 › impeccable rodada 4 — A) paginação com idioma único (h4) › /hub/dashboard/motoristas: usa o componente compartilhado, não o rodapé artesanal 

    Error: expect(locator).toBeVisible() failed

    Locator: getByRole('button', { name: 'Página anterior' })
    Expected: visible
    Timeout: 10000ms
    Error: element(s) not found

    Call log:
      - Expect "toBeVisible" with timeout 10000ms
      - waiting for getByRole('button', { name: 'Página anterior' })


      30 |
      31 |       // O idioma novo: botões de ícone com rótulo acessível.
    > 32 |       await expect(page.getByRole('button', { name: 'Página anterior' })).toBeVisible();
         |                                                                           ^
      33 |       await expect(page.getByRole('button', { name: 'Próxima página' })).toBeVisible();
      34 |
      35 |       // O idioma antigo sumiu — botões de TEXTO "Anterior"/"Próxima".
        at /work/tests/e2e-hub-browser/impeccable-rodada4.spec.ts:32:75

    attachment #1: screenshot (image/png) ──────────────────────────────────────────────────────────
    test-results/impeccable-rodada4-impecca-e5905-hado-não-o-rodapé-artesanal-chromium/test-failed-1.png
    ────────────────────────────────────────────────────────────────────────────────────────────────

    Error Context: test-results/impeccable-rodada4-impecca-e5905-hado-não-o-rodapé-artesanal-chromium/error-context.md

    attachment #3: trace (application/zip) ─────────────────────────────────────────────────────────
    test-results/impeccable-rodada4-impecca-e5905-hado-não-o-rodapé-artesanal-chromium/trace.zip
    Usage:

        npx playwright show-trace test-results/impeccable-rodada4-impecca-e5905-hado-não-o-rodapé-artesanal-chromium/trace.zip

    ────────────────────────────────────────────────────────────────────────────────────────────────

  7) [chromium] › tests/e2e-hub-browser/impeccable-rodada4.spec.ts:28:9 › impeccable rodada 4 — A) paginação com idioma único (h4) › /hub/dashboard/faturamento: usa o componente compartilhado, não o rodapé artesanal 

    Error: expect(locator).toBeVisible() failed

    Locator: getByRole('button', { name: 'Página anterior' })
    Expected: visible
    Timeout: 10000ms
    Error: element(s) not found

    Call log:
      - Expect "toBeVisible" with timeout 10000ms
      - waiting for getByRole('button', { name: 'Página anterior' })


      30 |
      31 |       // O idioma novo: botões de ícone com rótulo acessível.
    > 32 |       await expect(page.getByRole('button', { name: 'Página anterior' })).toBeVisible();
         |                                                                           ^
      33 |       await expect(page.getByRole('button', { name: 'Próxima página' })).toBeVisible();
      34 |
      35 |       // O idioma antigo sumiu — botões de TEXTO "Anterior"/"Próxima".
        at /work/tests/e2e-hub-browser/impeccable-rodada4.spec.ts:32:75

    attachment #1: screenshot (image/png) ──────────────────────────────────────────────────────────
    test-results/impeccable-rodada4-impecca-a0348-hado-não-o-rodapé-artesanal-chromium/test-failed-1.png
    ────────────────────────────────────────────────────────────────────────────────────────────────

    Error Context: test-results/impeccable-rodada4-impecca-a0348-hado-não-o-rodapé-artesanal-chromium/error-context.md

    attachment #3: trace (application/zip) ─────────────────────────────────────────────────────────
    test-results/impeccable-rodada4-impecca-a0348-hado-não-o-rodapé-artesanal-chromium/trace.zip
    Usage:

        npx playwright show-trace test-results/impeccable-rodada4-impecca-a0348-hado-não-o-rodapé-artesanal-chromium/trace.zip

    ────────────────────────────────────────────────────────────────────────────────────────────────

  8) [chromium] › tests/e2e-hub-browser/impeccable-rodada4.spec.ts:28:9 › impeccable rodada 4 — A) paginação com idioma único (h4) › /hub/dashboard/performance: usa o componente compartilhado, não o rodapé artesanal 

    Error: expect(locator).toBeVisible() failed

    Locator: getByRole('button', { name: 'Página anterior' })
    Expected: visible
    Timeout: 10000ms
    Error: element(s) not found

    Call log:
      - Expect "toBeVisible" with timeout 10000ms
      - waiting for getByRole('button', { name: 'Página anterior' })


      30 |
      31 |       // O idioma novo: botões de ícone com rótulo acessível.
    > 32 |       await expect(page.getByRole('button', { name: 'Página anterior' })).toBeVisible();
         |                                                                           ^
      33 |       await expect(page.getByRole('button', { name: 'Próxima página' })).toBeVisible();
      34 |
      35 |       // O idioma antigo sumiu — botões de TEXTO "Anterior"/"Próxima".
        at /work/tests/e2e-hub-browser/impeccable-rodada4.spec.ts:32:75

    attachment #1: screenshot (image/png) ──────────────────────────────────────────────────────────
    test-results/impeccable-rodada4-impecca-3d2b6-hado-não-o-rodapé-artesanal-chromium/test-failed-1.png
    ────────────────────────────────────────────────────────────────────────────────────────────────

    Error Context: test-results/impeccable-rodada4-impecca-3d2b6-hado-não-o-rodapé-artesanal-chromium/error-context.md

    attachment #3: trace (application/zip) ─────────────────────────────────────────────────────────
    test-results/impeccable-rodada4-impecca-3d2b6-hado-não-o-rodapé-artesanal-chromium/trace.zip
    Usage:

        npx playwright show-trace test-results/impeccable-rodada4-impecca-3d2b6-hado-não-o-rodapé-artesanal-chromium/trace.zip

    ────────────────────────────────────────────────────────────────────────────────────────────────

  9) [chromium] › tests/e2e-hub-browser/impeccable-rodada4.spec.ts:44:7 › impeccable rodada 4 — A) paginação com idioma único (h4) › a página atual é anunciada com aria-current 

    Error: expect(locator).toHaveCount(expected) failed

    Locator:  locator('button[aria-current="page"]')
    Expected: 1
    Received: 0
    Timeout:  10000ms

    Call log:
      - Expect "toHaveCount" with timeout 10000ms
      - waiting for locator('button[aria-current="page"]')
        24 × locator resolved to 0 elements
           - unexpected value "0"


      45 |     await page.goto('/hub/dashboard/motoristas');
      46 |     const atual = page.locator('button[aria-current="page"]');
    > 47 |     await expect(atual).toHaveCount(1);
         |                         ^
      48 |     await expect(atual).toHaveText('1');
      49 |   });
      50 |
        at /work/tests/e2e-hub-browser/impeccable-rodada4.spec.ts:47:25

    attachment #1: screenshot (image/png) ──────────────────────────────────────────────────────────
    test-results/impeccable-rodada4-impecca-15e19--anunciada-com-aria-current-chromium/test-failed-1.png
    ────────────────────────────────────────────────────────────────────────────────────────────────

    Error Context: test-results/impeccable-rodada4-impecca-15e19--anunciada-com-aria-current-chromium/error-context.md

    attachment #3: trace (application/zip) ─────────────────────────────────────────────────────────
    test-results/impeccable-rodada4-impecca-15e19--anunciada-com-aria-current-chromium/trace.zip
    Usage:

        npx playwright show-trace test-results/impeccable-rodada4-impecca-15e19--anunciada-com-aria-current-chromium/trace.zip

    ────────────────────────────────────────────────────────────────────────────────────────────────

  10) [chromium] › tests/e2e-hub-browser/impeccable-rodada4.spec.ts:51:7 › impeccable rodada 4 — A) paginação com idioma único (h4) › as telas do hub NÃO oferecem "por página" (paginam server-side com tamanho fixo) 

    Error: expect(locator).toBeVisible() failed

    Locator: getByRole('button', { name: 'Página anterior' })
    Expected: visible
    Timeout: 10000ms
    Error: element(s) not found

    Call log:
      - Expect "toBeVisible" with timeout 10000ms
      - waiting for getByRole('button', { name: 'Página anterior' })


      53 |   }) => {
      54 |     await page.goto('/hub/dashboard/motoristas');
    > 55 |     await expect(page.getByRole('button', { name: 'Página anterior' })).toBeVisible();
         |                                                                         ^
      56 |     await expect(page.getByText(/por página/)).toHaveCount(0);
      57 |   });
      58 |
        at /work/tests/e2e-hub-browser/impeccable-rodada4.spec.ts:55:73

    attachment #1: screenshot (image/png) ──────────────────────────────────────────────────────────
    test-results/impeccable-rodada4-impecca-95b0f-rver-side-com-tamanho-fixo--chromium/test-failed-1.png
    ────────────────────────────────────────────────────────────────────────────────────────────────

    Error Context: test-results/impeccable-rodada4-impecca-95b0f-rver-side-com-tamanho-fixo--chromium/error-context.md

    attachment #3: trace (application/zip) ─────────────────────────────────────────────────────────
    test-results/impeccable-rodada4-impecca-95b0f-rver-side-com-tamanho-fixo--chromium/trace.zip
    Usage:

        npx playwright show-trace test-results/impeccable-rodada4-impecca-95b0f-rver-side-com-tamanho-fixo--chromium/trace.zip

    ────────────────────────────────────────────────────────────────────────────────────────────────

  11) [chromium] › tests/e2e-hub-browser/impeccable-rodada4.spec.ts:59:7 › impeccable rodada 4 — A) paginação com idioma único (h4) › mobile 390px: a paginação não estoura a largura da viewport 

    Error: expect(locator).toBeVisible() failed

    Locator: getByRole('button', { name: 'Próxima página' })
    Expected: visible
    Timeout: 10000ms
    Error: element(s) not found

    Call log:
      - Expect "toBeVisible" with timeout 10000ms
      - waiting for getByRole('button', { name: 'Próxima página' })


      60 |     await page.setViewportSize(MOBILE);
      61 |     await page.goto('/hub/dashboard/importacoes');
    > 62 |     await expect(page.getByRole('button', { name: 'Próxima página' })).toBeVisible();
         |                                                                        ^
      63 |
      64 |     const estouro = await page.evaluate(
      65 |       () => document.documentElement.scrollWidth - document.documentElement.clientWidth
        at /work/tests/e2e-hub-browser/impeccable-rodada4.spec.ts:62:72

    attachment #1: screenshot (image/png) ──────────────────────────────────────────────────────────
    test-results/impeccable-rodada4-impecca-2e3e0-toura-a-largura-da-viewport-chromium/test-failed-1.png
    ────────────────────────────────────────────────────────────────────────────────────────────────

    Error Context: test-results/impeccable-rodada4-impecca-2e3e0-toura-a-largura-da-viewport-chromium/error-context.md

    attachment #3: trace (application/zip) ─────────────────────────────────────────────────────────
    test-results/impeccable-rodada4-impecca-2e3e0-toura-a-largura-da-viewport-chromium/trace.zip
    Usage:

        npx playwright show-trace test-results/impeccable-rodada4-impecca-2e3e0-toura-a-largura-da-viewport-chromium/trace.zip

    ────────────────────────────────────────────────────────────────────────────────────────────────

  11 failed
    [chromium] › tests/e2e-hub-browser/impeccable-rodada3.spec.ts:34:9 › impeccable rodada 3 — A) filtro de período com presets › /hub/dashboard/auditoria: os 4 chips existem e "Este mês" preenche de/até 
    [chromium] › tests/e2e-hub-browser/impeccable-rodada3.spec.ts:34:9 › impeccable rodada 3 — A) filtro de período com presets › /hub/dashboard/importacoes: os 4 chips existem e "Este mês" preenche de/até 
    [chromium] › tests/e2e-hub-browser/impeccable-rodada3.spec.ts:34:9 › impeccable rodada 3 — A) filtro de período com presets › /hub/dashboard/performance: os 4 chips existem e "Este mês" preenche de/até 
    [chromium] › tests/e2e-hub-browser/impeccable-rodada3.spec.ts:34:9 › impeccable rodada 3 — A) filtro de período com presets › /hub/dashboard/faturamento: os 4 chips existem e "Este mês" preenche de/até 
    [chromium] › tests/e2e-hub-browser/impeccable-rodada4.spec.ts:28:9 › impeccable rodada 4 — A) paginação com idioma único (h4) › /hub/dashboard/importacoes: usa o componente compartilhado, não o rodapé artesanal 
    [chromium] › tests/e2e-hub-browser/impeccable-rodada4.spec.ts:28:9 › impeccable rodada 4 — A) paginação com idioma único (h4) › /hub/dashboard/motoristas: usa o componente compartilhado, não o rodapé artesanal 
    [chromium] › tests/e2e-hub-browser/impeccable-rodada4.spec.ts:28:9 › impeccable rodada 4 — A) paginação com idioma único (h4) › /hub/dashboard/faturamento: usa o componente compartilhado, não o rodapé artesanal 
    [chromium] › tests/e2e-hub-browser/impeccable-rodada4.spec.ts:28:9 › impeccable rodada 4 — A) paginação com idioma único (h4) › /hub/dashboard/performance: usa o componente compartilhado, não o rodapé artesanal 
    [chromium] › tests/e2e-hub-browser/impeccable-rodada4.spec.ts:44:7 › impeccable rodada 4 — A) paginação com idioma único (h4) › a página atual é anunciada com aria-current 
    [chromium] › tests/e2e-hub-browser/impeccable-rodada4.spec.ts:51:7 › impeccable rodada 4 — A) paginação com idioma único (h4) › as telas do hub NÃO oferecem "por página" (paginam server-side com tamanho fixo) 
    [chromium] › tests/e2e-hub-browser/impeccable-rodada4.spec.ts:59:7 › impeccable rodada 4 — A) paginação com idioma único (h4) › mobile 390px: a paginação não estoura a largura da viewport 
  49 passed (2.8m)
