
up to date in 1s

Running 27 tests using 1 worker

AXE_RESULT tela="/hub/login" score=100 violacoes=0 detalhe=[]
  ✓   1 [chromium] › tests/e2e-hub-browser/axe-telas.spec.ts:51:7 › 6.3 — axe ≥95 nas telas novas do shell (públicas, sem sessão) › /hub/login (949ms)
AXE_RESULT tela="/hub/recuperar-senha" score=100 violacoes=0 detalhe=[]
  ✓   2 [chromium] › tests/e2e-hub-browser/axe-telas.spec.ts:57:7 › 6.3 — axe ≥95 nas telas novas do shell (públicas, sem sessão) › /hub/recuperar-senha (912ms)
AXE_RESULT tela="/hub/redefinir-senha" score=100 violacoes=0 detalhe=[]
  ✓   3 [chromium] › tests/e2e-hub-browser/axe-telas.spec.ts:63:7 › 6.3 — axe ≥95 nas telas novas do shell (públicas, sem sessão) › /hub/redefinir-senha (906ms)
AXE_RESULT tela="/selecionar-entidade" score=100 violacoes=0 detalhe=[]
  ✓   4 [chromium] › tests/e2e-hub-browser/axe-telas.spec.ts:73:7 › 6.3 — axe ≥95 nas telas novas do shell (autenticadas, storageState admin) › /selecionar-entidade (ramo escolha, 2 vínculos) (843ms)
AXE_RESULT tela="/hub/dashboard" score=100 violacoes=0 detalhe=[]
  ✓   5 [chromium] › tests/e2e-hub-browser/axe-telas.spec.ts:84:7 › 6.3 — axe ≥95 nas telas novas do shell (autenticadas, storageState operador) › /hub/dashboard (1.0s)
AXE_RESULT tela="/hub/dashboard/perfil" score=100 violacoes=0 detalhe=[]
  ✓   6 [chromium] › tests/e2e-hub-browser/axe-telas.spec.ts:90:7 › 6.3 — axe ≥95 nas telas novas do shell (autenticadas, storageState operador) › /hub/dashboard/perfil (1.1s)
AXE_CONTRASTE tela="/hub/dashboard" tema=dark violacoes=0
  ✓   7 [chromium] › tests/e2e-hub-browser/contraste-telas-migradas.spec.ts:41:11 › 6.1 — auditoria de contraste (color-contrast) nas telas migradas, 2 temas › dashboard — tema dark (871ms)
AXE_CONTRASTE tela="/hub/dashboard" tema=light violacoes=1
  ✘   8 [chromium] › tests/e2e-hub-browser/contraste-telas-migradas.spec.ts:41:11 › 6.1 — auditoria de contraste (color-contrast) nas telas migradas, 2 temas › dashboard — tema light (1.2s)
AXE_CONTRASTE tela="/hub/dashboard/performance" tema=dark violacoes=0
  ✓   9 [chromium] › tests/e2e-hub-browser/contraste-telas-migradas.spec.ts:41:11 › 6.1 — auditoria de contraste (color-contrast) nas telas migradas, 2 temas › performance (kpi-card) — tema dark (1.1s)
AXE_CONTRASTE tela="/hub/dashboard/performance" tema=light violacoes=1
  ✘  10 [chromium] › tests/e2e-hub-browser/contraste-telas-migradas.spec.ts:41:11 › 6.1 — auditoria de contraste (color-contrast) nas telas migradas, 2 temas › performance (kpi-card) — tema light (1.3s)
AXE_CONTRASTE tela="/hub/dashboard/faturamento" tema=dark violacoes=0
  ✓  11 [chromium] › tests/e2e-hub-browser/contraste-telas-migradas.spec.ts:41:11 › 6.1 — auditoria de contraste (color-contrast) nas telas migradas, 2 temas › faturamento (kpi-card) — tema dark (1.1s)
AXE_CONTRASTE tela="/hub/dashboard/faturamento" tema=light violacoes=1
  ✘  12 [chromium] › tests/e2e-hub-browser/contraste-telas-migradas.spec.ts:41:11 › 6.1 — auditoria de contraste (color-contrast) nas telas migradas, 2 temas › faturamento (kpi-card) — tema light (1.4s)
AXE_CONTRASTE tela="/hub/dashboard/motoristas" tema=dark violacoes=0
  ✓  13 [chromium] › tests/e2e-hub-browser/contraste-telas-migradas.spec.ts:41:11 › 6.1 — auditoria de contraste (color-contrast) nas telas migradas, 2 temas › motoristas (filter-bar) — tema dark (1.1s)
AXE_CONTRASTE tela="/hub/dashboard/motoristas" tema=light violacoes=1
  ✘  14 [chromium] › tests/e2e-hub-browser/contraste-telas-migradas.spec.ts:41:11 › 6.1 — auditoria de contraste (color-contrast) nas telas migradas, 2 temas › motoristas (filter-bar) — tema light (1.2s)
AXE_CONTRASTE tela="/hub/dashboard/importacoes" tema=dark violacoes=0
  ✓  15 [chromium] › tests/e2e-hub-browser/contraste-telas-migradas.spec.ts:41:11 › 6.1 — auditoria de contraste (color-contrast) nas telas migradas, 2 temas › importações (filter-bar) — tema dark (1.1s)
AXE_CONTRASTE tela="/hub/dashboard/importacoes" tema=light violacoes=1
  ✘  16 [chromium] › tests/e2e-hub-browser/contraste-telas-migradas.spec.ts:41:11 › 6.1 — auditoria de contraste (color-contrast) nas telas migradas, 2 temas › importações (filter-bar) — tema light (1.4s)
AXE_CONTRASTE tela="/hub/dashboard/usuarios" tema=dark violacoes=0
  ✓  17 [chromium] › tests/e2e-hub-browser/contraste-telas-migradas.spec.ts:41:11 › 6.1 — auditoria de contraste (color-contrast) nas telas migradas, 2 temas › usuários (filter-bar) — tema dark (1.1s)
AXE_CONTRASTE tela="/hub/dashboard/usuarios" tema=light violacoes=1
  ✘  18 [chromium] › tests/e2e-hub-browser/contraste-telas-migradas.spec.ts:41:11 › 6.1 — auditoria de contraste (color-contrast) nas telas migradas, 2 temas › usuários (filter-bar) — tema light (1.3s)
  ✓  19 [chromium] › tests/e2e-hub-browser/menus-por-papel.spec.ts:43:9 › 6.2.1 — ModuleNav difere por papel (FR-001/SC-001) › admin_entidade › vê os itens exclusivos (usuários + auditoria) (546ms)
  ✓  20 [chromium] › tests/e2e-hub-browser/menus-por-papel.spec.ts:59:9 › 6.2.1 — ModuleNav difere por papel (FR-001/SC-001) › operador › NÃO vê nenhum dos itens exclusivos (sem auditoria.consultar/usuarios.gerenciar) (740ms)
  ✘  21 [chromium] › tests/e2e-hub-browser/sessao-expira.spec.ts:29:7 › 6.2.5 — sessão expira em meio de ação (troca de entidade) -> redirect login › corromper accessToken mid-troca-de-entidade força logout e redirect para /hub/login (10.7s)
  ✘  22 [chromium] › tests/e2e-hub-browser/sidebar-colapso.spec.ts:22:7 › 2.1.5 — sidebar colapsável: persistência e acessibilidade do tooltip › colapsar via topbar reduz a largura da sidebar fixa e persiste após recarregar (856ms)
  ✘  23 [chromium] › tests/e2e-hub-browser/sidebar-colapso.spec.ts:50:7 › 2.1.5 — sidebar colapsável: persistência e acessibilidade do tooltip › colapsada: tooltip com o nome do módulo aparece por foco de teclado E por hover (CHK001) (5.6s)
  ✓  24 [chromium] › tests/e2e-hub-browser/theme-toggle.spec.ts:17:7 › 3.1.3 — alternar tema: navegação e persistência › tema padrão é escuro (FR-008); alternar, navegar e recarregar preserva a escolha (838ms)
TROCA_ENTIDADE_TIMING_MS=336
  ✓  25 [chromium] › tests/e2e-hub-browser/troca-entidade-timing.spec.ts:19:7 › 6.2.3 — troca de entidade reflete em <5s, sem novo login (SC-003) › EntitySwitcher atualiza o rótulo exibido em menos de 5s (813ms)
  ✘  26 [chromium] › tests/e2e-hub-browser/white-label-simulacao.spec.ts:136:9 › 3.2 — validação de white-label simulado (SC-006/US2-AC3, sem seed de banco) › tema dark: injetar CSS vars do tenant simulado reflete em botão primário/sidebar ativa (1.3s)
  ✓  27 [chromium] › tests/e2e-hub-browser/white-label-simulacao.spec.ts:136:9 › 3.2 — validação de white-label simulado (SC-006/US2-AC3, sem seed de banco) › tema light: injetar CSS vars do tenant simulado reflete em botão primário/sidebar ativa (1.3s)


  1) [chromium] › tests/e2e-hub-browser/contraste-telas-migradas.spec.ts:41:11 › 6.1 — auditoria de contraste (color-contrast) nas telas migradas, 2 temas › dashboard — tema light 

    Error: contraste (light) em /hub/dashboard: [{"id":"color-contrast","impact":"serious","tags":["cat.color","wcag2aa","wcag143","TTv5","TT13.c","EN-301-549","EN-9.1.4.3","ACT","RGAAv4","RGAA-3.2.1"],"description":"Ensure the contrast between foreground and background colors meets WCAG 2 AA minimum contrast ratio thresholds","help":"Elements must meet minimum color contrast ratio thresholds","helpUrl":"https://dequeuniversity.com/rules/axe/4.12/color-contrast?application=playwright","nodes":[{"any":[{"id":"color-contrast","data":{"fgColor":"#2c67ea","bgColor":"#dfdfe1","contrastRatio":3.72,"fontSize":"10.5pt (14px)","fontWeight":"normal","messageKey":null,"expectedContrastRatio":"4.5:1"},"relatedNodes":[{"html":"<a aria-current=\"page\" class=\"flex min-h-11 items-center gap-3 rounded-md px-3 text-sm font-medium transition-colors duration-200 motion-reduce:transition-none bg-sidebar-primary/10 text-sidebar-primary\" href=\"/hub/dashboard\">","target":[".bg-sidebar-primary\\/10"]},{"html":"<nav aria-label=\"Navegação de módulos\" class=\"hidden shrink-0 flex...\">","target":["nav"]}],"impact":"serious","message":"Element has insufficient color contrast of 3.72 (foreground color: #2c67ea, background color: #dfdfe1, font size: 10.5pt (14px), font weight: normal). Expected contrast ratio of 4.5:1"}],"all":[],"none":[],"impact":"serious","html":"<span class=\"truncate\">Painel Geral</span>","target":[".bg-sidebar-primary\\/10 > .truncate"],"failureSummary":"Fix any of the following:\n  Element has insufficient color contrast of 3.72 (foreground color: #2c67ea, background color: #dfdfe1, font size: 10.5pt (14px), font weight: normal). Expected contrast ratio of 4.5:1"}]}]

    expect(received).toEqual(expected) // deep equality

    - Expected  -  1
    + Received  + 64

    - Array []
    + Array [
    +   Object {
    +     "description": "Ensure the contrast between foreground and background colors meets WCAG 2 AA minimum contrast ratio thresholds",
    +     "help": "Elements must meet minimum color contrast ratio thresholds",
    +     "helpUrl": "https://dequeuniversity.com/rules/axe/4.12/color-contrast?application=playwright",
    +     "id": "color-contrast",
    +     "impact": "serious",
    +     "nodes": Array [
    +       Object {
    +         "all": Array [],
    +         "any": Array [
    +           Object {
    +             "data": Object {
    +               "bgColor": "#dfdfe1",
    +               "contrastRatio": 3.72,
    +               "expectedContrastRatio": "4.5:1",
    +               "fgColor": "#2c67ea",
    +               "fontSize": "10.5pt (14px)",
    +               "fontWeight": "normal",
    +               "messageKey": null,
    +             },
    +             "id": "color-contrast",
    +             "impact": "serious",
    +             "message": "Element has insufficient color contrast of 3.72 (foreground color: #2c67ea, background color: #dfdfe1, font size: 10.5pt (14px), font weight: normal). Expected contrast ratio of 4.5:1",
    +             "relatedNodes": Array [
    +               Object {
    +                 "html": "<a aria-current=\"page\" class=\"flex min-h-11 items-center gap-3 rounded-md px-3 text-sm font-medium transition-colors duration-200 motion-reduce:transition-none bg-sidebar-primary/10 text-sidebar-primary\" href=\"/hub/dashboard\">",
    +                 "target": Array [
    +                   ".bg-sidebar-primary\\/10",
    +                 ],
    +               },
    +               Object {
    +                 "html": "<nav aria-label=\"Navegação de módulos\" class=\"hidden shrink-0 flex...\">",
    +                 "target": Array [
    +                   "nav",
    +                 ],
    +               },
    +             ],
    +           },
    +         ],
    +         "failureSummary": "Fix any of the following:
    +   Element has insufficient color contrast of 3.72 (foreground color: #2c67ea, background color: #dfdfe1, font size: 10.5pt (14px), font weight: normal). Expected contrast ratio of 4.5:1",
    +         "html": "<span class=\"truncate\">Painel Geral</span>",
    +         "impact": "serious",
    +         "none": Array [],
    +         "target": Array [
    +           ".bg-sidebar-primary\\/10 > .truncate",
    +         ],
    +       },
    +     ],
    +     "tags": Array [
    +       "cat.color",
    +       "wcag2aa",
    +       "wcag143",
    +       "TTv5",
    +       "TT13.c",
    +       "EN-301-549",
    +       "EN-9.1.4.3",
    +       "ACT",
    +       "RGAAv4",
    +       "RGAA-3.2.1",
    +     ],
    +   },
    + ]

      51 |           resultado.violations,
      52 |           `contraste (${tema}) em ${tela.path}: ${JSON.stringify(resultado.violations)}`
    > 53 |         ).toEqual([]);
         |           ^
      54 |       });
      55 |     }
      56 |   }
        at /work/tests/e2e-hub-browser/contraste-telas-migradas.spec.ts:53:11

    attachment #1: screenshot (image/png) ──────────────────────────────────────────────────────────
    test-results/contraste-telas-migradas-6-0ef7d-emas-dashboard-—-tema-light-chromium/test-failed-1.png
    ────────────────────────────────────────────────────────────────────────────────────────────────

    Error Context: test-results/contraste-telas-migradas-6-0ef7d-emas-dashboard-—-tema-light-chromium/error-context.md

    attachment #3: trace (application/zip) ─────────────────────────────────────────────────────────
    test-results/contraste-telas-migradas-6-0ef7d-emas-dashboard-—-tema-light-chromium/trace.zip
    Usage:

        npx playwright show-trace test-results/contraste-telas-migradas-6-0ef7d-emas-dashboard-—-tema-light-chromium/trace.zip

    ────────────────────────────────────────────────────────────────────────────────────────────────

  2) [chromium] › tests/e2e-hub-browser/contraste-telas-migradas.spec.ts:41:11 › 6.1 — auditoria de contraste (color-contrast) nas telas migradas, 2 temas › performance (kpi-card) — tema light 

    Error: contraste (light) em /hub/dashboard/performance: [{"id":"color-contrast","impact":"serious","tags":["cat.color","wcag2aa","wcag143","TTv5","TT13.c","EN-301-549","EN-9.1.4.3","ACT","RGAAv4","RGAA-3.2.1"],"description":"Ensure the contrast between foreground and background colors meets WCAG 2 AA minimum contrast ratio thresholds","help":"Elements must meet minimum color contrast ratio thresholds","helpUrl":"https://dequeuniversity.com/rules/axe/4.12/color-contrast?application=playwright","nodes":[{"any":[{"id":"color-contrast","data":{"fgColor":"#2c67ea","bgColor":"#dfdfe1","contrastRatio":3.72,"fontSize":"10.5pt (14px)","fontWeight":"normal","messageKey":null,"expectedContrastRatio":"4.5:1"},"relatedNodes":[{"html":"<a aria-current=\"page\" class=\"flex min-h-11 items-center gap-3 rounded-md px-3 text-sm font-medium transition-colors duration-200 motion-reduce:transition-none bg-sidebar-primary/10 text-sidebar-primary\" href=\"/hub/dashboard/performance\">","target":[".bg-sidebar-primary\\/10"]},{"html":"<nav aria-label=\"Navegação de módulos\" class=\"hidden shrink-0 flex...\">","target":["nav"]}],"impact":"serious","message":"Element has insufficient color contrast of 3.72 (foreground color: #2c67ea, background color: #dfdfe1, font size: 10.5pt (14px), font weight: normal). Expected contrast ratio of 4.5:1"}],"all":[],"none":[],"impact":"serious","html":"<span class=\"truncate\">Performance</span>","target":[".bg-sidebar-primary\\/10 > .truncate"],"failureSummary":"Fix any of the following:\n  Element has insufficient color contrast of 3.72 (foreground color: #2c67ea, background color: #dfdfe1, font size: 10.5pt (14px), font weight: normal). Expected contrast ratio of 4.5:1"}]}]

    expect(received).toEqual(expected) // deep equality

    - Expected  -  1
    + Received  + 64

    - Array []
    + Array [
    +   Object {
    +     "description": "Ensure the contrast between foreground and background colors meets WCAG 2 AA minimum contrast ratio thresholds",
    +     "help": "Elements must meet minimum color contrast ratio thresholds",
    +     "helpUrl": "https://dequeuniversity.com/rules/axe/4.12/color-contrast?application=playwright",
    +     "id": "color-contrast",
    +     "impact": "serious",
    +     "nodes": Array [
    +       Object {
    +         "all": Array [],
    +         "any": Array [
    +           Object {
    +             "data": Object {
    +               "bgColor": "#dfdfe1",
    +               "contrastRatio": 3.72,
    +               "expectedContrastRatio": "4.5:1",
    +               "fgColor": "#2c67ea",
    +               "fontSize": "10.5pt (14px)",
    +               "fontWeight": "normal",
    +               "messageKey": null,
    +             },
    +             "id": "color-contrast",
    +             "impact": "serious",
    +             "message": "Element has insufficient color contrast of 3.72 (foreground color: #2c67ea, background color: #dfdfe1, font size: 10.5pt (14px), font weight: normal). Expected contrast ratio of 4.5:1",
    +             "relatedNodes": Array [
    +               Object {
    +                 "html": "<a aria-current=\"page\" class=\"flex min-h-11 items-center gap-3 rounded-md px-3 text-sm font-medium transition-colors duration-200 motion-reduce:transition-none bg-sidebar-primary/10 text-sidebar-primary\" href=\"/hub/dashboard/performance\">",
    +                 "target": Array [
    +                   ".bg-sidebar-primary\\/10",
    +                 ],
    +               },
    +               Object {
    +                 "html": "<nav aria-label=\"Navegação de módulos\" class=\"hidden shrink-0 flex...\">",
    +                 "target": Array [
    +                   "nav",
    +                 ],
    +               },
    +             ],
    +           },
    +         ],
    +         "failureSummary": "Fix any of the following:
    +   Element has insufficient color contrast of 3.72 (foreground color: #2c67ea, background color: #dfdfe1, font size: 10.5pt (14px), font weight: normal). Expected contrast ratio of 4.5:1",
    +         "html": "<span class=\"truncate\">Performance</span>",
    +         "impact": "serious",
    +         "none": Array [],
    +         "target": Array [
    +           ".bg-sidebar-primary\\/10 > .truncate",
    +         ],
    +       },
    +     ],
    +     "tags": Array [
    +       "cat.color",
    +       "wcag2aa",
    +       "wcag143",
    +       "TTv5",
    +       "TT13.c",
    +       "EN-301-549",
    +       "EN-9.1.4.3",
    +       "ACT",
    +       "RGAAv4",
    +       "RGAA-3.2.1",
    +     ],
    +   },
    + ]

      51 |           resultado.violations,
      52 |           `contraste (${tema}) em ${tela.path}: ${JSON.stringify(resultado.violations)}`
    > 53 |         ).toEqual([]);
         |           ^
      54 |       });
      55 |     }
      56 |   }
        at /work/tests/e2e-hub-browser/contraste-telas-migradas.spec.ts:53:11

    attachment #1: screenshot (image/png) ──────────────────────────────────────────────────────────
    test-results/contraste-telas-migradas-6-50053-mance-kpi-card-—-tema-light-chromium/test-failed-1.png
    ────────────────────────────────────────────────────────────────────────────────────────────────

    Error Context: test-results/contraste-telas-migradas-6-50053-mance-kpi-card-—-tema-light-chromium/error-context.md

    attachment #3: trace (application/zip) ─────────────────────────────────────────────────────────
    test-results/contraste-telas-migradas-6-50053-mance-kpi-card-—-tema-light-chromium/trace.zip
    Usage:

        npx playwright show-trace test-results/contraste-telas-migradas-6-50053-mance-kpi-card-—-tema-light-chromium/trace.zip

    ────────────────────────────────────────────────────────────────────────────────────────────────

  3) [chromium] › tests/e2e-hub-browser/contraste-telas-migradas.spec.ts:41:11 › 6.1 — auditoria de contraste (color-contrast) nas telas migradas, 2 temas › faturamento (kpi-card) — tema light 

    Error: contraste (light) em /hub/dashboard/faturamento: [{"id":"color-contrast","impact":"serious","tags":["cat.color","wcag2aa","wcag143","TTv5","TT13.c","EN-301-549","EN-9.1.4.3","ACT","RGAAv4","RGAA-3.2.1"],"description":"Ensure the contrast between foreground and background colors meets WCAG 2 AA minimum contrast ratio thresholds","help":"Elements must meet minimum color contrast ratio thresholds","helpUrl":"https://dequeuniversity.com/rules/axe/4.12/color-contrast?application=playwright","nodes":[{"any":[{"id":"color-contrast","data":{"fgColor":"#2c67ea","bgColor":"#dfdfe1","contrastRatio":3.72,"fontSize":"10.5pt (14px)","fontWeight":"normal","messageKey":null,"expectedContrastRatio":"4.5:1"},"relatedNodes":[{"html":"<a aria-current=\"page\" class=\"flex min-h-11 items-center gap-3 rounded-md px-3 text-sm font-medium transition-colors duration-200 motion-reduce:transition-none bg-sidebar-primary/10 text-sidebar-primary\" href=\"/hub/dashboard/faturamento\">","target":[".bg-sidebar-primary\\/10"]},{"html":"<nav aria-label=\"Navegação de módulos\" class=\"hidden shrink-0 flex...\">","target":["nav"]}],"impact":"serious","message":"Element has insufficient color contrast of 3.72 (foreground color: #2c67ea, background color: #dfdfe1, font size: 10.5pt (14px), font weight: normal). Expected contrast ratio of 4.5:1"}],"all":[],"none":[],"impact":"serious","html":"<span class=\"truncate\">Faturamento</span>","target":[".bg-sidebar-primary\\/10 > .truncate"],"failureSummary":"Fix any of the following:\n  Element has insufficient color contrast of 3.72 (foreground color: #2c67ea, background color: #dfdfe1, font size: 10.5pt (14px), font weight: normal). Expected contrast ratio of 4.5:1"}]}]

    expect(received).toEqual(expected) // deep equality

    - Expected  -  1
    + Received  + 64

    - Array []
    + Array [
    +   Object {
    +     "description": "Ensure the contrast between foreground and background colors meets WCAG 2 AA minimum contrast ratio thresholds",
    +     "help": "Elements must meet minimum color contrast ratio thresholds",
    +     "helpUrl": "https://dequeuniversity.com/rules/axe/4.12/color-contrast?application=playwright",
    +     "id": "color-contrast",
    +     "impact": "serious",
    +     "nodes": Array [
    +       Object {
    +         "all": Array [],
    +         "any": Array [
    +           Object {
    +             "data": Object {
    +               "bgColor": "#dfdfe1",
    +               "contrastRatio": 3.72,
    +               "expectedContrastRatio": "4.5:1",
    +               "fgColor": "#2c67ea",
    +               "fontSize": "10.5pt (14px)",
    +               "fontWeight": "normal",
    +               "messageKey": null,
    +             },
    +             "id": "color-contrast",
    +             "impact": "serious",
    +             "message": "Element has insufficient color contrast of 3.72 (foreground color: #2c67ea, background color: #dfdfe1, font size: 10.5pt (14px), font weight: normal). Expected contrast ratio of 4.5:1",
    +             "relatedNodes": Array [
    +               Object {
    +                 "html": "<a aria-current=\"page\" class=\"flex min-h-11 items-center gap-3 rounded-md px-3 text-sm font-medium transition-colors duration-200 motion-reduce:transition-none bg-sidebar-primary/10 text-sidebar-primary\" href=\"/hub/dashboard/faturamento\">",
    +                 "target": Array [
    +                   ".bg-sidebar-primary\\/10",
    +                 ],
    +               },
    +               Object {
    +                 "html": "<nav aria-label=\"Navegação de módulos\" class=\"hidden shrink-0 flex...\">",
    +                 "target": Array [
    +                   "nav",
    +                 ],
    +               },
    +             ],
    +           },
    +         ],
    +         "failureSummary": "Fix any of the following:
    +   Element has insufficient color contrast of 3.72 (foreground color: #2c67ea, background color: #dfdfe1, font size: 10.5pt (14px), font weight: normal). Expected contrast ratio of 4.5:1",
    +         "html": "<span class=\"truncate\">Faturamento</span>",
    +         "impact": "serious",
    +         "none": Array [],
    +         "target": Array [
    +           ".bg-sidebar-primary\\/10 > .truncate",
    +         ],
    +       },
    +     ],
    +     "tags": Array [
    +       "cat.color",
    +       "wcag2aa",
    +       "wcag143",
    +       "TTv5",
    +       "TT13.c",
    +       "EN-301-549",
    +       "EN-9.1.4.3",
    +       "ACT",
    +       "RGAAv4",
    +       "RGAA-3.2.1",
    +     ],
    +   },
    + ]

      51 |           resultado.violations,
      52 |           `contraste (${tema}) em ${tela.path}: ${JSON.stringify(resultado.violations)}`
    > 53 |         ).toEqual([]);
         |           ^
      54 |       });
      55 |     }
      56 |   }
        at /work/tests/e2e-hub-browser/contraste-telas-migradas.spec.ts:53:11

    attachment #1: screenshot (image/png) ──────────────────────────────────────────────────────────
    test-results/contraste-telas-migradas-6-f376c-mento-kpi-card-—-tema-light-chromium/test-failed-1.png
    ────────────────────────────────────────────────────────────────────────────────────────────────

    Error Context: test-results/contraste-telas-migradas-6-f376c-mento-kpi-card-—-tema-light-chromium/error-context.md

    attachment #3: trace (application/zip) ─────────────────────────────────────────────────────────
    test-results/contraste-telas-migradas-6-f376c-mento-kpi-card-—-tema-light-chromium/trace.zip
    Usage:

        npx playwright show-trace test-results/contraste-telas-migradas-6-f376c-mento-kpi-card-—-tema-light-chromium/trace.zip

    ────────────────────────────────────────────────────────────────────────────────────────────────

  4) [chromium] › tests/e2e-hub-browser/contraste-telas-migradas.spec.ts:41:11 › 6.1 — auditoria de contraste (color-contrast) nas telas migradas, 2 temas › motoristas (filter-bar) — tema light 

    Error: contraste (light) em /hub/dashboard/motoristas: [{"id":"color-contrast","impact":"serious","tags":["cat.color","wcag2aa","wcag143","TTv5","TT13.c","EN-301-549","EN-9.1.4.3","ACT","RGAAv4","RGAA-3.2.1"],"description":"Ensure the contrast between foreground and background colors meets WCAG 2 AA minimum contrast ratio thresholds","help":"Elements must meet minimum color contrast ratio thresholds","helpUrl":"https://dequeuniversity.com/rules/axe/4.12/color-contrast?application=playwright","nodes":[{"any":[{"id":"color-contrast","data":{"fgColor":"#2c67ea","bgColor":"#dfdfe1","contrastRatio":3.72,"fontSize":"10.5pt (14px)","fontWeight":"normal","messageKey":null,"expectedContrastRatio":"4.5:1"},"relatedNodes":[{"html":"<a aria-current=\"page\" class=\"flex min-h-11 items-center gap-3 rounded-md px-3 text-sm font-medium transition-colors duration-200 motion-reduce:transition-none bg-sidebar-primary/10 text-sidebar-primary\" href=\"/hub/dashboard/motoristas\">","target":[".bg-sidebar-primary\\/10"]},{"html":"<nav aria-label=\"Navegação de módulos\" class=\"hidden shrink-0 flex...\">","target":["nav"]}],"impact":"serious","message":"Element has insufficient color contrast of 3.72 (foreground color: #2c67ea, background color: #dfdfe1, font size: 10.5pt (14px), font weight: normal). Expected contrast ratio of 4.5:1"}],"all":[],"none":[],"impact":"serious","html":"<span class=\"truncate\">Motoristas</span>","target":[".bg-sidebar-primary\\/10 > .truncate"],"failureSummary":"Fix any of the following:\n  Element has insufficient color contrast of 3.72 (foreground color: #2c67ea, background color: #dfdfe1, font size: 10.5pt (14px), font weight: normal). Expected contrast ratio of 4.5:1"}]}]

    expect(received).toEqual(expected) // deep equality

    - Expected  -  1
    + Received  + 64

    - Array []
    + Array [
    +   Object {
    +     "description": "Ensure the contrast between foreground and background colors meets WCAG 2 AA minimum contrast ratio thresholds",
    +     "help": "Elements must meet minimum color contrast ratio thresholds",
    +     "helpUrl": "https://dequeuniversity.com/rules/axe/4.12/color-contrast?application=playwright",
    +     "id": "color-contrast",
    +     "impact": "serious",
    +     "nodes": Array [
    +       Object {
    +         "all": Array [],
    +         "any": Array [
    +           Object {
    +             "data": Object {
    +               "bgColor": "#dfdfe1",
    +               "contrastRatio": 3.72,
    +               "expectedContrastRatio": "4.5:1",
    +               "fgColor": "#2c67ea",
    +               "fontSize": "10.5pt (14px)",
    +               "fontWeight": "normal",
    +               "messageKey": null,
    +             },
    +             "id": "color-contrast",
    +             "impact": "serious",
    +             "message": "Element has insufficient color contrast of 3.72 (foreground color: #2c67ea, background color: #dfdfe1, font size: 10.5pt (14px), font weight: normal). Expected contrast ratio of 4.5:1",
    +             "relatedNodes": Array [
    +               Object {
    +                 "html": "<a aria-current=\"page\" class=\"flex min-h-11 items-center gap-3 rounded-md px-3 text-sm font-medium transition-colors duration-200 motion-reduce:transition-none bg-sidebar-primary/10 text-sidebar-primary\" href=\"/hub/dashboard/motoristas\">",
    +                 "target": Array [
    +                   ".bg-sidebar-primary\\/10",
    +                 ],
    +               },
    +               Object {
    +                 "html": "<nav aria-label=\"Navegação de módulos\" class=\"hidden shrink-0 flex...\">",
    +                 "target": Array [
    +                   "nav",
    +                 ],
    +               },
    +             ],
    +           },
    +         ],
    +         "failureSummary": "Fix any of the following:
    +   Element has insufficient color contrast of 3.72 (foreground color: #2c67ea, background color: #dfdfe1, font size: 10.5pt (14px), font weight: normal). Expected contrast ratio of 4.5:1",
    +         "html": "<span class=\"truncate\">Motoristas</span>",
    +         "impact": "serious",
    +         "none": Array [],
    +         "target": Array [
    +           ".bg-sidebar-primary\\/10 > .truncate",
    +         ],
    +       },
    +     ],
    +     "tags": Array [
    +       "cat.color",
    +       "wcag2aa",
    +       "wcag143",
    +       "TTv5",
    +       "TT13.c",
    +       "EN-301-549",
    +       "EN-9.1.4.3",
    +       "ACT",
    +       "RGAAv4",
    +       "RGAA-3.2.1",
    +     ],
    +   },
    + ]

      51 |           resultado.violations,
      52 |           `contraste (${tema}) em ${tela.path}: ${JSON.stringify(resultado.violations)}`
    > 53 |         ).toEqual([]);
         |           ^
      54 |       });
      55 |     }
      56 |   }
        at /work/tests/e2e-hub-browser/contraste-telas-migradas.spec.ts:53:11

    attachment #1: screenshot (image/png) ──────────────────────────────────────────────────────────
    test-results/contraste-telas-migradas-6-6856d-tas-filter-bar-—-tema-light-chromium/test-failed-1.png
    ────────────────────────────────────────────────────────────────────────────────────────────────

    Error Context: test-results/contraste-telas-migradas-6-6856d-tas-filter-bar-—-tema-light-chromium/error-context.md

    attachment #3: trace (application/zip) ─────────────────────────────────────────────────────────
    test-results/contraste-telas-migradas-6-6856d-tas-filter-bar-—-tema-light-chromium/trace.zip
    Usage:

        npx playwright show-trace test-results/contraste-telas-migradas-6-6856d-tas-filter-bar-—-tema-light-chromium/trace.zip

    ────────────────────────────────────────────────────────────────────────────────────────────────

  5) [chromium] › tests/e2e-hub-browser/contraste-telas-migradas.spec.ts:41:11 › 6.1 — auditoria de contraste (color-contrast) nas telas migradas, 2 temas › importações (filter-bar) — tema light 

    Error: contraste (light) em /hub/dashboard/importacoes: [{"id":"color-contrast","impact":"serious","tags":["cat.color","wcag2aa","wcag143","TTv5","TT13.c","EN-301-549","EN-9.1.4.3","ACT","RGAAv4","RGAA-3.2.1"],"description":"Ensure the contrast between foreground and background colors meets WCAG 2 AA minimum contrast ratio thresholds","help":"Elements must meet minimum color contrast ratio thresholds","helpUrl":"https://dequeuniversity.com/rules/axe/4.12/color-contrast?application=playwright","nodes":[{"any":[{"id":"color-contrast","data":{"fgColor":"#2c67ea","bgColor":"#dfdfe1","contrastRatio":3.72,"fontSize":"10.5pt (14px)","fontWeight":"normal","messageKey":null,"expectedContrastRatio":"4.5:1"},"relatedNodes":[{"html":"<a aria-current=\"page\" class=\"flex min-h-11 items-center gap-3 rounded-md px-3 text-sm font-medium transition-colors duration-200 motion-reduce:transition-none bg-sidebar-primary/10 text-sidebar-primary\" href=\"/hub/dashboard/importacoes\">","target":[".bg-sidebar-primary\\/10"]},{"html":"<nav aria-label=\"Navegação de módulos\" class=\"hidden shrink-0 flex...\">","target":["nav"]}],"impact":"serious","message":"Element has insufficient color contrast of 3.72 (foreground color: #2c67ea, background color: #dfdfe1, font size: 10.5pt (14px), font weight: normal). Expected contrast ratio of 4.5:1"}],"all":[],"none":[],"impact":"serious","html":"<span class=\"truncate\">Importações</span>","target":[".bg-sidebar-primary\\/10 > .truncate"],"failureSummary":"Fix any of the following:\n  Element has insufficient color contrast of 3.72 (foreground color: #2c67ea, background color: #dfdfe1, font size: 10.5pt (14px), font weight: normal). Expected contrast ratio of 4.5:1"}]}]

    expect(received).toEqual(expected) // deep equality

    - Expected  -  1
    + Received  + 64

    - Array []
    + Array [
    +   Object {
    +     "description": "Ensure the contrast between foreground and background colors meets WCAG 2 AA minimum contrast ratio thresholds",
    +     "help": "Elements must meet minimum color contrast ratio thresholds",
    +     "helpUrl": "https://dequeuniversity.com/rules/axe/4.12/color-contrast?application=playwright",
    +     "id": "color-contrast",
    +     "impact": "serious",
    +     "nodes": Array [
    +       Object {
    +         "all": Array [],
    +         "any": Array [
    +           Object {
    +             "data": Object {
    +               "bgColor": "#dfdfe1",
    +               "contrastRatio": 3.72,
    +               "expectedContrastRatio": "4.5:1",
    +               "fgColor": "#2c67ea",
    +               "fontSize": "10.5pt (14px)",
    +               "fontWeight": "normal",
    +               "messageKey": null,
    +             },
    +             "id": "color-contrast",
    +             "impact": "serious",
    +             "message": "Element has insufficient color contrast of 3.72 (foreground color: #2c67ea, background color: #dfdfe1, font size: 10.5pt (14px), font weight: normal). Expected contrast ratio of 4.5:1",
    +             "relatedNodes": Array [
    +               Object {
    +                 "html": "<a aria-current=\"page\" class=\"flex min-h-11 items-center gap-3 rounded-md px-3 text-sm font-medium transition-colors duration-200 motion-reduce:transition-none bg-sidebar-primary/10 text-sidebar-primary\" href=\"/hub/dashboard/importacoes\">",
    +                 "target": Array [
    +                   ".bg-sidebar-primary\\/10",
    +                 ],
    +               },
    +               Object {
    +                 "html": "<nav aria-label=\"Navegação de módulos\" class=\"hidden shrink-0 flex...\">",
    +                 "target": Array [
    +                   "nav",
    +                 ],
    +               },
    +             ],
    +           },
    +         ],
    +         "failureSummary": "Fix any of the following:
    +   Element has insufficient color contrast of 3.72 (foreground color: #2c67ea, background color: #dfdfe1, font size: 10.5pt (14px), font weight: normal). Expected contrast ratio of 4.5:1",
    +         "html": "<span class=\"truncate\">Importações</span>",
    +         "impact": "serious",
    +         "none": Array [],
    +         "target": Array [
    +           ".bg-sidebar-primary\\/10 > .truncate",
    +         ],
    +       },
    +     ],
    +     "tags": Array [
    +       "cat.color",
    +       "wcag2aa",
    +       "wcag143",
    +       "TTv5",
    +       "TT13.c",
    +       "EN-301-549",
    +       "EN-9.1.4.3",
    +       "ACT",
    +       "RGAAv4",
    +       "RGAA-3.2.1",
    +     ],
    +   },
    + ]

      51 |           resultado.violations,
      52 |           `contraste (${tema}) em ${tela.path}: ${JSON.stringify(resultado.violations)}`
    > 53 |         ).toEqual([]);
         |           ^
      54 |       });
      55 |     }
      56 |   }
        at /work/tests/e2e-hub-browser/contraste-telas-migradas.spec.ts:53:11

    attachment #1: screenshot (image/png) ──────────────────────────────────────────────────────────
    test-results/contraste-telas-migradas-6-71483-ões-filter-bar-—-tema-light-chromium/test-failed-1.png
    ────────────────────────────────────────────────────────────────────────────────────────────────

    Error Context: test-results/contraste-telas-migradas-6-71483-ões-filter-bar-—-tema-light-chromium/error-context.md

    attachment #3: trace (application/zip) ─────────────────────────────────────────────────────────
    test-results/contraste-telas-migradas-6-71483-ões-filter-bar-—-tema-light-chromium/trace.zip
    Usage:

        npx playwright show-trace test-results/contraste-telas-migradas-6-71483-ões-filter-bar-—-tema-light-chromium/trace.zip

    ────────────────────────────────────────────────────────────────────────────────────────────────

  6) [chromium] › tests/e2e-hub-browser/contraste-telas-migradas.spec.ts:41:11 › 6.1 — auditoria de contraste (color-contrast) nas telas migradas, 2 temas › usuários (filter-bar) — tema light 

    Error: contraste (light) em /hub/dashboard/usuarios: [{"id":"color-contrast","impact":"serious","tags":["cat.color","wcag2aa","wcag143","TTv5","TT13.c","EN-301-549","EN-9.1.4.3","ACT","RGAAv4","RGAA-3.2.1"],"description":"Ensure the contrast between foreground and background colors meets WCAG 2 AA minimum contrast ratio thresholds","help":"Elements must meet minimum color contrast ratio thresholds","helpUrl":"https://dequeuniversity.com/rules/axe/4.12/color-contrast?application=playwright","nodes":[{"any":[{"id":"color-contrast","data":{"fgColor":"#2c67ea","bgColor":"#dfdfe1","contrastRatio":3.72,"fontSize":"10.5pt (14px)","fontWeight":"normal","messageKey":null,"expectedContrastRatio":"4.5:1"},"relatedNodes":[{"html":"<a aria-current=\"page\" class=\"flex min-h-11 items-center gap-3 rounded-md px-3 text-sm font-medium transition-colors duration-200 motion-reduce:transition-none bg-sidebar-primary/10 text-sidebar-primary\" href=\"/hub/dashboard/usuarios\">","target":[".bg-sidebar-primary\\/10"]},{"html":"<nav aria-label=\"Navegação de módulos\" class=\"hidden shrink-0 flex...\">","target":["nav"]}],"impact":"serious","message":"Element has insufficient color contrast of 3.72 (foreground color: #2c67ea, background color: #dfdfe1, font size: 10.5pt (14px), font weight: normal). Expected contrast ratio of 4.5:1"}],"all":[],"none":[],"impact":"serious","html":"<span class=\"truncate\">Gestão de Usuários</span>","target":[".bg-sidebar-primary\\/10 > .truncate"],"failureSummary":"Fix any of the following:\n  Element has insufficient color contrast of 3.72 (foreground color: #2c67ea, background color: #dfdfe1, font size: 10.5pt (14px), font weight: normal). Expected contrast ratio of 4.5:1"}]}]

    expect(received).toEqual(expected) // deep equality

    - Expected  -  1
    + Received  + 64

    - Array []
    + Array [
    +   Object {
    +     "description": "Ensure the contrast between foreground and background colors meets WCAG 2 AA minimum contrast ratio thresholds",
    +     "help": "Elements must meet minimum color contrast ratio thresholds",
    +     "helpUrl": "https://dequeuniversity.com/rules/axe/4.12/color-contrast?application=playwright",
    +     "id": "color-contrast",
    +     "impact": "serious",
    +     "nodes": Array [
    +       Object {
    +         "all": Array [],
    +         "any": Array [
    +           Object {
    +             "data": Object {
    +               "bgColor": "#dfdfe1",
    +               "contrastRatio": 3.72,
    +               "expectedContrastRatio": "4.5:1",
    +               "fgColor": "#2c67ea",
    +               "fontSize": "10.5pt (14px)",
    +               "fontWeight": "normal",
    +               "messageKey": null,
    +             },
    +             "id": "color-contrast",
    +             "impact": "serious",
    +             "message": "Element has insufficient color contrast of 3.72 (foreground color: #2c67ea, background color: #dfdfe1, font size: 10.5pt (14px), font weight: normal). Expected contrast ratio of 4.5:1",
    +             "relatedNodes": Array [
    +               Object {
    +                 "html": "<a aria-current=\"page\" class=\"flex min-h-11 items-center gap-3 rounded-md px-3 text-sm font-medium transition-colors duration-200 motion-reduce:transition-none bg-sidebar-primary/10 text-sidebar-primary\" href=\"/hub/dashboard/usuarios\">",
    +                 "target": Array [
    +                   ".bg-sidebar-primary\\/10",
    +                 ],
    +               },
    +               Object {
    +                 "html": "<nav aria-label=\"Navegação de módulos\" class=\"hidden shrink-0 flex...\">",
    +                 "target": Array [
    +                   "nav",
    +                 ],
    +               },
    +             ],
    +           },
    +         ],
    +         "failureSummary": "Fix any of the following:
    +   Element has insufficient color contrast of 3.72 (foreground color: #2c67ea, background color: #dfdfe1, font size: 10.5pt (14px), font weight: normal). Expected contrast ratio of 4.5:1",
    +         "html": "<span class=\"truncate\">Gestão de Usuários</span>",
    +         "impact": "serious",
    +         "none": Array [],
    +         "target": Array [
    +           ".bg-sidebar-primary\\/10 > .truncate",
    +         ],
    +       },
    +     ],
    +     "tags": Array [
    +       "cat.color",
    +       "wcag2aa",
    +       "wcag143",
    +       "TTv5",
    +       "TT13.c",
    +       "EN-301-549",
    +       "EN-9.1.4.3",
    +       "ACT",
    +       "RGAAv4",
    +       "RGAA-3.2.1",
    +     ],
    +   },
    + ]

      51 |           resultado.violations,
      52 |           `contraste (${tema}) em ${tela.path}: ${JSON.stringify(resultado.violations)}`
    > 53 |         ).toEqual([]);
         |           ^
      54 |       });
      55 |     }
      56 |   }
        at /work/tests/e2e-hub-browser/contraste-telas-migradas.spec.ts:53:11

    attachment #1: screenshot (image/png) ──────────────────────────────────────────────────────────
    test-results/contraste-telas-migradas-6-fb4aa-ios-filter-bar-—-tema-light-chromium/test-failed-1.png
    ────────────────────────────────────────────────────────────────────────────────────────────────

    Error Context: test-results/contraste-telas-migradas-6-fb4aa-ios-filter-bar-—-tema-light-chromium/error-context.md

    attachment #3: trace (application/zip) ─────────────────────────────────────────────────────────
    test-results/contraste-telas-migradas-6-fb4aa-ios-filter-bar-—-tema-light-chromium/trace.zip
    Usage:

        npx playwright show-trace test-results/contraste-telas-migradas-6-fb4aa-ios-filter-bar-—-tema-light-chromium/trace.zip

    ────────────────────────────────────────────────────────────────────────────────────────────────

  7) [chromium] › tests/e2e-hub-browser/sessao-expira.spec.ts:29:7 › 6.2.5 — sessão expira em meio de ação (troca de entidade) -> redirect login › corromper accessToken mid-troca-de-entidade força logout e redirect para /hub/login 

    TimeoutError: page.waitForURL: Timeout 10000ms exceeded.
    =========================== logs ===========================
    waiting for navigation to "**/hub/login" until "load"
    ============================================================

      58 |     await page.getByRole('option').last().click();
      59 |
    > 60 |     await page.waitForURL('**/hub/login', { timeout: 10_000 });
         |                ^
      61 |     await expect(page).toHaveURL(/\/hub\/login$/);
      62 |
      63 |     // Não deve haver "flash" de conteúdo protegido residual (session-guard
        at /work/tests/e2e-hub-browser/sessao-expira.spec.ts:60:16

    attachment #1: screenshot (image/png) ──────────────────────────────────────────────────────────
    test-results/sessao-expira-6-2-5-—-sess-2e83d-t-e-redirect-para-hub-login-chromium/test-failed-1.png
    ────────────────────────────────────────────────────────────────────────────────────────────────

    Error Context: test-results/sessao-expira-6-2-5-—-sess-2e83d-t-e-redirect-para-hub-login-chromium/error-context.md

    attachment #3: trace (application/zip) ─────────────────────────────────────────────────────────
    test-results/sessao-expira-6-2-5-—-sess-2e83d-t-e-redirect-para-hub-login-chromium/trace.zip
    Usage:

        npx playwright show-trace test-results/sessao-expira-6-2-5-—-sess-2e83d-t-e-redirect-para-hub-login-chromium/trace.zip

    ────────────────────────────────────────────────────────────────────────────────────────────────

  8) [chromium] › tests/e2e-hub-browser/sidebar-colapso.spec.ts:22:7 › 2.1.5 — sidebar colapsável: persistência e acessibilidade do tooltip › colapsar via topbar reduz a largura da sidebar fixa e persiste após recarregar 

    Error: expect(received).toBeLessThan(expected)

    Expected: < 100
    Received:   159.359375

      35 |     await expect(page.getByRole('button', { name: TOGGLE_COLAPSADO })).toBeVisible();
      36 |     const larguraColapsada = (await nav.boundingBox())?.width ?? 0;
    > 37 |     expect(larguraColapsada).toBeLessThan(100); // w-16 = 64px — SC-001 (ganho de 176px)
         |                              ^
      38 |
      39 |     // Persistência (FR-003): recarrega e confirma que continua colapsada.
      40 |     await page.reload();
        at /work/tests/e2e-hub-browser/sidebar-colapso.spec.ts:37:30

    attachment #1: screenshot (image/png) ──────────────────────────────────────────────────────────
    test-results/sidebar-colapso-2-1-5-—-si-93770--e-persiste-após-recarregar-chromium/test-failed-1.png
    ────────────────────────────────────────────────────────────────────────────────────────────────

    Error Context: test-results/sidebar-colapso-2-1-5-—-si-93770--e-persiste-após-recarregar-chromium/error-context.md

    attachment #3: trace (application/zip) ─────────────────────────────────────────────────────────
    test-results/sidebar-colapso-2-1-5-—-si-93770--e-persiste-após-recarregar-chromium/trace.zip
    Usage:

        npx playwright show-trace test-results/sidebar-colapso-2-1-5-—-si-93770--e-persiste-após-recarregar-chromium/trace.zip

    ────────────────────────────────────────────────────────────────────────────────────────────────

  9) [chromium] › tests/e2e-hub-browser/sidebar-colapso.spec.ts:50:7 › 2.1.5 — sidebar colapsável: persistência e acessibilidade do tooltip › colapsada: tooltip com o nome do módulo aparece por foco de teclado E por hover (CHK001) 

    Error: expect(locator).toBeVisible() failed

    Locator: getByRole('tooltip')
    Expected: visible
    Timeout: 5000ms
    Error: element(s) not found

    Call log:
      - Expect "toBeVisible" with timeout 5000ms
      - waiting for getByRole('tooltip')


      65 |     // Popup, role="tooltip") visível.
      66 |     await primeiroItem.focus();
    > 67 |     await expect(page.getByRole('tooltip')).toBeVisible({ timeout: 5_000 });
         |                                             ^
      68 |     await expect(page.getByRole('tooltip')).toContainText(nomeAcessivel!.trim());
      69 |
      70 |     // Restaura o estado padrão (expandido) para os specs seguintes.
        at /work/tests/e2e-hub-browser/sidebar-colapso.spec.ts:67:45

    attachment #1: screenshot (image/png) ──────────────────────────────────────────────────────────
    test-results/sidebar-colapso-2-1-5-—-si-caa54-teclado-E-por-hover-CHK001--chromium/test-failed-1.png
    ────────────────────────────────────────────────────────────────────────────────────────────────

    Error Context: test-results/sidebar-colapso-2-1-5-—-si-caa54-teclado-E-por-hover-CHK001--chromium/error-context.md

    attachment #3: trace (application/zip) ─────────────────────────────────────────────────────────
    test-results/sidebar-colapso-2-1-5-—-si-caa54-teclado-E-por-hover-CHK001--chromium/trace.zip
    Usage:

        npx playwright show-trace test-results/sidebar-colapso-2-1-5-—-si-caa54-teclado-E-por-hover-CHK001--chromium/trace.zip

    ────────────────────────────────────────────────────────────────────────────────────────────────

  10) [chromium] › tests/e2e-hub-browser/white-label-simulacao.spec.ts:136:9 › 3.2 — validação de white-label simulado (SC-006/US2-AC3, sem seed de banco) › tema dark: injetar CSS vars do tenant simulado reflete em botão primário/sidebar ativa 

    Error: contraste WCAG AA com tenant simulado (dark): [{"id":"color-contrast","impact":"serious","tags":["cat.color","wcag2aa","wcag143","TTv5","TT13.c","EN-301-549","EN-9.1.4.3","ACT","RGAAv4","RGAA-3.2.1"],"description":"Ensure the contrast between foreground and background colors meets WCAG 2 AA minimum contrast ratio thresholds","help":"Elements must meet minimum color contrast ratio thresholds","helpUrl":"https://dequeuniversity.com/rules/axe/4.12/color-contrast?application=playwright","nodes":[{"any":[{"id":"color-contrast","data":{"fgColor":"#8b2fc9","bgColor":"#1b1a47","contrastRatio":2.6,"fontSize":"10.5pt (14px)","fontWeight":"normal","messageKey":null,"expectedContrastRatio":"4.5:1"},"relatedNodes":[{"html":"<a aria-current=\"page\" class=\"flex min-h-11 items-center gap-3 rounded-md px-3 text-sm font-medium transition-colors duration-200 motion-reduce:transition-none bg-sidebar-primary/10 text-sidebar-primary\" href=\"/hub/dashboard\">","target":[".bg-sidebar-primary\\/10"]},{"html":"<nav aria-label=\"Navegação de módulos\" class=\"hidden shrink-0 flex...\">","target":["nav"]}],"impact":"serious","message":"Element has insufficient color contrast of 2.6 (foreground color: #8b2fc9, background color: #1b1a47, font size: 10.5pt (14px), font weight: normal). Expected contrast ratio of 4.5:1"}],"all":[],"none":[],"impact":"serious","html":"<span class=\"truncate\">Painel Geral</span>","target":[".bg-sidebar-primary\\/10 > .truncate"],"failureSummary":"Fix any of the following:\n  Element has insufficient color contrast of 2.6 (foreground color: #8b2fc9, background color: #1b1a47, font size: 10.5pt (14px), font weight: normal). Expected contrast ratio of 4.5:1"}]}]

    expect(received).toEqual(expected) // deep equality

    - Expected  -  1
    + Received  + 64

    - Array []
    + Array [
    +   Object {
    +     "description": "Ensure the contrast between foreground and background colors meets WCAG 2 AA minimum contrast ratio thresholds",
    +     "help": "Elements must meet minimum color contrast ratio thresholds",
    +     "helpUrl": "https://dequeuniversity.com/rules/axe/4.12/color-contrast?application=playwright",
    +     "id": "color-contrast",
    +     "impact": "serious",
    +     "nodes": Array [
    +       Object {
    +         "all": Array [],
    +         "any": Array [
    +           Object {
    +             "data": Object {
    +               "bgColor": "#1b1a47",
    +               "contrastRatio": 2.6,
    +               "expectedContrastRatio": "4.5:1",
    +               "fgColor": "#8b2fc9",
    +               "fontSize": "10.5pt (14px)",
    +               "fontWeight": "normal",
    +               "messageKey": null,
    +             },
    +             "id": "color-contrast",
    +             "impact": "serious",
    +             "message": "Element has insufficient color contrast of 2.6 (foreground color: #8b2fc9, background color: #1b1a47, font size: 10.5pt (14px), font weight: normal). Expected contrast ratio of 4.5:1",
    +             "relatedNodes": Array [
    +               Object {
    +                 "html": "<a aria-current=\"page\" class=\"flex min-h-11 items-center gap-3 rounded-md px-3 text-sm font-medium transition-colors duration-200 motion-reduce:transition-none bg-sidebar-primary/10 text-sidebar-primary\" href=\"/hub/dashboard\">",
    +                 "target": Array [
    +                   ".bg-sidebar-primary\\/10",
    +                 ],
    +               },
    +               Object {
    +                 "html": "<nav aria-label=\"Navegação de módulos\" class=\"hidden shrink-0 flex...\">",
    +                 "target": Array [
    +                   "nav",
    +                 ],
    +               },
    +             ],
    +           },
    +         ],
    +         "failureSummary": "Fix any of the following:
    +   Element has insufficient color contrast of 2.6 (foreground color: #8b2fc9, background color: #1b1a47, font size: 10.5pt (14px), font weight: normal). Expected contrast ratio of 4.5:1",
    +         "html": "<span class=\"truncate\">Painel Geral</span>",
    +         "impact": "serious",
    +         "none": Array [],
    +         "target": Array [
    +           ".bg-sidebar-primary\\/10 > .truncate",
    +         ],
    +       },
    +     ],
    +     "tags": Array [
    +       "cat.color",
    +       "wcag2aa",
    +       "wcag143",
    +       "TTv5",
    +       "TT13.c",
    +       "EN-301-549",
    +       "EN-9.1.4.3",
    +       "ACT",
    +       "RGAAv4",
    +       "RGAA-3.2.1",
    +     ],
    +   },
    + ]

      175 |         resultado.violations,
      176 |         `contraste WCAG AA com tenant simulado (${tema}): ${JSON.stringify(resultado.violations)}`
    > 177 |       ).toEqual([]);
          |         ^
      178 |
      179 |       await limparBrandingSimulado(page);
      180 |     });
        at /work/tests/e2e-hub-browser/white-label-simulacao.spec.ts:177:9

    attachment #1: screenshot (image/png) ──────────────────────────────────────────────────────────
    test-results/white-label-simulacao-3-2--2591e-otão-primário-sidebar-ativa-chromium/test-failed-1.png
    ────────────────────────────────────────────────────────────────────────────────────────────────

    Error Context: test-results/white-label-simulacao-3-2--2591e-otão-primário-sidebar-ativa-chromium/error-context.md

    attachment #3: trace (application/zip) ─────────────────────────────────────────────────────────
    test-results/white-label-simulacao-3-2--2591e-otão-primário-sidebar-ativa-chromium/trace.zip
    Usage:

        npx playwright show-trace test-results/white-label-simulacao-3-2--2591e-otão-primário-sidebar-ativa-chromium/trace.zip

    ────────────────────────────────────────────────────────────────────────────────────────────────

  10 failed
    [chromium] › tests/e2e-hub-browser/contraste-telas-migradas.spec.ts:41:11 › 6.1 — auditoria de contraste (color-contrast) nas telas migradas, 2 temas › dashboard — tema light 
    [chromium] › tests/e2e-hub-browser/contraste-telas-migradas.spec.ts:41:11 › 6.1 — auditoria de contraste (color-contrast) nas telas migradas, 2 temas › performance (kpi-card) — tema light 
    [chromium] › tests/e2e-hub-browser/contraste-telas-migradas.spec.ts:41:11 › 6.1 — auditoria de contraste (color-contrast) nas telas migradas, 2 temas › faturamento (kpi-card) — tema light 
    [chromium] › tests/e2e-hub-browser/contraste-telas-migradas.spec.ts:41:11 › 6.1 — auditoria de contraste (color-contrast) nas telas migradas, 2 temas › motoristas (filter-bar) — tema light 
    [chromium] › tests/e2e-hub-browser/contraste-telas-migradas.spec.ts:41:11 › 6.1 — auditoria de contraste (color-contrast) nas telas migradas, 2 temas › importações (filter-bar) — tema light 
    [chromium] › tests/e2e-hub-browser/contraste-telas-migradas.spec.ts:41:11 › 6.1 — auditoria de contraste (color-contrast) nas telas migradas, 2 temas › usuários (filter-bar) — tema light 
    [chromium] › tests/e2e-hub-browser/sessao-expira.spec.ts:29:7 › 6.2.5 — sessão expira em meio de ação (troca de entidade) -> redirect login › corromper accessToken mid-troca-de-entidade força logout e redirect para /hub/login 
    [chromium] › tests/e2e-hub-browser/sidebar-colapso.spec.ts:22:7 › 2.1.5 — sidebar colapsável: persistência e acessibilidade do tooltip › colapsar via topbar reduz a largura da sidebar fixa e persiste após recarregar 
    [chromium] › tests/e2e-hub-browser/sidebar-colapso.spec.ts:50:7 › 2.1.5 — sidebar colapsável: persistência e acessibilidade do tooltip › colapsada: tooltip com o nome do módulo aparece por foco de teclado E por hover (CHK001) 
    [chromium] › tests/e2e-hub-browser/white-label-simulacao.spec.ts:136:9 › 3.2 — validação de white-label simulado (SC-006/US2-AC3, sem seed de banco) › tema dark: injetar CSS vars do tenant simulado reflete em botão primário/sidebar ativa 
  17 passed (55.4s)
