=== rito anti-starvation: estado do host ANTES ===
               total        used        free      shared  buff/cache   available
Mem:            15Gi       7.1Gi       1.3Gi       491Mi       7.9Gi       8.2Gi
Swap:          8.0Gi       3.7Gi       4.3Gi
NAME      TYPE SIZE USED PRIO
/swapfile file   8G 3.7G   -2
envio-massa-homologacao_frontend_v2_homologacao.1.iaetnos31hw0six9sjag317mc	Up 3 hours
hub_homolog_frontend	Up 2 days
envio-massa-homologacao_backend_homologacao.1.bjx54xxdjtmifec6c89y4v267	Up 3 days
hub_homolog_backend	Up 3 days
hub_homolog_backup	Up 4 weeks
hub_homolog_mailpit_mock	Up 5 weeks
hub_homolog_traefik	Up 4 weeks
hub_homolog_postgrest	Up 5 weeks
hub_homolog_db	Up 5 weeks (healthy)
hub_homolog_fastapi_mock	Up 5 weeks
hub_homolog_n8n_mock	Up 5 weeks
envio-massa-homologacao_frontend_motorista_homologacao.1.y4kmrbz47rdtwuzkz16cambxc	Up 7 weeks
envio-massa-homologacao_frontend_homologacao.1.ql509s50dod6qfjmt50vjvme8	Up 7 weeks
=== rito anti-starvation: OK, prosseguindo ===
=== seeds OK: admin(2 vínculos)=e2e-teste-shell-browser-admin-224538@example.test operador(1 vínculo)=e2e-teste-shell-browser-operador-224538@example.test — módulos ativados p/ 950101/950102 ===
=== Playwright (mcr.microsoft.com/playwright:v1.61.1-jammy) contra https://hub-homolog.todo-tips.com:8443 (network host + /etc/hosts local) ===

up to date in 889ms

Running 88 tests using 1 worker

AXE_RESULT tela="/hub/login" score=100 violacoes=0 detalhe=[]
  ✓   1 [chromium] › tests/e2e-hub-browser/axe-telas.spec.ts:51:7 › 6.3 — axe ≥95 nas telas novas do shell (públicas, sem sessão) › /hub/login (1.0s)
AXE_RESULT tela="/hub/recuperar-senha" score=100 violacoes=0 detalhe=[]
  ✓   2 [chromium] › tests/e2e-hub-browser/axe-telas.spec.ts:57:7 › 6.3 — axe ≥95 nas telas novas do shell (públicas, sem sessão) › /hub/recuperar-senha (874ms)
AXE_RESULT tela="/hub/redefinir-senha" score=100 violacoes=0 detalhe=[]
  ✓   3 [chromium] › tests/e2e-hub-browser/axe-telas.spec.ts:63:7 › 6.3 — axe ≥95 nas telas novas do shell (públicas, sem sessão) › /hub/redefinir-senha (864ms)
AXE_RESULT tela="/selecionar-entidade" score=100 violacoes=0 detalhe=[]
  ✓   4 [chromium] › tests/e2e-hub-browser/axe-telas.spec.ts:73:7 › 6.3 — axe ≥95 nas telas novas do shell (autenticadas, storageState admin) › /selecionar-entidade (ramo escolha, 2 vínculos) (846ms)
AXE_RESULT tela="/hub/dashboard" score=100 violacoes=0 detalhe=[]
  ✓   5 [chromium] › tests/e2e-hub-browser/axe-telas.spec.ts:84:7 › 6.3 — axe ≥95 nas telas novas do shell (autenticadas, storageState operador) › /hub/dashboard (1.0s)
AXE_RESULT tela="/hub/dashboard/perfil" score=100 violacoes=0 detalhe=[]
  ✓   6 [chromium] › tests/e2e-hub-browser/axe-telas.spec.ts:90:7 › 6.3 — axe ≥95 nas telas novas do shell (autenticadas, storageState operador) › /hub/dashboard/perfil (959ms)
AXE_CONTRASTE tela="/hub/dashboard" tema=dark violacoes=0
  ✓   7 [chromium] › tests/e2e-hub-browser/contraste-telas-migradas.spec.ts:41:11 › 6.1 — auditoria de contraste (color-contrast) nas telas migradas, 2 temas › dashboard — tema dark (919ms)
AXE_CONTRASTE tela="/hub/dashboard" tema=light violacoes=0
  ✓   8 [chromium] › tests/e2e-hub-browser/contraste-telas-migradas.spec.ts:41:11 › 6.1 — auditoria de contraste (color-contrast) nas telas migradas, 2 temas › dashboard — tema light (1.1s)
AXE_CONTRASTE tela="/hub/dashboard/performance" tema=dark violacoes=0
  ✓   9 [chromium] › tests/e2e-hub-browser/contraste-telas-migradas.spec.ts:41:11 › 6.1 — auditoria de contraste (color-contrast) nas telas migradas, 2 temas › performance (kpi-card) — tema dark (1.0s)
AXE_CONTRASTE tela="/hub/dashboard/performance" tema=light violacoes=0
  ✓  10 [chromium] › tests/e2e-hub-browser/contraste-telas-migradas.spec.ts:41:11 › 6.1 — auditoria de contraste (color-contrast) nas telas migradas, 2 temas › performance (kpi-card) — tema light (1.2s)
AXE_CONTRASTE tela="/hub/dashboard/faturamento" tema=dark violacoes=0
  ✓  11 [chromium] › tests/e2e-hub-browser/contraste-telas-migradas.spec.ts:41:11 › 6.1 — auditoria de contraste (color-contrast) nas telas migradas, 2 temas › faturamento (kpi-card) — tema dark (1.0s)
AXE_CONTRASTE tela="/hub/dashboard/faturamento" tema=light violacoes=0
  ✓  12 [chromium] › tests/e2e-hub-browser/contraste-telas-migradas.spec.ts:41:11 › 6.1 — auditoria de contraste (color-contrast) nas telas migradas, 2 temas › faturamento (kpi-card) — tema light (1.2s)
AXE_CONTRASTE tela="/hub/dashboard/motoristas" tema=dark violacoes=0
  ✓  13 [chromium] › tests/e2e-hub-browser/contraste-telas-migradas.spec.ts:41:11 › 6.1 — auditoria de contraste (color-contrast) nas telas migradas, 2 temas › motoristas (filter-bar) — tema dark (915ms)
AXE_CONTRASTE tela="/hub/dashboard/motoristas" tema=light violacoes=0
  ✓  14 [chromium] › tests/e2e-hub-browser/contraste-telas-migradas.spec.ts:41:11 › 6.1 — auditoria de contraste (color-contrast) nas telas migradas, 2 temas › motoristas (filter-bar) — tema light (959ms)
AXE_CONTRASTE tela="/hub/dashboard/importacoes" tema=dark violacoes=0
  ✓  15 [chromium] › tests/e2e-hub-browser/contraste-telas-migradas.spec.ts:41:11 › 6.1 — auditoria de contraste (color-contrast) nas telas migradas, 2 temas › importações (filter-bar) — tema dark (931ms)
AXE_CONTRASTE tela="/hub/dashboard/importacoes" tema=light violacoes=0
  ✓  16 [chromium] › tests/e2e-hub-browser/contraste-telas-migradas.spec.ts:41:11 › 6.1 — auditoria de contraste (color-contrast) nas telas migradas, 2 temas › importações (filter-bar) — tema light (1.1s)
AXE_CONTRASTE tela="/hub/dashboard/usuarios" tema=dark violacoes=0
  ✓  17 [chromium] › tests/e2e-hub-browser/contraste-telas-migradas.spec.ts:41:11 › 6.1 — auditoria de contraste (color-contrast) nas telas migradas, 2 temas › usuários (filter-bar) — tema dark (905ms)
AXE_CONTRASTE tela="/hub/dashboard/usuarios" tema=light violacoes=0
  ✓  18 [chromium] › tests/e2e-hub-browser/contraste-telas-migradas.spec.ts:41:11 › 6.1 — auditoria de contraste (color-contrast) nas telas migradas, 2 temas › usuários (filter-bar) — tema light (997ms)
  ✓  19 [chromium] › tests/e2e-hub-browser/impeccable-rodada3.spec.ts:34:9 › impeccable rodada 3 — A) filtro de período com presets › /hub/dashboard/auditoria: os 4 chips existem e "Este mês" preenche de/até (659ms)
  ✓  20 [chromium] › tests/e2e-hub-browser/impeccable-rodada3.spec.ts:34:9 › impeccable rodada 3 — A) filtro de período com presets › /hub/dashboard/importacoes: os 4 chips existem e "Este mês" preenche de/até (571ms)
  ✓  21 [chromium] › tests/e2e-hub-browser/impeccable-rodada3.spec.ts:34:9 › impeccable rodada 3 — A) filtro de período com presets › /hub/dashboard/performance: os 4 chips existem e "Este mês" preenche de/até (637ms)
  ✓  22 [chromium] › tests/e2e-hub-browser/impeccable-rodada3.spec.ts:34:9 › impeccable rodada 3 — A) filtro de período com presets › /hub/dashboard/faturamento: os 4 chips existem e "Este mês" preenche de/até (554ms)
  ✓  23 [chromium] › tests/e2e-hub-browser/impeccable-rodada3.spec.ts:62:7 › impeccable rodada 3 — A) filtro de período com presets › o intervalo é ecoado em pt-BR (DD/MM/AAAA), não no formato do browser (580ms)
  ✓  24 [chromium] › tests/e2e-hub-browser/impeccable-rodada3.spec.ts:73:7 › impeccable rodada 3 — A) filtro de período com presets › intervalo invertido é acusado com role=alert, nomeando problema e recuperação (546ms)
  ✓  25 [chromium] › tests/e2e-hub-browser/impeccable-rodada3.spec.ts:86:7 › impeccable rodada 3 — A) filtro de período com presets › "Todo o período" limpa as duas pontas de uma vez (573ms)
  ✓  26 [chromium] › tests/e2e-hub-browser/impeccable-rodada3.spec.ts:96:7 › impeccable rodada 3 — A) filtro de período com presets › mobile 390px: os chips não estouram a largura da viewport (382ms)
  ✓  27 [chromium] › tests/e2e-hub-browser/impeccable-rodada3.spec.ts:112:7 › impeccable rodada 3 — B) ajuda contextual (h10) › cada card do dashboard diz o que o módulo faz, não só o nome (587ms)
  ✓  28 [chromium] › tests/e2e-hub-browser/impeccable-rodada3.spec.ts:130:7 › impeccable rodada 3 — B) ajuda contextual (h10) › a descrição tem contraste de texto secundário legível (>= 4.5:1) (482ms)
  ✓  29 [chromium] › tests/e2e-hub-browser/impeccable-rodada3.spec.ts:165:7 › impeccable rodada 3 — B) ajuda contextual (h10) › o cabeçalho do dashboard nomeia a entidade em operação (338ms)
  ✓  30 [chromium] › tests/e2e-hub-browser/impeccable-rodada3.spec.ts:179:7 › impeccable rodada 3 — C) combobox de entidade na auditoria (h6) › o filtro de entidade deixou de ser campo numérico e virou combobox (379ms)
  ✓  31 [chromium] › tests/e2e-hub-browser/impeccable-rodada3.spec.ts:196:7 › impeccable rodada 3 — C) combobox de entidade na auditoria (h6) › admin: o combobox lista as entidades do usuário com nome, buscáveis por texto (567ms)
  ✓  32 [chromium] › tests/e2e-hub-browser/impeccable-rodada3.spec.ts:226:7 › impeccable rodada 3 — D) --font-mono real › a utility font-mono não cai na Jakarta (proporcional) e monoespaça de fato (382ms)
  ✓  33 [chromium] › tests/e2e-hub-browser/impeccable-rodada4.spec.ts:34:9 › impeccable rodada 4 — A) paginação com idioma único (h4) › /hub/dashboard/auditoria: o rodapé artesanal ("Anterior"/"Próxima" em texto) não existe mais (439ms)
  ✓  34 [chromium] › tests/e2e-hub-browser/impeccable-rodada4.spec.ts:34:9 › impeccable rodada 4 — A) paginação com idioma único (h4) › /hub/dashboard/importacoes: o rodapé artesanal ("Anterior"/"Próxima" em texto) não existe mais (463ms)
  ✓  35 [chromium] › tests/e2e-hub-browser/impeccable-rodada4.spec.ts:34:9 › impeccable rodada 4 — A) paginação com idioma único (h4) › /hub/dashboard/usuarios: o rodapé artesanal ("Anterior"/"Próxima" em texto) não existe mais (362ms)
  ✓  36 [chromium] › tests/e2e-hub-browser/impeccable-rodada4.spec.ts:34:9 › impeccable rodada 4 — A) paginação com idioma único (h4) › /hub/dashboard/motoristas: o rodapé artesanal ("Anterior"/"Próxima" em texto) não existe mais (415ms)
  ✓  37 [chromium] › tests/e2e-hub-browser/impeccable-rodada4.spec.ts:34:9 › impeccable rodada 4 — A) paginação com idioma único (h4) › /hub/dashboard/faturamento: o rodapé artesanal ("Anterior"/"Próxima" em texto) não existe mais (374ms)
  ✓  38 [chromium] › tests/e2e-hub-browser/impeccable-rodada4.spec.ts:34:9 › impeccable rodada 4 — A) paginação com idioma único (h4) › /hub/dashboard/performance: o rodapé artesanal ("Anterior"/"Próxima" em texto) não existe mais (479ms)
  ✓  39 [chromium] › tests/e2e-hub-browser/impeccable-rodada4.spec.ts:47:9 › impeccable rodada 4 — A) paginação com idioma único (h4) › /hub/dashboard/auditoria: com dados, usa o componente compartilhado (489ms)
  ✓  40 [chromium] › tests/e2e-hub-browser/impeccable-rodada4.spec.ts:47:9 › impeccable rodada 4 — A) paginação com idioma único (h4) › /hub/dashboard/usuarios: com dados, usa o componente compartilhado (469ms)
  ✓  41 [chromium] › tests/e2e-hub-browser/impeccable-rodada4.spec.ts:59:7 › impeccable rodada 4 — A) paginação com idioma único (h4) › a página atual é anunciada com aria-current (423ms)
  ✓  42 [chromium] › tests/e2e-hub-browser/impeccable-rodada4.spec.ts:66:7 › impeccable rodada 4 — A) paginação com idioma único (h4) › mobile 390px: a paginação não estoura a largura da viewport (404ms)
  ✓  43 [chromium] › tests/e2e-hub-browser/impeccable-rodada4.spec.ts:87:9 › impeccable rodada 4 — sem rolagem horizontal no celular (shell) › /hub/dashboard: body não rola na horizontal em 390px (382ms)
  ✓  44 [chromium] › tests/e2e-hub-browser/impeccable-rodada4.spec.ts:87:9 › impeccable rodada 4 — sem rolagem horizontal no celular (shell) › /hub/dashboard/perfil: body não rola na horizontal em 390px (292ms)
  ✓  45 [chromium] › tests/e2e-hub-browser/impeccable-rodada4.spec.ts:87:9 › impeccable rodada 4 — sem rolagem horizontal no celular (shell) › /hub/dashboard/auditoria: body não rola na horizontal em 390px (397ms)
  ✓  46 [chromium] › tests/e2e-hub-browser/impeccable-rodada4.spec.ts:115:7 › impeccable rodada 4 — B) persistência declarada no Sheet (h3/h9) › cada bloco diz QUANDO o que está nele passa a valer (563ms)
  ✓  47 [chromium] › tests/e2e-hub-browser/impeccable-rodada4.spec.ts:124:7 › impeccable rodada 4 — B) persistência declarada no Sheet (h3/h9) › sem edição pendente, Salvar dados fica desabilitado e Fechar é só Fechar (536ms)
  ✓  48 [chromium] › tests/e2e-hub-browser/impeccable-rodada4.spec.ts:134:7 › impeccable rodada 4 — B) persistência declarada no Sheet (h3/h9) › com edição pendente, o painel avisa e o botão de sair diz que vai descartar (599ms)
  ✓  49 [chromium] › tests/e2e-hub-browser/impeccable-rodada4.spec.ts:147:7 › impeccable rodada 4 — B) persistência declarada no Sheet (h3/h9) › desfazer a edição volta ao estado limpo (compara com o carregado, não com um snapshot) (632ms)
  ✓  50 [chromium] › tests/e2e-hub-browser/impeccable-rodada4.spec.ts:166:7 › impeccable rodada 4 — C) filtro de pessoa por nome (h6) › auditoria: o campo de ID cru deu lugar a um combobox (407ms)
  ✓  51 [chromium] › tests/e2e-hub-browser/impeccable-rodada4.spec.ts:178:7 › impeccable rodada 4 — C) filtro de pessoa por nome (h6) › auditoria: abrir o combobox lista pessoas por nome e e-mail (510ms)
  ✓  52 [chromium] › tests/e2e-hub-browser/impeccable-rodada4.spec.ts:187:7 › impeccable rodada 4 — C) filtro de pessoa por nome (h6) › importações: o filtro de responsável também deixou de pedir ID decorado (540ms)
  ✓  53 [chromium] › tests/e2e-hub-browser/impeccable-rodada4.spec.ts:197:7 › impeccable rodada 4 — C) filtro de pessoa por nome (h6) › 403 na listagem: degrada para campo de ID em vez de quebrar o filtro (577ms)
  ✓  54 [chromium] › tests/e2e-hub-browser/impeccable-rodada6-selecao.spec.ts:78:7 › impeccable rodada 6 — disparo por seleção › sem seleção: o botão fala do movimento inteiro e o POST não manda ids (1.0s)
  ✓  55 [chromium] › tests/e2e-hub-browser/impeccable-rodada6-selecao.spec.ts:93:7 › impeccable rodada 6 — disparo por seleção › com seleção mista: a confirmação conta quem já recebeu e o POST leva os ids marcados (1.3s)
  ✓  56 [chromium] › tests/e2e-hub-browser/impeccable-rodada6-selecao.spec.ts:124:7 › impeccable rodada 6 — disparo por seleção › seleção inteiramente já enviada: não há disparo a confirmar (1.0s)
  ✓  57 [chromium] › tests/e2e-hub-browser/impeccable-rodada6-selecao.spec.ts:140:7 › impeccable rodada 6 — disparo por seleção › a seleção sobrevive à troca de página — "todos" não apaga o que ficou atrás (1.2s)
  ✓  58 [chromium] › tests/e2e-hub-browser/impeccable-rodada6.spec.ts:68:7 › impeccable rodada 6 — recibo do disparo › enquanto o disparo roda não há recibo; ao terminar, ele fica na tela (5.8s)
  ✓  59 [chromium] › tests/e2e-hub-browser/impeccable-rodada6.spec.ts:87:7 › impeccable rodada 6 — recibo do disparo › o atalho leva às linhas com erro, e dispensar fecha o recibo (850ms)
  ✓  60 [chromium] › tests/e2e-hub-browser/impeccable-rodada7.spec.ts:61:7 › impeccable rodada 7 — um número, uma verdade › a barra e o diálogo dizem o MESMO número com seleção mista (1.2s)
  ✓  61 [chromium] › tests/e2e-hub-browser/impeccable-rodada7.spec.ts:82:7 › impeccable rodada 7 — um número, uma verdade › seleção toda já enviada não volta a prometer o movimento inteiro (780ms)
  ✓  62 [chromium] › tests/e2e-hub-browser/impeccable-rodada7.spec.ts:95:7 › impeccable rodada 7 — um número, uma verdade › o período do movimento aparece no cabeçalho e na confirmação do fechamento (829ms)
  ✓  63 [chromium] › tests/e2e-hub-browser/impeccable-rodada7.spec.ts:110:7 › impeccable rodada 7 — um número, uma verdade › falha ao carregar não é desenhada como movimento vazio (793ms)
  ✓  64 [chromium] › tests/e2e-hub-browser/impeccable-rodada7.spec.ts:134:7 › impeccable rodada 7 — um número, uma verdade › poll que falha não declara "Parado" nem reabilita o disparo (13.6s)
  ✓  65 [chromium] › tests/e2e-hub-browser/impeccable-rodada8.spec.ts:21:9 › impeccable rodada 8 — orientação e alcance › /hub/dashboard: o primeiro Tab é o skip link e ele leva ao conteúdo (1.2s)
  ✓  66 [chromium] › tests/e2e-hub-browser/impeccable-rodada8.spec.ts:21:9 › impeccable rodada 8 — orientação e alcance › /hub/dashboard/auditoria: o primeiro Tab é o skip link e ele leva ao conteúdo (1.1s)
  ✓  67 [chromium] › tests/e2e-hub-browser/impeccable-rodada8.spec.ts:21:9 › impeccable rodada 8 — orientação e alcance › /hub/dashboard/importacoes: o primeiro Tab é o skip link e ele leva ao conteúdo (1.2s)
  ✓  68 [chromium] › tests/e2e-hub-browser/impeccable-rodada8.spec.ts:21:9 › impeccable rodada 8 — orientação e alcance › /hub/dashboard/envio_massa: o primeiro Tab é o skip link e ele leva ao conteúdo (1.1s)
  ✓  69 [chromium] › tests/e2e-hub-browser/impeccable-rodada8.spec.ts:21:9 › impeccable rodada 8 — orientação e alcance › /hub/dashboard/usuarios/papeis: o primeiro Tab é o skip link e ele leva ao conteúdo (1.2s)
  ✓  70 [chromium] › tests/e2e-hub-browser/impeccable-rodada8.spec.ts:39:7 › impeccable rodada 8 — orientação e alcance › cada rota tem seu próprio título de aba, e nenhum nomeia o produto legado (4.5s)
  ✓  71 [chromium] › tests/e2e-hub-browser/impeccable-rodada8.spec.ts:105:7 › impeccable rodada 8 — nomes e atalhos no envio em massa › os checkboxes que decidem quem recebe mensagem dizem QUEM (523ms)
  ✓  72 [chromium] › tests/e2e-hub-browser/impeccable-rodada8.spec.ts:117:7 › impeccable rodada 8 — nomes e atalhos no envio em massa › o card de erro leva ao filtro correspondente, e o número bate (736ms)
  ✓  73 [chromium] › tests/e2e-hub-browser/impeccable-rodada8.spec.ts:128:7 › impeccable rodada 8 — nomes e atalhos no envio em massa › os cards de XML seguem informativos — o filtro não reproduziria a contagem (623ms)
  ✓  74 [chromium] › tests/e2e-hub-browser/impeccable-rodada8.spec.ts:136:7 › impeccable rodada 8 — nomes e atalhos no envio em massa › a seleção pode ser desfeita, e o botão diz quantas linhas estão marcadas (842ms)
  ✓  75 [chromium] › tests/e2e-hub-browser/impeccable-rodada8.spec.ts:150:7 › impeccable rodada 8 — nomes e atalhos no envio em massa › os filtros têm rótulo programático, não só placeholder (668ms)
MEDIDA_R9C m="s1_freq" n=10 no_fallback=0 leituras="Envio em Massa · Hub de Frota | Envio em Massa · Hub de Frota | Envio em Massa · Hub de Frota | Envio em Massa · Hub de Frota | Envio em Massa · Hub de Frota | Envio em Massa · Hub de Frota | Envio em Massa · Hub de Frota | Envio em Massa · Hub de Frota | Envio em Massa · Hub de Frota | Envio em Massa · Hub de Frota"
  ✓  76 [chromium] › tests/e2e-hub-browser/medicao-r9.spec.ts:22:7 › MEDIDA_R9C — frequência e contexto › S1: com que frequência o título fica no fallback? (16.7s)
MEDIDA_R9C m="contexto" rota="/hub/dashboard/envio_massa" n=3 ocorrencias="TH:"Numero" | TH:"Data Emissao" | TH:"Acoes""
  ✓  77 [chromium] › tests/e2e-hub-browser/medicao-r9.spec.ts:41:9 › MEDIDA_R9C — frequência e contexto › contexto das palavras sem acento em /hub/dashboard/envio_massa (1.1s)
MEDIDA_R9C m="contexto" rota="/hub/dashboard/usuarios/papeis" n=12 ocorrencias="SPAN:"usuarios.gerenciar" | SPAN:"usuarios" | SPAN:"usuarios.excluir" | SPAN:"usuarios" | SPAN:"usuarios.editar" | SPAN:"usuarios" | SPAN:"usuarios.criar" | SPAN:"usuarios" | SPAN:"usuarios.listar" | SPAN:"usuarios" | SPAN:"usuarios.consultar" | SPAN:"usuarios""
  ✓  78 [chromium] › tests/e2e-hub-browser/medicao-r9.spec.ts:41:9 › MEDIDA_R9C — frequência e contexto › contexto das palavras sem acento em /hub/dashboard/usuarios/papeis (1.3s)
MEDIDA_R9C m="contexto" rota="/hub/dashboard/validacao_xml" n=2 ocorrencias="H1:"Validacao XML NFSe" | DIV:"Selecione arquivos XML de NFSe para validacao em lote.""
  ✓  79 [chromium] › tests/e2e-hub-browser/medicao-r9.spec.ts:41:9 › MEDIDA_R9C — frequência e contexto › contexto das palavras sem acento em /hub/dashboard/validacao_xml (1.2s)
  ✓  80 [chromium] › tests/e2e-hub-browser/menus-por-papel.spec.ts:43:9 › 6.2.1 — ModuleNav difere por papel (FR-001/SC-001) › admin_entidade › vê os itens exclusivos (usuários + auditoria) (527ms)
  ✓  81 [chromium] › tests/e2e-hub-browser/menus-por-papel.spec.ts:59:9 › 6.2.1 — ModuleNav difere por papel (FR-001/SC-001) › operador › NÃO vê nenhum dos itens exclusivos (sem auditoria.consultar/usuarios.gerenciar) (615ms)
  ✓  82 [chromium] › tests/e2e-hub-browser/sessao-expira.spec.ts:29:7 › 6.2.5 — sessão expira em meio de ação (troca de entidade) -> redirect login › corromper accessToken mid-troca-de-entidade força logout e redirect para /hub/login (641ms)
  ✓  83 [chromium] › tests/e2e-hub-browser/sidebar-colapso.spec.ts:22:7 › 2.1.5 — sidebar colapsável: persistência e acessibilidade do tooltip › colapsar via topbar reduz a largura da sidebar fixa e persiste após recarregar (912ms)
  ✓  84 [chromium] › tests/e2e-hub-browser/sidebar-colapso.spec.ts:58:7 › 2.1.5 — sidebar colapsável: persistência e acessibilidade do tooltip › colapsada: tooltip com o nome do módulo aparece por foco de teclado E por hover (CHK001) (1.3s)
  ✓  85 [chromium] › tests/e2e-hub-browser/theme-toggle.spec.ts:17:7 › 3.1.3 — alternar tema: navegação e persistência › tema padrão é escuro (FR-008); alternar, navegar e recarregar preserva a escolha (913ms)
TROCA_ENTIDADE_TIMING_MS=343
  ✓  86 [chromium] › tests/e2e-hub-browser/troca-entidade-timing.spec.ts:19:7 › 6.2.3 — troca de entidade reflete em <5s, sem novo login (SC-003) › EntitySwitcher atualiza o rótulo exibido em menos de 5s (749ms)
  ✓  87 [chromium] › tests/e2e-hub-browser/white-label-simulacao.spec.ts:141:9 › 3.2 — validação de white-label simulado (SC-006/US2-AC3, sem seed de banco) › tema dark: injetar CSS vars do tenant simulado reflete em botão primário/sidebar ativa (1.2s)
  ✓  88 [chromium] › tests/e2e-hub-browser/white-label-simulacao.spec.ts:141:9 › 3.2 — validação de white-label simulado (SC-006/US2-AC3, sem seed de banco) › tema light: injetar CSS vars do tenant simulado reflete em botão primário/sidebar ativa (1.3s)

  88 passed (1.8m)
'/var/lib/envioMassa_homologacao/app_homologacao/frontend_v2/tests/e2e-hub-browser/.evidencias/6.5.1-modulenav-admin_entidade.png' -> '/var/lib/envioMassa_homologacao/docs/plans/hub-frota/evidencias/S3/6.5.1-modulenav-admin_entidade.png'
'/var/lib/envioMassa_homologacao/app_homologacao/frontend_v2/tests/e2e-hub-browser/.evidencias/6.5.1-modulenav-operador.png' -> '/var/lib/envioMassa_homologacao/docs/plans/hub-frota/evidencias/S3/6.5.1-modulenav-operador.png'
'/var/lib/envioMassa_homologacao/app_homologacao/frontend_v2/tests/e2e-hub-browser/.evidencias/white-label-antes-dark.png' -> '/var/lib/envioMassa_homologacao/docs/plans/hub-frota/evidencias/S3/white-label-antes-dark.png'
'/var/lib/envioMassa_homologacao/app_homologacao/frontend_v2/tests/e2e-hub-browser/.evidencias/white-label-antes-light.png' -> '/var/lib/envioMassa_homologacao/docs/plans/hub-frota/evidencias/S3/white-label-antes-light.png'
'/var/lib/envioMassa_homologacao/app_homologacao/frontend_v2/tests/e2e-hub-browser/.evidencias/white-label-depois-dark.png' -> '/var/lib/envioMassa_homologacao/docs/plans/hub-frota/evidencias/S3/white-label-depois-dark.png'
'/var/lib/envioMassa_homologacao/app_homologacao/frontend_v2/tests/e2e-hub-browser/.evidencias/white-label-depois-light.png' -> '/var/lib/envioMassa_homologacao/docs/plans/hub-frota/evidencias/S3/white-label-depois-light.png'

=== log completo: /var/lib/envioMassa_homologacao/docs/plans/hub-frota/evidencias/S3/fase6-browser-run-20260810T224536Z.log ===
=== evidências (prints 6.5.1) em: /var/lib/envioMassa_homologacao/docs/plans/hub-frota/evidencias/S3 ===
HUB-SHELL-E2E-BROWSER: OK — Playwright (6.2.1/6.2.3/6.2.5/6.3) verde

=== cleanup: removendo linhas e2e-teste-shell-browser-* (owner bypassa RLS) ===
SET
DELETE 5
DELETE 2
DELETE 3
DELETE 2
DELETE 20
=== cleanup: concluído ===
=== estado do host DEPOIS ===
               total        used        free      shared  buff/cache   available
Mem:            15Gi       7.6Gi       640Mi       491Mi       7.8Gi       7.7Gi
Swap:          8.0Gi       3.7Gi       4.3Gi
envio-massa-homologacao_frontend_v2_homologacao.1.iaetnos31hw0six9sjag317mc	Up 3 hours
hub_homolog_frontend	Up 2 days
envio-massa-homologacao_backend_homologacao.1.bjx54xxdjtmifec6c89y4v267	Up 3 days
hub_homolog_backend	Up 3 days
hub_homolog_backup	Up 4 weeks
hub_homolog_mailpit_mock	Up 5 weeks
hub_homolog_traefik	Up 4 weeks
hub_homolog_postgrest	Up 5 weeks
hub_homolog_db	Up 5 weeks (healthy)
hub_homolog_fastapi_mock	Up 5 weeks
hub_homolog_n8n_mock	Up 5 weeks
envio-massa-homologacao_frontend_motorista_homologacao.1.y4kmrbz47rdtwuzkz16cambxc	Up 7 weeks
envio-massa-homologacao_frontend_homologacao.1.ql509s50dod6qfjmt50vjvme8	Up 7 weeks
