=== rito anti-starvation: estado do host ANTES ===
               total        used        free      shared  buff/cache   available
Mem:            15Gi       7.2Gi       1.3Gi       492Mi       7.8Gi       8.1Gi
Swap:          8.0Gi       3.7Gi       4.3Gi
NAME      TYPE SIZE USED PRIO
/swapfile file   8G 3.7G   -2
envio-massa-homologacao_frontend_v2_homologacao.1.iaetnos31hw0six9sjag317mc	Up 3 hours
hub_homolog_frontend	Up 2 days
envio-massa-homologacao_backend_homologacao.1.bjx54xxdjtmifec6c89y4v267	Up 3 days
hub_homolog_backend	Up 3 days
hub_homolog_backup	Up 4 weeks
hub_homolog_mailpit_mock	Up 5 weeks
hub_homolog_traefik	Up 4 weeks
hub_homolog_postgrest	Up 5 weeks
hub_homolog_db	Up 5 weeks (healthy)
hub_homolog_fastapi_mock	Up 5 weeks
hub_homolog_n8n_mock	Up 5 weeks
envio-massa-homologacao_frontend_motorista_homologacao.1.y4kmrbz47rdtwuzkz16cambxc	Up 7 weeks
envio-massa-homologacao_frontend_homologacao.1.ql509s50dod6qfjmt50vjvme8	Up 7 weeks
=== rito anti-starvation: OK, prosseguindo ===
=== seeds OK: admin(2 vínculos)=e2e-teste-shell-browser-admin-223758@example.test operador(1 vínculo)=e2e-teste-shell-browser-operador-223758@example.test — módulos ativados p/ 950101/950102 ===
=== Playwright (mcr.microsoft.com/playwright:v1.61.1-jammy) contra https://hub-homolog.todo-tips.com:8443 (network host + /etc/hosts local) ===

up to date in 1s

Running 132 tests using 1 worker

AXE_RESULT tela="/hub/login" score=100 violacoes=0 detalhe=[]
  ✓    1 [chromium] › tests/e2e-hub-browser/axe-telas.spec.ts:51:7 › 6.3 — axe ≥95 nas telas novas do shell (públicas, sem sessão) › /hub/login (982ms)
AXE_RESULT tela="/hub/recuperar-senha" score=100 violacoes=0 detalhe=[]
  ✓    2 [chromium] › tests/e2e-hub-browser/axe-telas.spec.ts:57:7 › 6.3 — axe ≥95 nas telas novas do shell (públicas, sem sessão) › /hub/recuperar-senha (894ms)
AXE_RESULT tela="/hub/redefinir-senha" score=100 violacoes=0 detalhe=[]
  ✓    3 [chromium] › tests/e2e-hub-browser/axe-telas.spec.ts:63:7 › 6.3 — axe ≥95 nas telas novas do shell (públicas, sem sessão) › /hub/redefinir-senha (903ms)
AXE_RESULT tela="/selecionar-entidade" score=100 violacoes=0 detalhe=[]
  ✓    4 [chromium] › tests/e2e-hub-browser/axe-telas.spec.ts:73:7 › 6.3 — axe ≥95 nas telas novas do shell (autenticadas, storageState admin) › /selecionar-entidade (ramo escolha, 2 vínculos) (824ms)
AXE_RESULT tela="/hub/dashboard" score=100 violacoes=0 detalhe=[]
  ✓    5 [chromium] › tests/e2e-hub-browser/axe-telas.spec.ts:84:7 › 6.3 — axe ≥95 nas telas novas do shell (autenticadas, storageState operador) › /hub/dashboard (1.2s)
AXE_RESULT tela="/hub/dashboard/perfil" score=100 violacoes=0 detalhe=[]
  ✓    6 [chromium] › tests/e2e-hub-browser/axe-telas.spec.ts:90:7 › 6.3 — axe ≥95 nas telas novas do shell (autenticadas, storageState operador) › /hub/dashboard/perfil (1.0s)
AXE_CONTRASTE tela="/hub/dashboard" tema=dark violacoes=0
  ✓    7 [chromium] › tests/e2e-hub-browser/contraste-telas-migradas.spec.ts:41:11 › 6.1 — auditoria de contraste (color-contrast) nas telas migradas, 2 temas › dashboard — tema dark (908ms)
AXE_CONTRASTE tela="/hub/dashboard" tema=light violacoes=0
  ✓    8 [chromium] › tests/e2e-hub-browser/contraste-telas-migradas.spec.ts:41:11 › 6.1 — auditoria de contraste (color-contrast) nas telas migradas, 2 temas › dashboard — tema light (1.1s)
AXE_CONTRASTE tela="/hub/dashboard/performance" tema=dark violacoes=0
  ✓    9 [chromium] › tests/e2e-hub-browser/contraste-telas-migradas.spec.ts:41:11 › 6.1 — auditoria de contraste (color-contrast) nas telas migradas, 2 temas › performance (kpi-card) — tema dark (943ms)
AXE_CONTRASTE tela="/hub/dashboard/performance" tema=light violacoes=0
  ✓   10 [chromium] › tests/e2e-hub-browser/contraste-telas-migradas.spec.ts:41:11 › 6.1 — auditoria de contraste (color-contrast) nas telas migradas, 2 temas › performance (kpi-card) — tema light (1.2s)
AXE_CONTRASTE tela="/hub/dashboard/faturamento" tema=dark violacoes=0
  ✓   11 [chromium] › tests/e2e-hub-browser/contraste-telas-migradas.spec.ts:41:11 › 6.1 — auditoria de contraste (color-contrast) nas telas migradas, 2 temas › faturamento (kpi-card) — tema dark (1.1s)
AXE_CONTRASTE tela="/hub/dashboard/faturamento" tema=light violacoes=0
  ✓   12 [chromium] › tests/e2e-hub-browser/contraste-telas-migradas.spec.ts:41:11 › 6.1 — auditoria de contraste (color-contrast) nas telas migradas, 2 temas › faturamento (kpi-card) — tema light (1.1s)
AXE_CONTRASTE tela="/hub/dashboard/motoristas" tema=dark violacoes=0
  ✓   13 [chromium] › tests/e2e-hub-browser/contraste-telas-migradas.spec.ts:41:11 › 6.1 — auditoria de contraste (color-contrast) nas telas migradas, 2 temas › motoristas (filter-bar) — tema dark (856ms)
AXE_CONTRASTE tela="/hub/dashboard/motoristas" tema=light violacoes=0
  ✓   14 [chromium] › tests/e2e-hub-browser/contraste-telas-migradas.spec.ts:41:11 › 6.1 — auditoria de contraste (color-contrast) nas telas migradas, 2 temas › motoristas (filter-bar) — tema light (1.1s)
AXE_CONTRASTE tela="/hub/dashboard/importacoes" tema=dark violacoes=0
  ✓   15 [chromium] › tests/e2e-hub-browser/contraste-telas-migradas.spec.ts:41:11 › 6.1 — auditoria de contraste (color-contrast) nas telas migradas, 2 temas › importações (filter-bar) — tema dark (973ms)
AXE_CONTRASTE tela="/hub/dashboard/importacoes" tema=light violacoes=0
  ✓   16 [chromium] › tests/e2e-hub-browser/contraste-telas-migradas.spec.ts:41:11 › 6.1 — auditoria de contraste (color-contrast) nas telas migradas, 2 temas › importações (filter-bar) — tema light (1.1s)
AXE_CONTRASTE tela="/hub/dashboard/usuarios" tema=dark violacoes=0
  ✓   17 [chromium] › tests/e2e-hub-browser/contraste-telas-migradas.spec.ts:41:11 › 6.1 — auditoria de contraste (color-contrast) nas telas migradas, 2 temas › usuários (filter-bar) — tema dark (927ms)
AXE_CONTRASTE tela="/hub/dashboard/usuarios" tema=light violacoes=0
  ✓   18 [chromium] › tests/e2e-hub-browser/contraste-telas-migradas.spec.ts:41:11 › 6.1 — auditoria de contraste (color-contrast) nas telas migradas, 2 temas › usuários (filter-bar) — tema light (955ms)
  ✓   19 [chromium] › tests/e2e-hub-browser/impeccable-rodada3.spec.ts:34:9 › impeccable rodada 3 — A) filtro de período com presets › /hub/dashboard/auditoria: os 4 chips existem e "Este mês" preenche de/até (532ms)
  ✓   20 [chromium] › tests/e2e-hub-browser/impeccable-rodada3.spec.ts:34:9 › impeccable rodada 3 — A) filtro de período com presets › /hub/dashboard/importacoes: os 4 chips existem e "Este mês" preenche de/até (622ms)
  ✓   21 [chromium] › tests/e2e-hub-browser/impeccable-rodada3.spec.ts:34:9 › impeccable rodada 3 — A) filtro de período com presets › /hub/dashboard/performance: os 4 chips existem e "Este mês" preenche de/até (667ms)
  ✓   22 [chromium] › tests/e2e-hub-browser/impeccable-rodada3.spec.ts:34:9 › impeccable rodada 3 — A) filtro de período com presets › /hub/dashboard/faturamento: os 4 chips existem e "Este mês" preenche de/até (552ms)
  ✓   23 [chromium] › tests/e2e-hub-browser/impeccable-rodada3.spec.ts:62:7 › impeccable rodada 3 — A) filtro de período com presets › o intervalo é ecoado em pt-BR (DD/MM/AAAA), não no formato do browser (527ms)
  ✓   24 [chromium] › tests/e2e-hub-browser/impeccable-rodada3.spec.ts:73:7 › impeccable rodada 3 — A) filtro de período com presets › intervalo invertido é acusado com role=alert, nomeando problema e recuperação (568ms)
  ✓   25 [chromium] › tests/e2e-hub-browser/impeccable-rodada3.spec.ts:86:7 › impeccable rodada 3 — A) filtro de período com presets › "Todo o período" limpa as duas pontas de uma vez (529ms)
  ✓   26 [chromium] › tests/e2e-hub-browser/impeccable-rodada3.spec.ts:96:7 › impeccable rodada 3 — A) filtro de período com presets › mobile 390px: os chips não estouram a largura da viewport (417ms)
  ✓   27 [chromium] › tests/e2e-hub-browser/impeccable-rodada3.spec.ts:112:7 › impeccable rodada 3 — B) ajuda contextual (h10) › cada card do dashboard diz o que o módulo faz, não só o nome (384ms)
  ✓   28 [chromium] › tests/e2e-hub-browser/impeccable-rodada3.spec.ts:130:7 › impeccable rodada 3 — B) ajuda contextual (h10) › a descrição tem contraste de texto secundário legível (>= 4.5:1) (660ms)
  ✓   29 [chromium] › tests/e2e-hub-browser/impeccable-rodada3.spec.ts:165:7 › impeccable rodada 3 — B) ajuda contextual (h10) › o cabeçalho do dashboard nomeia a entidade em operação (406ms)
  ✓   30 [chromium] › tests/e2e-hub-browser/impeccable-rodada3.spec.ts:179:7 › impeccable rodada 3 — C) combobox de entidade na auditoria (h6) › o filtro de entidade deixou de ser campo numérico e virou combobox (413ms)
  ✓   31 [chromium] › tests/e2e-hub-browser/impeccable-rodada3.spec.ts:196:7 › impeccable rodada 3 — C) combobox de entidade na auditoria (h6) › admin: o combobox lista as entidades do usuário com nome, buscáveis por texto (607ms)
  ✓   32 [chromium] › tests/e2e-hub-browser/impeccable-rodada3.spec.ts:226:7 › impeccable rodada 3 — D) --font-mono real › a utility font-mono não cai na Jakarta (proporcional) e monoespaça de fato (517ms)
  ✓   33 [chromium] › tests/e2e-hub-browser/impeccable-rodada4.spec.ts:34:9 › impeccable rodada 4 — A) paginação com idioma único (h4) › /hub/dashboard/auditoria: o rodapé artesanal ("Anterior"/"Próxima" em texto) não existe mais (415ms)
  ✓   34 [chromium] › tests/e2e-hub-browser/impeccable-rodada4.spec.ts:34:9 › impeccable rodada 4 — A) paginação com idioma único (h4) › /hub/dashboard/importacoes: o rodapé artesanal ("Anterior"/"Próxima" em texto) não existe mais (419ms)
  ✓   35 [chromium] › tests/e2e-hub-browser/impeccable-rodada4.spec.ts:34:9 › impeccable rodada 4 — A) paginação com idioma único (h4) › /hub/dashboard/usuarios: o rodapé artesanal ("Anterior"/"Próxima" em texto) não existe mais (573ms)
  ✓   36 [chromium] › tests/e2e-hub-browser/impeccable-rodada4.spec.ts:34:9 › impeccable rodada 4 — A) paginação com idioma único (h4) › /hub/dashboard/motoristas: o rodapé artesanal ("Anterior"/"Próxima" em texto) não existe mais (406ms)
  ✓   37 [chromium] › tests/e2e-hub-browser/impeccable-rodada4.spec.ts:34:9 › impeccable rodada 4 — A) paginação com idioma único (h4) › /hub/dashboard/faturamento: o rodapé artesanal ("Anterior"/"Próxima" em texto) não existe mais (437ms)
  ✓   38 [chromium] › tests/e2e-hub-browser/impeccable-rodada4.spec.ts:34:9 › impeccable rodada 4 — A) paginação com idioma único (h4) › /hub/dashboard/performance: o rodapé artesanal ("Anterior"/"Próxima" em texto) não existe mais (557ms)
  ✓   39 [chromium] › tests/e2e-hub-browser/impeccable-rodada4.spec.ts:47:9 › impeccable rodada 4 — A) paginação com idioma único (h4) › /hub/dashboard/auditoria: com dados, usa o componente compartilhado (438ms)
  ✓   40 [chromium] › tests/e2e-hub-browser/impeccable-rodada4.spec.ts:47:9 › impeccable rodada 4 — A) paginação com idioma único (h4) › /hub/dashboard/usuarios: com dados, usa o componente compartilhado (428ms)
  ✓   41 [chromium] › tests/e2e-hub-browser/impeccable-rodada4.spec.ts:59:7 › impeccable rodada 4 — A) paginação com idioma único (h4) › a página atual é anunciada com aria-current (652ms)
  ✓   42 [chromium] › tests/e2e-hub-browser/impeccable-rodada4.spec.ts:66:7 › impeccable rodada 4 — A) paginação com idioma único (h4) › mobile 390px: a paginação não estoura a largura da viewport (394ms)
  ✓   43 [chromium] › tests/e2e-hub-browser/impeccable-rodada4.spec.ts:87:9 › impeccable rodada 4 — sem rolagem horizontal no celular (shell) › /hub/dashboard: body não rola na horizontal em 390px (381ms)
  ✓   44 [chromium] › tests/e2e-hub-browser/impeccable-rodada4.spec.ts:87:9 › impeccable rodada 4 — sem rolagem horizontal no celular (shell) › /hub/dashboard/perfil: body não rola na horizontal em 390px (303ms)
  ✓   45 [chromium] › tests/e2e-hub-browser/impeccable-rodada4.spec.ts:87:9 › impeccable rodada 4 — sem rolagem horizontal no celular (shell) › /hub/dashboard/auditoria: body não rola na horizontal em 390px (498ms)
  ✓   46 [chromium] › tests/e2e-hub-browser/impeccable-rodada4.spec.ts:115:7 › impeccable rodada 4 — B) persistência declarada no Sheet (h3/h9) › cada bloco diz QUANDO o que está nele passa a valer (610ms)
  ✓   47 [chromium] › tests/e2e-hub-browser/impeccable-rodada4.spec.ts:124:7 › impeccable rodada 4 — B) persistência declarada no Sheet (h3/h9) › sem edição pendente, Salvar dados fica desabilitado e Fechar é só Fechar (597ms)
  ✓   48 [chromium] › tests/e2e-hub-browser/impeccable-rodada4.spec.ts:134:7 › impeccable rodada 4 — B) persistência declarada no Sheet (h3/h9) › com edição pendente, o painel avisa e o botão de sair diz que vai descartar (575ms)
  ✓   49 [chromium] › tests/e2e-hub-browser/impeccable-rodada4.spec.ts:147:7 › impeccable rodada 4 — B) persistência declarada no Sheet (h3/h9) › desfazer a edição volta ao estado limpo (compara com o carregado, não com um snapshot) (646ms)
  ✓   50 [chromium] › tests/e2e-hub-browser/impeccable-rodada4.spec.ts:166:7 › impeccable rodada 4 — C) filtro de pessoa por nome (h6) › auditoria: o campo de ID cru deu lugar a um combobox (404ms)
  ✓   51 [chromium] › tests/e2e-hub-browser/impeccable-rodada4.spec.ts:178:7 › impeccable rodada 4 — C) filtro de pessoa por nome (h6) › auditoria: abrir o combobox lista pessoas por nome e e-mail (714ms)
  ✓   52 [chromium] › tests/e2e-hub-browser/impeccable-rodada4.spec.ts:187:7 › impeccable rodada 4 — C) filtro de pessoa por nome (h6) › importações: o filtro de responsável também deixou de pedir ID decorado (442ms)
  ✓   53 [chromium] › tests/e2e-hub-browser/impeccable-rodada4.spec.ts:197:7 › impeccable rodada 4 — C) filtro de pessoa por nome (h6) › 403 na listagem: degrada para campo de ID em vez de quebrar o filtro (607ms)
  ✓   54 [chromium] › tests/e2e-hub-browser/impeccable-rodada6-selecao.spec.ts:78:7 › impeccable rodada 6 — disparo por seleção › sem seleção: o botão fala do movimento inteiro e o POST não manda ids (1.0s)
  ✓   55 [chromium] › tests/e2e-hub-browser/impeccable-rodada6-selecao.spec.ts:93:7 › impeccable rodada 6 — disparo por seleção › com seleção mista: a confirmação conta quem já recebeu e o POST leva os ids marcados (1.2s)
  ✓   56 [chromium] › tests/e2e-hub-browser/impeccable-rodada6-selecao.spec.ts:124:7 › impeccable rodada 6 — disparo por seleção › seleção inteiramente já enviada: não há disparo a confirmar (1.1s)
  ✓   57 [chromium] › tests/e2e-hub-browser/impeccable-rodada6-selecao.spec.ts:140:7 › impeccable rodada 6 — disparo por seleção › a seleção sobrevive à troca de página — "todos" não apaga o que ficou atrás (1.2s)
  ✓   58 [chromium] › tests/e2e-hub-browser/impeccable-rodada6.spec.ts:68:7 › impeccable rodada 6 — recibo do disparo › enquanto o disparo roda não há recibo; ao terminar, ele fica na tela (5.8s)
  ✓   59 [chromium] › tests/e2e-hub-browser/impeccable-rodada6.spec.ts:87:7 › impeccable rodada 6 — recibo do disparo › o atalho leva às linhas com erro, e dispensar fecha o recibo (952ms)
  ✓   60 [chromium] › tests/e2e-hub-browser/impeccable-rodada7.spec.ts:61:7 › impeccable rodada 7 — um número, uma verdade › a barra e o diálogo dizem o MESMO número com seleção mista (1.3s)
  ✓   61 [chromium] › tests/e2e-hub-browser/impeccable-rodada7.spec.ts:82:7 › impeccable rodada 7 — um número, uma verdade › seleção toda já enviada não volta a prometer o movimento inteiro (801ms)
  ✓   62 [chromium] › tests/e2e-hub-browser/impeccable-rodada7.spec.ts:95:7 › impeccable rodada 7 — um número, uma verdade › o período do movimento aparece no cabeçalho e na confirmação do fechamento (915ms)
  ✓   63 [chromium] › tests/e2e-hub-browser/impeccable-rodada7.spec.ts:110:7 › impeccable rodada 7 — um número, uma verdade › falha ao carregar não é desenhada como movimento vazio (794ms)
  ✓   64 [chromium] › tests/e2e-hub-browser/impeccable-rodada7.spec.ts:134:7 › impeccable rodada 7 — um número, uma verdade › poll que falha não declara "Parado" nem reabilita o disparo (13.7s)
  ✓   65 [chromium] › tests/e2e-hub-browser/impeccable-rodada8.spec.ts:21:9 › impeccable rodada 8 — orientação e alcance › /hub/dashboard: o primeiro Tab é o skip link e ele leva ao conteúdo (1.2s)
  ✓   66 [chromium] › tests/e2e-hub-browser/impeccable-rodada8.spec.ts:21:9 › impeccable rodada 8 — orientação e alcance › /hub/dashboard/auditoria: o primeiro Tab é o skip link e ele leva ao conteúdo (1.3s)
  ✓   67 [chromium] › tests/e2e-hub-browser/impeccable-rodada8.spec.ts:21:9 › impeccable rodada 8 — orientação e alcance › /hub/dashboard/importacoes: o primeiro Tab é o skip link e ele leva ao conteúdo (1.2s)
  ✓   68 [chromium] › tests/e2e-hub-browser/impeccable-rodada8.spec.ts:21:9 › impeccable rodada 8 — orientação e alcance › /hub/dashboard/envio_massa: o primeiro Tab é o skip link e ele leva ao conteúdo (1.3s)
  ✓   69 [chromium] › tests/e2e-hub-browser/impeccable-rodada8.spec.ts:21:9 › impeccable rodada 8 — orientação e alcance › /hub/dashboard/usuarios/papeis: o primeiro Tab é o skip link e ele leva ao conteúdo (1.2s)
  ✓   70 [chromium] › tests/e2e-hub-browser/impeccable-rodada8.spec.ts:39:7 › impeccable rodada 8 — orientação e alcance › cada rota tem seu próprio título de aba, e nenhum nomeia o produto legado (4.5s)
  ✓   71 [chromium] › tests/e2e-hub-browser/impeccable-rodada8.spec.ts:105:7 › impeccable rodada 8 — nomes e atalhos no envio em massa › os checkboxes que decidem quem recebe mensagem dizem QUEM (613ms)
  ✓   72 [chromium] › tests/e2e-hub-browser/impeccable-rodada8.spec.ts:117:7 › impeccable rodada 8 — nomes e atalhos no envio em massa › o card de erro leva ao filtro correspondente, e o número bate (673ms)
  ✓   73 [chromium] › tests/e2e-hub-browser/impeccable-rodada8.spec.ts:128:7 › impeccable rodada 8 — nomes e atalhos no envio em massa › os cards de XML seguem informativos — o filtro não reproduziria a contagem (633ms)
  ✓   74 [chromium] › tests/e2e-hub-browser/impeccable-rodada8.spec.ts:136:7 › impeccable rodada 8 — nomes e atalhos no envio em massa › a seleção pode ser desfeita, e o botão diz quantas linhas estão marcadas (797ms)
  ✓   75 [chromium] › tests/e2e-hub-browser/impeccable-rodada8.spec.ts:150:7 › impeccable rodada 8 — nomes e atalhos no envio em massa › os filtros têm rótulo programático, não só placeholder (628ms)
MEDIDA_R9 m="foco" rota="/hub/dashboard" url_final="/hub/dashboard" titulo="Painel Geral · Hub de Frota" primeiro_tabbable="A Pular para o conteúdo" tabs_ate_conteudo=16 focos_sem_indicador=0 exemplos=""
MEDIDA_R9 m="estrutura" rota="/hub/dashboard" h1=1 pulos_de_nivel=0 niveis="1>2>2>2>2>2>2>2>2>2" tamanhos_de_fonte=3 controles_sem_nome=1 exemplos="INPUT"
MEDIDA_R9 m="linguagem" rota="/hub/dashboard" palavras_sem_acento=0 detalhe=""
  ✓   76 [chromium] › tests/e2e-hub-browser/medicao-r9.spec.ts:92:9 › MEDIDA_R9 — orientação, foco e linguagem (desktop 1280) › sonda /hub/dashboard (1.7s)
MEDIDA_R9 m="foco" rota="/hub/dashboard/admin" url_final="/hub/dashboard/admin" titulo="Painel Geral · Hub de Frota" primeiro_tabbable="A Pular para o conteúdo" tabs_ate_conteudo=16 focos_sem_indicador=0 exemplos=""
MEDIDA_R9 m="estrutura" rota="/hub/dashboard/admin" h1=1 pulos_de_nivel=0 niveis="1" tamanhos_de_fonte=4 controles_sem_nome=1 exemplos="INPUT"
MEDIDA_R9 m="linguagem" rota="/hub/dashboard/admin" palavras_sem_acento=0 detalhe=""
  ✓   77 [chromium] › tests/e2e-hub-browser/medicao-r9.spec.ts:92:9 › MEDIDA_R9 — orientação, foco e linguagem (desktop 1280) › sonda /hub/dashboard/admin (1.6s)
MEDIDA_R9 m="foco" rota="/hub/dashboard/auditoria" url_final="/hub/dashboard/auditoria" titulo="Auditoria · Hub de Frota" primeiro_tabbable="A Pular para o conteúdo" tabs_ate_conteudo=16 focos_sem_indicador=2 exemplos="INPUT: | INPUT:"
MEDIDA_R9 m="estrutura" rota="/hub/dashboard/auditoria" h1=1 pulos_de_nivel=0 niveis="1" tamanhos_de_fonte=5 controles_sem_nome=1 exemplos="INPUT"
MEDIDA_R9 m="linguagem" rota="/hub/dashboard/auditoria" palavras_sem_acento=0 detalhe=""
  ✓   78 [chromium] › tests/e2e-hub-browser/medicao-r9.spec.ts:92:9 › MEDIDA_R9 — orientação, foco e linguagem (desktop 1280) › sonda /hub/dashboard/auditoria (1.7s)
MEDIDA_R9 m="foco" rota="/hub/dashboard/envio_massa" url_final="/hub/dashboard/envio_massa" titulo="Hub de Frota" primeiro_tabbable="A Pular para o conteúdo" tabs_ate_conteudo=16 focos_sem_indicador=1 exemplos="INPUT:"
MEDIDA_R9 m="estrutura" rota="/hub/dashboard/envio_massa" h1=1 pulos_de_nivel=0 niveis="1" tamanhos_de_fonte=5 controles_sem_nome=3 exemplos="INPUT | INPUT.hidden | INPUT"
MEDIDA_R9 m="linguagem" rota="/hub/dashboard/envio_massa" palavras_sem_acento=3 detalhe="Numero(1)->Número | Emissao(1)->Emissão | Acoes(1)->Ações"
  ✓   79 [chromium] › tests/e2e-hub-browser/medicao-r9.spec.ts:92:9 › MEDIDA_R9 — orientação, foco e linguagem (desktop 1280) › sonda /hub/dashboard/envio_massa (1.8s)
MEDIDA_R9 m="foco" rota="/hub/dashboard/faturamento" url_final="/hub/dashboard/faturamento" titulo="Faturamento · Hub de Frota" primeiro_tabbable="A Pular para o conteúdo" tabs_ate_conteudo=16 focos_sem_indicador=2 exemplos="INPUT: | INPUT:"
MEDIDA_R9 m="estrutura" rota="/hub/dashboard/faturamento" h1=1 pulos_de_nivel=0 niveis="1" tamanhos_de_fonte=6 controles_sem_nome=1 exemplos="INPUT"
MEDIDA_R9 m="linguagem" rota="/hub/dashboard/faturamento" palavras_sem_acento=0 detalhe=""
  ✓   80 [chromium] › tests/e2e-hub-browser/medicao-r9.spec.ts:92:9 › MEDIDA_R9 — orientação, foco e linguagem (desktop 1280) › sonda /hub/dashboard/faturamento (1.7s)
MEDIDA_R9 m="foco" rota="/hub/dashboard/importacoes" url_final="/hub/dashboard/importacoes" titulo="Importações · Hub de Frota" primeiro_tabbable="A Pular para o conteúdo" tabs_ate_conteudo=16 focos_sem_indicador=2 exemplos="INPUT: | INPUT:"
MEDIDA_R9 m="estrutura" rota="/hub/dashboard/importacoes" h1=1 pulos_de_nivel=0 niveis="1" tamanhos_de_fonte=5 controles_sem_nome=1 exemplos="INPUT"
MEDIDA_R9 m="linguagem" rota="/hub/dashboard/importacoes" palavras_sem_acento=0 detalhe=""
  ✓   81 [chromium] › tests/e2e-hub-browser/medicao-r9.spec.ts:92:9 › MEDIDA_R9 — orientação, foco e linguagem (desktop 1280) › sonda /hub/dashboard/importacoes (1.7s)
MEDIDA_R9 m="foco" rota="/hub/dashboard/motoristas" url_final="/hub/dashboard/motoristas" titulo="Motoristas · Hub de Frota" primeiro_tabbable="A Pular para o conteúdo" tabs_ate_conteudo=16 focos_sem_indicador=0 exemplos=""
MEDIDA_R9 m="estrutura" rota="/hub/dashboard/motoristas" h1=1 pulos_de_nivel=0 niveis="1" tamanhos_de_fonte=5 controles_sem_nome=1 exemplos="INPUT"
MEDIDA_R9 m="linguagem" rota="/hub/dashboard/motoristas" palavras_sem_acento=0 detalhe=""
  ✓   82 [chromium] › tests/e2e-hub-browser/medicao-r9.spec.ts:92:9 › MEDIDA_R9 — orientação, foco e linguagem (desktop 1280) › sonda /hub/dashboard/motoristas (1.6s)
MEDIDA_R9 m="foco" rota="/hub/dashboard/perfil" url_final="/hub/dashboard/perfil" titulo="Painel Geral · Hub de Frota" primeiro_tabbable="A Pular para o conteúdo" tabs_ate_conteudo=16 focos_sem_indicador=0 exemplos=""
MEDIDA_R9 m="estrutura" rota="/hub/dashboard/perfil" h1=1 pulos_de_nivel=0 niveis="1>2" tamanhos_de_fonte=2 controles_sem_nome=1 exemplos="INPUT"
MEDIDA_R9 m="linguagem" rota="/hub/dashboard/perfil" palavras_sem_acento=0 detalhe=""
  ✓   83 [chromium] › tests/e2e-hub-browser/medicao-r9.spec.ts:92:9 › MEDIDA_R9 — orientação, foco e linguagem (desktop 1280) › sonda /hub/dashboard/perfil (1.5s)
MEDIDA_R9 m="foco" rota="/hub/dashboard/performance" url_final="/hub/dashboard/performance" titulo="Performance · Hub de Frota" primeiro_tabbable="A Pular para o conteúdo" tabs_ate_conteudo=16 focos_sem_indicador=2 exemplos="INPUT: | INPUT:"
MEDIDA_R9 m="estrutura" rota="/hub/dashboard/performance" h1=1 pulos_de_nivel=0 niveis="1" tamanhos_de_fonte=6 controles_sem_nome=1 exemplos="INPUT"
MEDIDA_R9 m="linguagem" rota="/hub/dashboard/performance" palavras_sem_acento=0 detalhe=""
  ✓   84 [chromium] › tests/e2e-hub-browser/medicao-r9.spec.ts:92:9 › MEDIDA_R9 — orientação, foco e linguagem (desktop 1280) › sonda /hub/dashboard/performance (1.8s)
MEDIDA_R9 m="foco" rota="/hub/dashboard/usuarios" url_final="/hub/dashboard/usuarios" titulo="Gestão de Usuários · Hub de Frota" primeiro_tabbable="A Pular para o conteúdo" tabs_ate_conteudo=16 focos_sem_indicador=0 exemplos=""
MEDIDA_R9 m="estrutura" rota="/hub/dashboard/usuarios" h1=1 pulos_de_nivel=0 niveis="1" tamanhos_de_fonte=5 controles_sem_nome=1 exemplos="INPUT"
MEDIDA_R9 m="linguagem" rota="/hub/dashboard/usuarios" palavras_sem_acento=0 detalhe=""
  ✓   85 [chromium] › tests/e2e-hub-browser/medicao-r9.spec.ts:92:9 › MEDIDA_R9 — orientação, foco e linguagem (desktop 1280) › sonda /hub/dashboard/usuarios (1.6s)
MEDIDA_R9 m="foco" rota="/hub/dashboard/usuarios/papeis" url_final="/hub/dashboard/usuarios/papeis" titulo="Gestão de Usuários · Hub de Frota" primeiro_tabbable="A Pular para o conteúdo" tabs_ate_conteudo=>40 focos_sem_indicador=0 exemplos=""
MEDIDA_R9 m="estrutura" rota="/hub/dashboard/usuarios/papeis" h1=1 pulos_de_nivel=0 niveis="1" tamanhos_de_fonte=3 controles_sem_nome=133 exemplos="INPUT | INPUT | INPUT | INPUT | INPUT | INPUT | INPUT | INPUT"
MEDIDA_R9 m="linguagem" rota="/hub/dashboard/usuarios/papeis" palavras_sem_acento=1 detalhe="usuarios(12)->Usuário/Usuários"
  ✓   86 [chromium] › tests/e2e-hub-browser/medicao-r9.spec.ts:92:9 › MEDIDA_R9 — orientação, foco e linguagem (desktop 1280) › sonda /hub/dashboard/usuarios/papeis (2.0s)
MEDIDA_R9 m="foco" rota="/hub/dashboard/validacao_xml" url_final="/hub/dashboard/validacao_xml" titulo="Validação XML · Hub de Frota" primeiro_tabbable="A Pular para o conteúdo" tabs_ate_conteudo=16 focos_sem_indicador=0 exemplos=""
MEDIDA_R9 m="estrutura" rota="/hub/dashboard/validacao_xml" h1=2 pulos_de_nivel=0 niveis="1>1" tamanhos_de_fonte=2 controles_sem_nome=1 exemplos="INPUT"
MEDIDA_R9 m="linguagem" rota="/hub/dashboard/validacao_xml" palavras_sem_acento=1 detalhe="Validacao(2)->Validação"
  ✓   87 [chromium] › tests/e2e-hub-browser/medicao-r9.spec.ts:92:9 › MEDIDA_R9 — orientação, foco e linguagem (desktop 1280) › sonda /hub/dashboard/validacao_xml (1.5s)
MEDIDA_R9 m="mobile" rota="/hub/dashboard" overflow_px=0 alvos=16 menores_que_44=0 detalhe=""
  ✓   88 [chromium] › tests/e2e-hub-browser/medicao-r9.spec.ts:187:9 › MEDIDA_R9 — alvos e rolagem em 390px › 390px /hub/dashboard (1.0s)
MEDIDA_R9 m="mobile" rota="/hub/dashboard/admin" overflow_px=0 alvos=8 menores_que_44=0 detalhe=""
  ✓   89 [chromium] › tests/e2e-hub-browser/medicao-r9.spec.ts:187:9 › MEDIDA_R9 — alvos e rolagem em 390px › 390px /hub/dashboard/admin (855ms)
MEDIDA_R9 m="mobile" rota="/hub/dashboard/auditoria" overflow_px=0 alvos=22 menores_que_44=0 detalhe=""
  ✓   90 [chromium] › tests/e2e-hub-browser/medicao-r9.spec.ts:187:9 › MEDIDA_R9 — alvos e rolagem em 390px › 390px /hub/dashboard/auditoria (922ms)
MEDIDA_R9 m="mobile" rota="/hub/dashboard/envio_massa" overflow_px=0 alvos=30 menores_que_44=0 detalhe=""
  ✓   91 [chromium] › tests/e2e-hub-browser/medicao-r9.spec.ts:187:9 › MEDIDA_R9 — alvos e rolagem em 390px › 390px /hub/dashboard/envio_massa (925ms)
MEDIDA_R9 m="mobile" rota="/hub/dashboard/faturamento" overflow_px=0 alvos=21 menores_que_44=0 detalhe=""
  ✓   92 [chromium] › tests/e2e-hub-browser/medicao-r9.spec.ts:187:9 › MEDIDA_R9 — alvos e rolagem em 390px › 390px /hub/dashboard/faturamento (890ms)
MEDIDA_R9 m="mobile" rota="/hub/dashboard/importacoes" overflow_px=0 alvos=19 menores_que_44=0 detalhe=""
  ✓   93 [chromium] › tests/e2e-hub-browser/medicao-r9.spec.ts:187:9 › MEDIDA_R9 — alvos e rolagem em 390px › 390px /hub/dashboard/importacoes (956ms)
MEDIDA_R9 m="mobile" rota="/hub/dashboard/motoristas" overflow_px=0 alvos=13 menores_que_44=0 detalhe=""
  ✓   94 [chromium] › tests/e2e-hub-browser/medicao-r9.spec.ts:187:9 › MEDIDA_R9 — alvos e rolagem em 390px › 390px /hub/dashboard/motoristas (859ms)
MEDIDA_R9 m="mobile" rota="/hub/dashboard/perfil" overflow_px=0 alvos=9 menores_que_44=0 detalhe=""
  ✓   95 [chromium] › tests/e2e-hub-browser/medicao-r9.spec.ts:187:9 › MEDIDA_R9 — alvos e rolagem em 390px › 390px /hub/dashboard/perfil (880ms)
MEDIDA_R9 m="mobile" rota="/hub/dashboard/performance" overflow_px=0 alvos=20 menores_que_44=0 detalhe=""
  ✓   96 [chromium] › tests/e2e-hub-browser/medicao-r9.spec.ts:187:9 › MEDIDA_R9 — alvos e rolagem em 390px › 390px /hub/dashboard/performance (917ms)
MEDIDA_R9 m="mobile" rota="/hub/dashboard/usuarios" overflow_px=0 alvos=15 menores_que_44=0 detalhe=""
  ✓   97 [chromium] › tests/e2e-hub-browser/medicao-r9.spec.ts:187:9 › MEDIDA_R9 — alvos e rolagem em 390px › 390px /hub/dashboard/usuarios (884ms)
MEDIDA_R9 m="mobile" rota="/hub/dashboard/usuarios/papeis" overflow_px=0 alvos=271 menores_que_44=10 detalhe="SPAN"dashboard.consultar para Admin"207x37 | INPUT""207x37 | SPAN"dashboard.consultar para Admin"190x37 | INPUT""190x37 | SPAN"dashboard.consultar para Opera"81x37 | INPUT""81x37 | SPAN"dashboard.consultar para Somen"120x37 | INPUT""120x37 | SPAN"motoristas.exportar para Admin"207x37 | INPUT""207x37"
  ✓   98 [chromium] › tests/e2e-hub-browser/medicao-r9.spec.ts:187:9 › MEDIDA_R9 — alvos e rolagem em 390px › 390px /hub/dashboard/usuarios/papeis (942ms)
MEDIDA_R9 m="mobile" rota="/hub/dashboard/validacao_xml" overflow_px=0 alvos=10 menores_que_44=1 detalhe="BUTTON"Validar"326x32"
  ✓   99 [chromium] › tests/e2e-hub-browser/medicao-r9.spec.ts:187:9 › MEDIDA_R9 — alvos e rolagem em 390px › 390px /hub/dashboard/validacao_xml (942ms)
MEDIDA_R9 m="contraste" rota="/hub/dashboard" tema=dark violacoes=0 nos=0 detalhe=""
  ✓  100 [chromium] › tests/e2e-hub-browser/medicao-r9.spec.ts:232:11 › MEDIDA_R9 — contraste real nos dois temas › contraste /hub/dashboard [dark] (2.2s)
MEDIDA_R9 m="contraste" rota="/hub/dashboard" tema=light violacoes=0 nos=0 detalhe=""
  ✓  101 [chromium] › tests/e2e-hub-browser/medicao-r9.spec.ts:232:11 › MEDIDA_R9 — contraste real nos dois temas › contraste /hub/dashboard [light] (2.7s)
MEDIDA_R9 m="contraste" rota="/hub/dashboard/admin" tema=dark violacoes=0 nos=0 detalhe=""
  ✓  102 [chromium] › tests/e2e-hub-browser/medicao-r9.spec.ts:232:11 › MEDIDA_R9 — contraste real nos dois temas › contraste /hub/dashboard/admin [dark] (2.3s)
MEDIDA_R9 m="contraste" rota="/hub/dashboard/admin" tema=light violacoes=0 nos=0 detalhe=""
  ✓  103 [chromium] › tests/e2e-hub-browser/medicao-r9.spec.ts:232:11 › MEDIDA_R9 — contraste real nos dois temas › contraste /hub/dashboard/admin [light] (2.7s)
MEDIDA_R9 m="contraste" rota="/hub/dashboard/auditoria" tema=dark violacoes=0 nos=0 detalhe=""
  ✓  104 [chromium] › tests/e2e-hub-browser/medicao-r9.spec.ts:232:11 › MEDIDA_R9 — contraste real nos dois temas › contraste /hub/dashboard/auditoria [dark] (2.3s)
MEDIDA_R9 m="contraste" rota="/hub/dashboard/auditoria" tema=light violacoes=0 nos=0 detalhe=""
  ✓  105 [chromium] › tests/e2e-hub-browser/medicao-r9.spec.ts:232:11 › MEDIDA_R9 — contraste real nos dois temas › contraste /hub/dashboard/auditoria [light] (2.9s)
MEDIDA_R9 m="contraste" rota="/hub/dashboard/envio_massa" tema=dark violacoes=0 nos=0 detalhe=""
  ✓  106 [chromium] › tests/e2e-hub-browser/medicao-r9.spec.ts:232:11 › MEDIDA_R9 — contraste real nos dois temas › contraste /hub/dashboard/envio_massa [dark] (2.3s)
MEDIDA_R9 m="contraste" rota="/hub/dashboard/envio_massa" tema=light violacoes=0 nos=0 detalhe=""
  ✓  107 [chromium] › tests/e2e-hub-browser/medicao-r9.spec.ts:232:11 › MEDIDA_R9 — contraste real nos dois temas › contraste /hub/dashboard/envio_massa [light] (2.9s)
MEDIDA_R9 m="contraste" rota="/hub/dashboard/faturamento" tema=dark violacoes=0 nos=0 detalhe=""
  ✓  108 [chromium] › tests/e2e-hub-browser/medicao-r9.spec.ts:232:11 › MEDIDA_R9 — contraste real nos dois temas › contraste /hub/dashboard/faturamento [dark] (2.3s)
MEDIDA_R9 m="contraste" rota="/hub/dashboard/faturamento" tema=light violacoes=0 nos=0 detalhe=""
  ✓  109 [chromium] › tests/e2e-hub-browser/medicao-r9.spec.ts:232:11 › MEDIDA_R9 — contraste real nos dois temas › contraste /hub/dashboard/faturamento [light] (2.8s)
MEDIDA_R9 m="contraste" rota="/hub/dashboard/importacoes" tema=dark violacoes=0 nos=0 detalhe=""
  ✓  110 [chromium] › tests/e2e-hub-browser/medicao-r9.spec.ts:232:11 › MEDIDA_R9 — contraste real nos dois temas › contraste /hub/dashboard/importacoes [dark] (2.3s)
MEDIDA_R9 m="contraste" rota="/hub/dashboard/importacoes" tema=light violacoes=0 nos=0 detalhe=""
  ✓  111 [chromium] › tests/e2e-hub-browser/medicao-r9.spec.ts:232:11 › MEDIDA_R9 — contraste real nos dois temas › contraste /hub/dashboard/importacoes [light] (2.7s)
MEDIDA_R9 m="contraste" rota="/hub/dashboard/motoristas" tema=dark violacoes=0 nos=0 detalhe=""
  ✓  112 [chromium] › tests/e2e-hub-browser/medicao-r9.spec.ts:232:11 › MEDIDA_R9 — contraste real nos dois temas › contraste /hub/dashboard/motoristas [dark] (2.2s)
MEDIDA_R9 m="contraste" rota="/hub/dashboard/motoristas" tema=light violacoes=0 nos=0 detalhe=""
  ✓  113 [chromium] › tests/e2e-hub-browser/medicao-r9.spec.ts:232:11 › MEDIDA_R9 — contraste real nos dois temas › contraste /hub/dashboard/motoristas [light] (2.7s)
MEDIDA_R9 m="contraste" rota="/hub/dashboard/perfil" tema=dark violacoes=0 nos=0 detalhe=""
  ✓  114 [chromium] › tests/e2e-hub-browser/medicao-r9.spec.ts:232:11 › MEDIDA_R9 — contraste real nos dois temas › contraste /hub/dashboard/perfil [dark] (2.1s)
MEDIDA_R9 m="contraste" rota="/hub/dashboard/perfil" tema=light violacoes=0 nos=0 detalhe=""
  ✓  115 [chromium] › tests/e2e-hub-browser/medicao-r9.spec.ts:232:11 › MEDIDA_R9 — contraste real nos dois temas › contraste /hub/dashboard/perfil [light] (2.6s)
MEDIDA_R9 m="contraste" rota="/hub/dashboard/performance" tema=dark violacoes=0 nos=0 detalhe=""
  ✓  116 [chromium] › tests/e2e-hub-browser/medicao-r9.spec.ts:232:11 › MEDIDA_R9 — contraste real nos dois temas › contraste /hub/dashboard/performance [dark] (2.2s)
MEDIDA_R9 m="contraste" rota="/hub/dashboard/performance" tema=light violacoes=0 nos=0 detalhe=""
  ✓  117 [chromium] › tests/e2e-hub-browser/medicao-r9.spec.ts:232:11 › MEDIDA_R9 — contraste real nos dois temas › contraste /hub/dashboard/performance [light] (3.0s)
MEDIDA_R9 m="contraste" rota="/hub/dashboard/usuarios" tema=dark violacoes=0 nos=0 detalhe=""
  ✓  118 [chromium] › tests/e2e-hub-browser/medicao-r9.spec.ts:232:11 › MEDIDA_R9 — contraste real nos dois temas › contraste /hub/dashboard/usuarios [dark] (2.2s)
MEDIDA_R9 m="contraste" rota="/hub/dashboard/usuarios" tema=light violacoes=0 nos=0 detalhe=""
  ✓  119 [chromium] › tests/e2e-hub-browser/medicao-r9.spec.ts:232:11 › MEDIDA_R9 — contraste real nos dois temas › contraste /hub/dashboard/usuarios [light] (2.6s)
MEDIDA_R9 m="contraste" rota="/hub/dashboard/usuarios/papeis" tema=dark violacoes=0 nos=0 detalhe=""
  ✓  120 [chromium] › tests/e2e-hub-browser/medicao-r9.spec.ts:232:11 › MEDIDA_R9 — contraste real nos dois temas › contraste /hub/dashboard/usuarios/papeis [dark] (2.5s)
MEDIDA_R9 m="contraste" rota="/hub/dashboard/usuarios/papeis" tema=light violacoes=0 nos=0 detalhe=""
  ✓  121 [chromium] › tests/e2e-hub-browser/medicao-r9.spec.ts:232:11 › MEDIDA_R9 — contraste real nos dois temas › contraste /hub/dashboard/usuarios/papeis [light] (3.1s)
MEDIDA_R9 m="contraste" rota="/hub/dashboard/validacao_xml" tema=dark violacoes=0 nos=0 detalhe=""
  ✓  122 [chromium] › tests/e2e-hub-browser/medicao-r9.spec.ts:232:11 › MEDIDA_R9 — contraste real nos dois temas › contraste /hub/dashboard/validacao_xml [dark] (2.1s)
MEDIDA_R9 m="contraste" rota="/hub/dashboard/validacao_xml" tema=light violacoes=0 nos=0 detalhe=""
  ✓  123 [chromium] › tests/e2e-hub-browser/medicao-r9.spec.ts:232:11 › MEDIDA_R9 — contraste real nos dois temas › contraste /hub/dashboard/validacao_xml [light] (2.8s)
  ✓  124 [chromium] › tests/e2e-hub-browser/menus-por-papel.spec.ts:43:9 › 6.2.1 — ModuleNav difere por papel (FR-001/SC-001) › admin_entidade › vê os itens exclusivos (usuários + auditoria) (535ms)
  ✓  125 [chromium] › tests/e2e-hub-browser/menus-por-papel.spec.ts:59:9 › 6.2.1 — ModuleNav difere por papel (FR-001/SC-001) › operador › NÃO vê nenhum dos itens exclusivos (sem auditoria.consultar/usuarios.gerenciar) (500ms)
  ✓  126 [chromium] › tests/e2e-hub-browser/sessao-expira.spec.ts:29:7 › 6.2.5 — sessão expira em meio de ação (troca de entidade) -> redirect login › corromper accessToken mid-troca-de-entidade força logout e redirect para /hub/login (674ms)
  ✓  127 [chromium] › tests/e2e-hub-browser/sidebar-colapso.spec.ts:22:7 › 2.1.5 — sidebar colapsável: persistência e acessibilidade do tooltip › colapsar via topbar reduz a largura da sidebar fixa e persiste após recarregar (941ms)
  ✓  128 [chromium] › tests/e2e-hub-browser/sidebar-colapso.spec.ts:58:7 › 2.1.5 — sidebar colapsável: persistência e acessibilidade do tooltip › colapsada: tooltip com o nome do módulo aparece por foco de teclado E por hover (CHK001) (1.2s)
  ✓  129 [chromium] › tests/e2e-hub-browser/theme-toggle.spec.ts:17:7 › 3.1.3 — alternar tema: navegação e persistência › tema padrão é escuro (FR-008); alternar, navegar e recarregar preserva a escolha (758ms)
TROCA_ENTIDADE_TIMING_MS=257
  ✓  130 [chromium] › tests/e2e-hub-browser/troca-entidade-timing.spec.ts:19:7 › 6.2.3 — troca de entidade reflete em <5s, sem novo login (SC-003) › EntitySwitcher atualiza o rótulo exibido em menos de 5s (671ms)
  ✓  131 [chromium] › tests/e2e-hub-browser/white-label-simulacao.spec.ts:141:9 › 3.2 — validação de white-label simulado (SC-006/US2-AC3, sem seed de banco) › tema dark: injetar CSS vars do tenant simulado reflete em botão primário/sidebar ativa (1.2s)
  ✓  132 [chromium] › tests/e2e-hub-browser/white-label-simulacao.spec.ts:141:9 › 3.2 — validação de white-label simulado (SC-006/US2-AC3, sem seed de banco) › tema light: injetar CSS vars do tenant simulado reflete em botão primário/sidebar ativa (1.2s)

  132 passed (3.0m)
'/var/lib/envioMassa_homologacao/app_homologacao/frontend_v2/tests/e2e-hub-browser/.evidencias/6.5.1-modulenav-admin_entidade.png' -> '/var/lib/envioMassa_homologacao/docs/plans/hub-frota/evidencias/S3/6.5.1-modulenav-admin_entidade.png'
'/var/lib/envioMassa_homologacao/app_homologacao/frontend_v2/tests/e2e-hub-browser/.evidencias/6.5.1-modulenav-operador.png' -> '/var/lib/envioMassa_homologacao/docs/plans/hub-frota/evidencias/S3/6.5.1-modulenav-operador.png'
'/var/lib/envioMassa_homologacao/app_homologacao/frontend_v2/tests/e2e-hub-browser/.evidencias/white-label-antes-dark.png' -> '/var/lib/envioMassa_homologacao/docs/plans/hub-frota/evidencias/S3/white-label-antes-dark.png'
'/var/lib/envioMassa_homologacao/app_homologacao/frontend_v2/tests/e2e-hub-browser/.evidencias/white-label-antes-light.png' -> '/var/lib/envioMassa_homologacao/docs/plans/hub-frota/evidencias/S3/white-label-antes-light.png'
'/var/lib/envioMassa_homologacao/app_homologacao/frontend_v2/tests/e2e-hub-browser/.evidencias/white-label-depois-dark.png' -> '/var/lib/envioMassa_homologacao/docs/plans/hub-frota/evidencias/S3/white-label-depois-dark.png'
'/var/lib/envioMassa_homologacao/app_homologacao/frontend_v2/tests/e2e-hub-browser/.evidencias/white-label-depois-light.png' -> '/var/lib/envioMassa_homologacao/docs/plans/hub-frota/evidencias/S3/white-label-depois-light.png'

=== log completo: /var/lib/envioMassa_homologacao/docs/plans/hub-frota/evidencias/S3/fase6-browser-run-20260810T223756Z.log ===
=== evidências (prints 6.5.1) em: /var/lib/envioMassa_homologacao/docs/plans/hub-frota/evidencias/S3 ===
HUB-SHELL-E2E-BROWSER: OK — Playwright (6.2.1/6.2.3/6.2.5/6.3) verde

=== cleanup: removendo linhas e2e-teste-shell-browser-* (owner bypassa RLS) ===
SET
DELETE 5
DELETE 2
DELETE 3
DELETE 2
DELETE 20
=== cleanup: concluído ===
=== estado do host DEPOIS ===
               total        used        free      shared  buff/cache   available
Mem:            15Gi       7.3Gi       1.1Gi       492Mi       7.9Gi       8.0Gi
Swap:          8.0Gi       3.7Gi       4.3Gi
envio-massa-homologacao_frontend_v2_homologacao.1.iaetnos31hw0six9sjag317mc	Up 3 hours
hub_homolog_frontend	Up 2 days
envio-massa-homologacao_backend_homologacao.1.bjx54xxdjtmifec6c89y4v267	Up 3 days
hub_homolog_backend	Up 3 days
hub_homolog_backup	Up 4 weeks
hub_homolog_mailpit_mock	Up 5 weeks
hub_homolog_traefik	Up 4 weeks
hub_homolog_postgrest	Up 5 weeks
hub_homolog_db	Up 5 weeks (healthy)
hub_homolog_fastapi_mock	Up 5 weeks
hub_homolog_n8n_mock	Up 5 weeks
envio-massa-homologacao_frontend_motorista_homologacao.1.y4kmrbz47rdtwuzkz16cambxc	Up 7 weeks
envio-massa-homologacao_frontend_homologacao.1.ql509s50dod6qfjmt50vjvme8	Up 7 weeks
