
Running 10 tests using 1 worker

  ✘   1 [chromium] › tests/e2e-hub-adiantamentos/adiantamentos.spec.ts:421:7 › US3 — contas bancárias › lista mostra só dado mascarado; documento/PIX completos só aparecem na revisão dedicada, e aprovar exige confirmar o entregador (576ms)
  ✘   2 [chromium] › tests/e2e-hub-adiantamentos/adiantamentos.spec.ts:446:7 › US3 — contas bancárias › aprovação em massa mostra a contagem antes de confirmar (FR-020) (600ms)
  ✘   3 [chromium] › tests/e2e-hub-adiantamentos/adiantamentos.spec.ts:468:7 › US4 — pagamentos e lotes › seleciona, revisa a prévia (com pendência real JA_EM_LOTE) e gera o lote (570ms)
  ✘   4 [chromium] › tests/e2e-hub-adiantamentos/adiantamentos.spec.ts:506:7 › US5 — confirmação de pagamento e transições de falha › confirma o resultado do lote marcando uma falha — os demais viram pagos automaticamente (1.3s)
  ✘   5 [chromium] › tests/e2e-hub-adiantamentos/adiantamentos.spec.ts:524:7 › US5 — confirmação de pagamento e transições de falha › reprocessar uma solicitação falhada devolve para LIBERADA e ela reaparece na fila de pagamento (edge #20/7.7.4) (1.1s)
  ✓   6 [chromium] › tests/e2e-hub-adiantamentos/adiantamentos.spec.ts:545:7 › US5 — confirmação de pagamento e transições de falha › "Encerrar sem pagamento" em FALHOU transiciona para ENCERRADA e some da fila de reprocessamento (D-23/7.3.6) (1.1s)
  ✓   7 [chromium] › tests/e2e-hub-adiantamentos/adiantamentos.spec.ts:562:7 › US5 — confirmação de pagamento e transições de falha › a ação explícita "Atualizar conta" resolve a pendência de conta alterada (7.3.4) (777ms)
  ✘   8 [chromium] › tests/e2e-hub-adiantamentos/adiantamentos.spec.ts:585:7 › US6 — repasse e fechamento › visualiza o remanescente por motorista no período (546ms)
  ✘   9 [chromium] › tests/e2e-hub-adiantamentos/adiantamentos.spec.ts:596:7 › US6 — repasse e fechamento › fechar apuração com pendências é recusado e mostra a contagem por status (D-23/7.8.4) (16.0s)
  ✓  10 [chromium] › tests/e2e-hub-adiantamentos/adiantamentos.spec.ts:613:7 › US6 — repasse e fechamento › fecha a apuração com sucesso quando não há pendências (996ms)


  1) [chromium] › tests/e2e-hub-adiantamentos/adiantamentos.spec.ts:421:7 › US3 — contas bancárias › lista mostra só dado mascarado; documento/PIX completos só aparecem na revisão dedicada, e aprovar exige confirmar o entregador 

    Error: expect(locator).toBeVisible() failed

    Locator: getByText('João Motorista')
    Expected: visible
    Error: strict mode violation: getByText('João Motorista') resolved to 2 elements:
        1) <span class="truncate text-sm font-medium">João Motorista</span> aka locator('span').filter({ hasText: 'João Motorista' })
        2) <td data-slot="table-cell" class="p-2 align-middle whitespace-nowrap [&:has([role=checkbox])]:pr-0 max-w-[200px] truncate">João Motorista</td> aka getByRole('cell', { name: 'João Motorista', exact: true })

    Call log:
      - Expect "toBeVisible" with timeout 15000ms
      - waiting for getByText('João Motorista')


      424 |
      425 |     await page.goto('/hub/dashboard/adiantamentos/contas');
    > 426 |     await expect(page.getByText('João Motorista')).toBeVisible();
          |                                                    ^
      427 |     // SC-006: o documento mascarado aparece na lista — o completo NUNCA.
      428 |     await expect(page.getByText('***.456.789-**')).toBeVisible();
      429 |     await expect(page.getByText('123.456.789-00')).toHaveCount(0);
        at /work/tests/e2e-hub-adiantamentos/adiantamentos.spec.ts:426:52

    attachment #1: screenshot (image/png) ──────────────────────────────────────────────────────────
    test-results/adiantamentos-US3-—-contas-b99c6-xige-confirmar-o-entregador-chromium/test-failed-1.png
    ────────────────────────────────────────────────────────────────────────────────────────────────

    Error Context: test-results/adiantamentos-US3-—-contas-b99c6-xige-confirmar-o-entregador-chromium/error-context.md

    attachment #3: trace (application/zip) ─────────────────────────────────────────────────────────
    test-results/adiantamentos-US3-—-contas-b99c6-xige-confirmar-o-entregador-chromium/trace.zip
    Usage:

        npx playwright show-trace test-results/adiantamentos-US3-—-contas-b99c6-xige-confirmar-o-entregador-chromium/trace.zip

    ────────────────────────────────────────────────────────────────────────────────────────────────

  2) [chromium] › tests/e2e-hub-adiantamentos/adiantamentos.spec.ts:446:7 › US3 — contas bancárias › aprovação em massa mostra a contagem antes de confirmar (FR-020) 

    Error: expect(locator).toBeVisible() failed

    Locator: getByText('Maria Motorista')
    Expected: visible
    Error: strict mode violation: getByText('Maria Motorista') resolved to 2 elements:
        1) <span class="truncate text-sm font-medium">Maria Motorista</span> aka locator('span').filter({ hasText: 'Maria Motorista' })
        2) <td data-slot="table-cell" class="p-2 align-middle whitespace-nowrap [&:has([role=checkbox])]:pr-0 max-w-[200px] truncate">Maria Motorista</td> aka getByRole('cell', { name: 'Maria Motorista', exact: true })

    Call log:
      - Expect "toBeVisible" with timeout 15000ms
      - waiting for getByText('Maria Motorista')


      449 |
      450 |     await page.goto('/hub/dashboard/adiantamentos/contas');
    > 451 |     await expect(page.getByText('Maria Motorista')).toBeVisible();
          |                                                     ^
      452 |     await page.getByRole('checkbox', { name: 'Selecionar todas as contas desta página' }).check();
      453 |     await expect(page.getByText('2 selecionada(s)')).toBeVisible();
      454 |
        at /work/tests/e2e-hub-adiantamentos/adiantamentos.spec.ts:451:53

    attachment #1: screenshot (image/png) ──────────────────────────────────────────────────────────
    test-results/adiantamentos-US3-—-contas-7fae7--antes-de-confirmar-FR-020--chromium/test-failed-1.png
    ────────────────────────────────────────────────────────────────────────────────────────────────

    Error Context: test-results/adiantamentos-US3-—-contas-7fae7--antes-de-confirmar-FR-020--chromium/error-context.md

    attachment #3: trace (application/zip) ─────────────────────────────────────────────────────────
    test-results/adiantamentos-US3-—-contas-7fae7--antes-de-confirmar-FR-020--chromium/trace.zip
    Usage:

        npx playwright show-trace test-results/adiantamentos-US3-—-contas-7fae7--antes-de-confirmar-FR-020--chromium/trace.zip

    ────────────────────────────────────────────────────────────────────────────────────────────────

  3) [chromium] › tests/e2e-hub-adiantamentos/adiantamentos.spec.ts:468:7 › US4 — pagamentos e lotes › seleciona, revisa a prévia (com pendência real JA_EM_LOTE) e gera o lote 

    Error: expect(locator).toBeVisible() failed

    Locator: getByText('Motorista Um')
    Expected: visible
    Error: strict mode violation: getByText('Motorista Um') resolved to 2 elements:
        1) <span class="truncate text-sm font-medium">Motorista Um</span> aka locator('span').filter({ hasText: 'Motorista Um' })
        2) <td data-slot="table-cell" class="p-2 align-middle whitespace-nowrap [&:has([role=checkbox])]:pr-0 max-w-[200px] truncate">Motorista Um</td> aka getByRole('cell', { name: 'Motorista Um' })

    Call log:
      - Expect "toBeVisible" with timeout 15000ms
      - waiting for getByText('Motorista Um')


      472 |
      473 |     await page.goto('/hub/dashboard/adiantamentos/pagamentos');
    > 474 |     await expect(page.getByText('Motorista Um')).toBeVisible();
          |                                                  ^
      475 |     await page.getByRole('checkbox', { name: 'Selecionar todas desta página' }).check();
      476 |     await expect(page.getByText('2 selecionada(s)')).toBeVisible();
      477 |
        at /work/tests/e2e-hub-adiantamentos/adiantamentos.spec.ts:474:50

    attachment #1: screenshot (image/png) ──────────────────────────────────────────────────────────
    test-results/adiantamentos-US4-—-pagame-2482c-al-JA-EM-LOTE-e-gera-o-lote-chromium/test-failed-1.png
    ────────────────────────────────────────────────────────────────────────────────────────────────

    Error Context: test-results/adiantamentos-US4-—-pagame-2482c-al-JA-EM-LOTE-e-gera-o-lote-chromium/error-context.md

    attachment #3: trace (application/zip) ─────────────────────────────────────────────────────────
    test-results/adiantamentos-US4-—-pagame-2482c-al-JA-EM-LOTE-e-gera-o-lote-chromium/trace.zip
    Usage:

        npx playwright show-trace test-results/adiantamentos-US4-—-pagame-2482c-al-JA-EM-LOTE-e-gera-o-lote-chromium/trace.zip

    ────────────────────────────────────────────────────────────────────────────────────────────────

  4) [chromium] › tests/e2e-hub-adiantamentos/adiantamentos.spec.ts:506:7 › US5 — confirmação de pagamento e transições de falha › confirma o resultado do lote marcando uma falha — os demais viram pagos automaticamente 

    Error: expect(locator).toBeVisible() failed

    Locator: getByText('Pago')
    Expected: visible
    Error: strict mode violation: getByText('Pago') resolved to 2 elements:
        1) <span data-slot="badge" data-variant="success" class="group/badge inline-flex h-5 w-fit shrink-0 items-center justify-center gap-1 overflow-hidden rounded-4xl border border-transparent px-2 py-0.5 text-xs font-medium whitespace-nowrap transition-all focus-visible:border-ring focus-visible:ring-[3px] has-data-[icon=inline-end]:pr-1.5 has-data-[icon=inline-start]:pl-1.5 aria-invalid:border-destructive aria-invalid:ring-destructive/20 dark:aria-invalid:ring-destructive/40 [&>svg]:pointer-events-none [&…>…</span> aka getByText('Pago', { exact: true })
        2) <p id="base-ui-_r_d_" data-slot="dialog-description" class="text-sm text-muted-foreground *:[a]:underline *:[a]:underline-offset-3 *:[a]:hover:text-foreground">Use depois de fechar o lote na Transfeera. Marque…</p> aka getByText('Use depois de fechar o lote')

    Call log:
      - Expect "toBeVisible" with timeout 15000ms
      - waiting for getByText('Pago')


      518 |
      519 |     await expect(page.getByText('Concluído com falhas')).toBeVisible();
    > 520 |     await expect(page.getByText('Pago')).toBeVisible(); // ADV-0202, não marcado, virou pago
          |                                          ^
      521 |     await expect(page.getByText('Falhou')).toBeVisible(); // ADV-0201, marcado
      522 |   });
      523 |
        at /work/tests/e2e-hub-adiantamentos/adiantamentos.spec.ts:520:42

    attachment #1: screenshot (image/png) ──────────────────────────────────────────────────────────
    test-results/adiantamentos-US5-—-confir-53905-viram-pagos-automaticamente-chromium/test-failed-1.png
    ────────────────────────────────────────────────────────────────────────────────────────────────

    Error Context: test-results/adiantamentos-US5-—-confir-53905-viram-pagos-automaticamente-chromium/error-context.md

    attachment #3: trace (application/zip) ─────────────────────────────────────────────────────────
    test-results/adiantamentos-US5-—-confir-53905-viram-pagos-automaticamente-chromium/trace.zip
    Usage:

        npx playwright show-trace test-results/adiantamentos-US5-—-confir-53905-viram-pagos-automaticamente-chromium/trace.zip

    ────────────────────────────────────────────────────────────────────────────────────────────────

  5) [chromium] › tests/e2e-hub-adiantamentos/adiantamentos.spec.ts:524:7 › US5 — confirmação de pagamento e transições de falha › reprocessar uma solicitação falhada devolve para LIBERADA e ela reaparece na fila de pagamento (edge #20/7.7.4) 

    Error: expect(locator).toBeVisible() failed

    Locator: getByText('ADV-0601')
    Expected: visible
    Error: strict mode violation: getByText('ADV-0601') resolved to 2 elements:
        1) <span class="font-mono">ADV-0601</span> aka locator('span').filter({ hasText: 'ADV-0601' })
        2) <td data-slot="table-cell" class="p-2 align-middle whitespace-nowrap [&:has([role=checkbox])]:pr-0 font-mono text-sm">ADV-0601</td> aka getByRole('cell', { name: 'ADV-0601', exact: true })

    Call log:
      - Expect "toBeVisible" with timeout 15000ms
      - waiting for getByText('ADV-0601')


      540 |     // possível (mesmo fluxo de montagem já provado no teste de US4 acima).
      541 |     await page.goto('/hub/dashboard/adiantamentos/pagamentos');
    > 542 |     await expect(page.getByText('ADV-0601')).toBeVisible();
          |                                              ^
      543 |   });
      544 |
      545 |   test('"Encerrar sem pagamento" em FALHOU transiciona para ENCERRADA e some da fila de reprocessamento (D-23/7.3.6)', async ({ page }) => {
        at /work/tests/e2e-hub-adiantamentos/adiantamentos.spec.ts:542:46

    attachment #1: screenshot (image/png) ──────────────────────────────────────────────────────────
    test-results/adiantamentos-US5-—-confir-fec2d-de-pagamento-edge-20-7-7-4--chromium/test-failed-1.png
    ────────────────────────────────────────────────────────────────────────────────────────────────

    Error Context: test-results/adiantamentos-US5-—-confir-fec2d-de-pagamento-edge-20-7-7-4--chromium/error-context.md

    attachment #3: trace (application/zip) ─────────────────────────────────────────────────────────
    test-results/adiantamentos-US5-—-confir-fec2d-de-pagamento-edge-20-7-7-4--chromium/trace.zip
    Usage:

        npx playwright show-trace test-results/adiantamentos-US5-—-confir-fec2d-de-pagamento-edge-20-7-7-4--chromium/trace.zip

    ────────────────────────────────────────────────────────────────────────────────────────────────

  6) [chromium] › tests/e2e-hub-adiantamentos/adiantamentos.spec.ts:585:7 › US6 — repasse e fechamento › visualiza o remanescente por motorista no período 

    Error: expect(locator).toBeVisible() failed

    Locator: getByText('R$ 350,00')
    Expected: visible
    Error: strict mode violation: getByText('R$ 350,00') resolved to 2 elements:
        1) <td data-slot="table-cell" class="p-2 align-middle whitespace-nowrap [&:has([role=checkbox])]:pr-0 text-right font-mono font-semibold">R$ 350,00</td> aka locator('tbody').getByRole('cell', { name: 'R$ 350,00' })
        2) <td data-slot="table-cell" class="p-2 align-middle whitespace-nowrap [&:has([role=checkbox])]:pr-0 text-right font-mono font-semibold">R$ 350,00</td> aka locator('tfoot').getByRole('cell', { name: 'R$ 350,00' })

    Call log:
      - Expect "toBeVisible" with timeout 15000ms
      - waiting for getByText('R$ 350,00')


      590 |     await page.getByLabel('Período de apuração (início)').fill('2026-09-01');
      591 |     await expect(page.getByText('Motorista Um')).toBeVisible();
    > 592 |     await expect(page.getByText('R$ 350,00')).toBeVisible(); // remanescente
          |                                               ^
      593 |     await expect(page.getByText('Em apuração')).toBeVisible();
      594 |   });
      595 |
        at /work/tests/e2e-hub-adiantamentos/adiantamentos.spec.ts:592:47

    attachment #1: screenshot (image/png) ──────────────────────────────────────────────────────────
    test-results/adiantamentos-US6-—-repass-2caab-te-por-motorista-no-período-chromium/test-failed-1.png
    ────────────────────────────────────────────────────────────────────────────────────────────────

    Error Context: test-results/adiantamentos-US6-—-repass-2caab-te-por-motorista-no-período-chromium/error-context.md

    attachment #3: trace (application/zip) ─────────────────────────────────────────────────────────
    test-results/adiantamentos-US6-—-repass-2caab-te-por-motorista-no-período-chromium/trace.zip
    Usage:

        npx playwright show-trace test-results/adiantamentos-US6-—-repass-2caab-te-por-motorista-no-período-chromium/trace.zip

    ────────────────────────────────────────────────────────────────────────────────────────────────

  7) [chromium] › tests/e2e-hub-adiantamentos/adiantamentos.spec.ts:596:7 › US6 — repasse e fechamento › fechar apuração com pendências é recusado e mostra a contagem por status (D-23/7.8.4) 

    Error: expect(locator).toBeVisible() failed

    Locator: getByRole('alertdialog').getByText(/Liberada.*2/)
    Expected: visible
    Timeout: 15000ms
    Error: element(s) not found

    Call log:
      - Expect "toBeVisible" with timeout 15000ms
      - waiting for getByRole('alertdialog').getByText(/Liberada.*2/)


      607 |
      608 |     await expect(dialog.getByText('Há solicitações pendentes neste período')).toBeVisible();
    > 609 |     await expect(dialog.getByText(/Liberada.*2/)).toBeVisible();
          |                                                   ^
      610 |     await expect(dialog.getByText(/Falha no pagamento.*1/)).toBeVisible();
      611 |   });
      612 |
        at /work/tests/e2e-hub-adiantamentos/adiantamentos.spec.ts:609:51

    attachment #1: screenshot (image/png) ──────────────────────────────────────────────────────────
    test-results/adiantamentos-US6-—-repass-97344-agem-por-status-D-23-7-8-4--chromium/test-failed-1.png
    ────────────────────────────────────────────────────────────────────────────────────────────────

    Error Context: test-results/adiantamentos-US6-—-repass-97344-agem-por-status-D-23-7-8-4--chromium/error-context.md

    attachment #3: trace (application/zip) ─────────────────────────────────────────────────────────
    test-results/adiantamentos-US6-—-repass-97344-agem-por-status-D-23-7-8-4--chromium/trace.zip
    Usage:

        npx playwright show-trace test-results/adiantamentos-US6-—-repass-97344-agem-por-status-D-23-7-8-4--chromium/trace.zip

    ────────────────────────────────────────────────────────────────────────────────────────────────

  7 failed
    [chromium] › tests/e2e-hub-adiantamentos/adiantamentos.spec.ts:421:7 › US3 — contas bancárias › lista mostra só dado mascarado; documento/PIX completos só aparecem na revisão dedicada, e aprovar exige confirmar o entregador 
    [chromium] › tests/e2e-hub-adiantamentos/adiantamentos.spec.ts:446:7 › US3 — contas bancárias › aprovação em massa mostra a contagem antes de confirmar (FR-020) 
    [chromium] › tests/e2e-hub-adiantamentos/adiantamentos.spec.ts:468:7 › US4 — pagamentos e lotes › seleciona, revisa a prévia (com pendência real JA_EM_LOTE) e gera o lote 
    [chromium] › tests/e2e-hub-adiantamentos/adiantamentos.spec.ts:506:7 › US5 — confirmação de pagamento e transições de falha › confirma o resultado do lote marcando uma falha — os demais viram pagos automaticamente 
    [chromium] › tests/e2e-hub-adiantamentos/adiantamentos.spec.ts:524:7 › US5 — confirmação de pagamento e transições de falha › reprocessar uma solicitação falhada devolve para LIBERADA e ela reaparece na fila de pagamento (edge #20/7.7.4) 
    [chromium] › tests/e2e-hub-adiantamentos/adiantamentos.spec.ts:585:7 › US6 — repasse e fechamento › visualiza o remanescente por motorista no período 
    [chromium] › tests/e2e-hub-adiantamentos/adiantamentos.spec.ts:596:7 › US6 — repasse e fechamento › fechar apuração com pendências é recusado e mostra a contagem por status (D-23/7.8.4) 
  3 passed (29.2s)
