
Running 10 tests using 1 worker

  ✘   1 [chromium] › tests/e2e-hub-adiantamentos/adiantamentos.spec.ts:421:7 › US3 — contas bancárias › lista mostra só dado mascarado; documento/PIX completos só aparecem na revisão dedicada, e aprovar exige confirmar o entregador (928ms)
  ✓   2 [chromium] › tests/e2e-hub-adiantamentos/adiantamentos.spec.ts:449:7 › US3 — contas bancárias › aprovação em massa mostra a contagem antes de confirmar (FR-020) (1.0s)
  ✘   3 [chromium] › tests/e2e-hub-adiantamentos/adiantamentos.spec.ts:471:7 › US4 — pagamentos e lotes › seleciona, revisa a prévia (com pendência real JA_EM_LOTE) e gera o lote (15.6s)
  ✓   4 [chromium] › tests/e2e-hub-adiantamentos/adiantamentos.spec.ts:514:7 › US5 — confirmação de pagamento e transições de falha › confirma o resultado do lote marcando uma falha — os demais viram pagos automaticamente (1.1s)
  ✓   5 [chromium] › tests/e2e-hub-adiantamentos/adiantamentos.spec.ts:534:7 › US5 — confirmação de pagamento e transições de falha › reprocessar uma solicitação falhada devolve para LIBERADA e ela reaparece na fila de pagamento (edge #20/7.7.4) (984ms)
  ✓   6 [chromium] › tests/e2e-hub-adiantamentos/adiantamentos.spec.ts:555:7 › US5 — confirmação de pagamento e transições de falha › "Encerrar sem pagamento" em FALHOU transiciona para ENCERRADA e some da fila de reprocessamento (D-23/7.3.6) (861ms)
  ✓   7 [chromium] › tests/e2e-hub-adiantamentos/adiantamentos.spec.ts:572:7 › US5 — confirmação de pagamento e transições de falha › a ação explícita "Atualizar conta" resolve a pendência de conta alterada (7.3.4) (717ms)
  ✓   8 [chromium] › tests/e2e-hub-adiantamentos/adiantamentos.spec.ts:595:7 › US6 — repasse e fechamento › visualiza o remanescente por motorista no período (504ms)
  ✓   9 [chromium] › tests/e2e-hub-adiantamentos/adiantamentos.spec.ts:608:7 › US6 — repasse e fechamento › fechar apuração com pendências é recusado e mostra a contagem por status (D-23/7.8.4) (876ms)
  ✓  10 [chromium] › tests/e2e-hub-adiantamentos/adiantamentos.spec.ts:627:7 › US6 — repasse e fechamento › fecha a apuração com sucesso quando não há pendências (828ms)


  1) [chromium] › tests/e2e-hub-adiantamentos/adiantamentos.spec.ts:421:7 › US3 — contas bancárias › lista mostra só dado mascarado; documento/PIX completos só aparecem na revisão dedicada, e aprovar exige confirmar o entregador 

    Error: expect(locator).toBeVisible() failed

    Locator: getByText('Aprovada')
    Expected: visible
    Error: strict mode violation: getByText('Aprovada') resolved to 2 elements:
        1) <span data-slot="badge" data-variant="success" class="group/badge inline-flex h-5 w-fit shrink-0 items-center justify-center gap-1 overflow-hidden rounded-4xl border border-transparent px-2 py-0.5 text-xs font-medium whitespace-nowrap transition-all focus-visible:border-ring focus-visible:ring-[3px] has-data-[icon=inline-end]:pr-1.5 has-data-[icon=inline-start]:pl-1.5 aria-invalid:border-destructive aria-invalid:ring-destructive/20 dark:aria-invalid:ring-destructive/40 [&>svg]:pointer-events-none [&…>…</span> aka getByText('Aprovada', { exact: true })
        2) <div class="" data-title="">Conta aprovada.</div> aka getByText('Conta aprovada.')

    Call log:
      - Expect "toBeVisible" with timeout 15000ms
      - waiting for getByText('Aprovada')


      443 |     await expect(aprovarBtn).toBeEnabled();
      444 |     await aprovarBtn.click();
    > 445 |     await expect(page.getByText('Aprovada')).toBeVisible();
          |                                              ^
      446 |     await expect(page.getByRole('button', { name: 'Aprovar conta' })).toHaveCount(0);
      447 |   });
      448 |
        at /work/tests/e2e-hub-adiantamentos/adiantamentos.spec.ts:445:46

    attachment #1: screenshot (image/png) ──────────────────────────────────────────────────────────
    test-results/adiantamentos-US3-—-contas-b99c6-xige-confirmar-o-entregador-chromium/test-failed-1.png
    ────────────────────────────────────────────────────────────────────────────────────────────────

    Error Context: test-results/adiantamentos-US3-—-contas-b99c6-xige-confirmar-o-entregador-chromium/error-context.md

    attachment #3: trace (application/zip) ─────────────────────────────────────────────────────────
    test-results/adiantamentos-US3-—-contas-b99c6-xige-confirmar-o-entregador-chromium/trace.zip
    Usage:

        npx playwright show-trace test-results/adiantamentos-US3-—-contas-b99c6-xige-confirmar-o-entregador-chromium/trace.zip

    ────────────────────────────────────────────────────────────────────────────────────────────────

  2) [chromium] › tests/e2e-hub-adiantamentos/adiantamentos.spec.ts:471:7 › US4 — pagamentos e lotes › seleciona, revisa a prévia (com pendência real JA_EM_LOTE) e gera o lote 

    Error: expect(locator).toBeVisible() failed

    Locator: getByText('2 selecionada(s)')
    Expected: visible
    Timeout: 15000ms
    Error: element(s) not found

    Call log:
      - Expect "toBeVisible" with timeout 15000ms
      - waiting for getByText('2 selecionada(s)')


      477 |     await expect(page.getByText('Motorista Um').last()).toBeVisible();
      478 |     await page.getByRole('checkbox', { name: 'Selecionar todas desta página' }).check();
    > 479 |     await expect(page.getByText('2 selecionada(s)')).toBeVisible();
          |                                                      ^
      480 |
      481 |     await page.getByRole('button', { name: 'Revisar lote' }).click();
      482 |     // "Com pendências" — assert pelo texto REAL da pendência (o dígito "1"
        at /work/tests/e2e-hub-adiantamentos/adiantamentos.spec.ts:479:54

    attachment #1: screenshot (image/png) ──────────────────────────────────────────────────────────
    test-results/adiantamentos-US4-—-pagame-2482c-al-JA-EM-LOTE-e-gera-o-lote-chromium/test-failed-1.png
    ────────────────────────────────────────────────────────────────────────────────────────────────

    Error Context: test-results/adiantamentos-US4-—-pagame-2482c-al-JA-EM-LOTE-e-gera-o-lote-chromium/error-context.md

    attachment #3: trace (application/zip) ─────────────────────────────────────────────────────────
    test-results/adiantamentos-US4-—-pagame-2482c-al-JA-EM-LOTE-e-gera-o-lote-chromium/trace.zip
    Usage:

        npx playwright show-trace test-results/adiantamentos-US4-—-pagame-2482c-al-JA-EM-LOTE-e-gera-o-lote-chromium/trace.zip

    ────────────────────────────────────────────────────────────────────────────────────────────────

  2 failed
    [chromium] › tests/e2e-hub-adiantamentos/adiantamentos.spec.ts:421:7 › US3 — contas bancárias › lista mostra só dado mascarado; documento/PIX completos só aparecem na revisão dedicada, e aprovar exige confirmar o entregador 
    [chromium] › tests/e2e-hub-adiantamentos/adiantamentos.spec.ts:471:7 › US4 — pagamentos e lotes › seleciona, revisa a prévia (com pendência real JA_EM_LOTE) e gera o lote 
  8 passed (25.7s)
