
Running 33 tests using 1 worker

  ✓   1 [chromium] › tests/e2e-motorista-adiantamento/adiantamento.spec.ts:365:7 › US1 — solicitar e acompanhar adiantamento › Scenario 1: disponível hoje — solicita com aceite e vê a confirmação/timeline (1.9s)
  ✓   2 [chromium] › tests/e2e-motorista-adiantamento/adiantamento.spec.ts:380:7 › US1 — solicitar e acompanhar adiantamento › Scenario 2: já solicitado hoje — mostra o motivo e a solicitação existente (337ms)
  ✘   3 [chromium] › tests/e2e-motorista-adiantamento/adiantamento.spec.ts:394:7 › US1 — solicitar e acompanhar adiantamento › Scenario 4: cancela antes do corte (453ms)
  ✘   4 [chromium] › tests/e2e-motorista-adiantamento/adiantamento.spec.ts:415:7 › US2 — dados bancários › Scenario 1: sem conta cadastrada — envia dados válidos e vê "Em análise" (692ms)
  ✓   5 [chromium] › tests/e2e-motorista-adiantamento/adiantamento.spec.ts:439:7 › US2 — dados bancários › Scenario 3: conta aprovada segue valendo enquanto a nova está pendente (404ms)
  ✘   6 [chromium] › tests/e2e-motorista-adiantamento/adiantamento.spec.ts:459:7 › US7 — central de notificações › Scenario: lista, filtra por categoria, marca uma como lida ao abrir e marca todas (442ms)
ALVO_TOQUE tela="/movimento" elementos=10 violacoes=[{"rotulo":"Ativar notificações","width":275,"height":36},{"rotulo":"Agora não","width":99,"height":36}]
  ✘   7 [chromium] › tests/e2e-motorista-adiantamento/adiantamento.spec.ts:508:9 › 6.8.2 — alvos de toque >= 44x44 px (medido) › movimento (1.1s)
ALVO_TOQUE tela="/adiantamento" elementos=8 violacoes=[{"rotulo":"Ver ou alterar dados bancários","width":215,"height":18}]
  ✘   8 [chromium] › tests/e2e-motorista-adiantamento/adiantamento.spec.ts:508:9 › 6.8.2 — alvos de toque >= 44x44 px (medido) › adiantamento (disponível) (1.1s)
ALVO_TOQUE tela="/adiantamento" elementos=7 violacoes=[]
  ✓   9 [chromium] › tests/e2e-motorista-adiantamento/adiantamento.spec.ts:508:9 › 6.8.2 — alvos de toque >= 44x44 px (medido) › adiantamento (indisponível + solicitação hoje) (1.0s)
ALVO_TOQUE tela="/adiantamento/regras" elementos=2 violacoes=[]
  ✓  10 [chromium] › tests/e2e-motorista-adiantamento/adiantamento.spec.ts:508:9 › 6.8.2 — alvos de toque >= 44x44 px (medido) › adiantamento/regras (832ms)
ALVO_TOQUE tela="/adiantamento/historico" elementos=5 violacoes=[]
  ✓  11 [chromium] › tests/e2e-motorista-adiantamento/adiantamento.spec.ts:508:9 › 6.8.2 — alvos de toque >= 44x44 px (medido) › adiantamento/historico (863ms)
ALVO_TOQUE tela="/adiantamento/501" elementos=3 violacoes=[]
  ✓  12 [chromium] › tests/e2e-motorista-adiantamento/adiantamento.spec.ts:508:9 › 6.8.2 — alvos de toque >= 44x44 px (medido) › adiantamento/[id] (843ms)
ALVO_TOQUE tela="/conta-bancaria" elementos=8 violacoes=[]
  ✓  13 [chromium] › tests/e2e-motorista-adiantamento/adiantamento.spec.ts:508:9 › 6.8.2 — alvos de toque >= 44x44 px (medido) › conta-bancaria (907ms)
ALVO_TOQUE tela="/conta-bancaria/alterar" elementos=3 violacoes=[]
  ✓  14 [chromium] › tests/e2e-motorista-adiantamento/adiantamento.spec.ts:508:9 › 6.8.2 — alvos de toque >= 44x44 px (medido) › conta-bancaria/alterar (1.1s)
ALVO_TOQUE tela="/notificacoes" elementos=16 violacoes=[]
  ✓  15 [chromium] › tests/e2e-motorista-adiantamento/adiantamento.spec.ts:508:9 › 6.8.2 — alvos de toque >= 44x44 px (medido) › notificacoes (879ms)
AXE_SCORE tela="/movimento" tema=light score=95 violacoes=1
AXE /movimento [light]: page-has-heading-one (moderate) x1 — Page should contain a level-one heading
AXE_CONTRASTE tela="/movimento" tema=light violacoes=0
  ✓  16 [chromium] › tests/e2e-motorista-adiantamento/adiantamento.spec.ts:555:11 › 6.8.3 — axe-core (escore >= 95) e contraste AA, 2 temas › movimento — tema light (1.9s)
AXE_SCORE tela="/movimento" tema=dark score=95 violacoes=1
AXE /movimento [dark]: page-has-heading-one (moderate) x1 — Page should contain a level-one heading
AXE_CONTRASTE tela="/movimento" tema=dark violacoes=0
  ✓  17 [chromium] › tests/e2e-motorista-adiantamento/adiantamento.spec.ts:555:11 › 6.8.3 — axe-core (escore >= 95) e contraste AA, 2 temas › movimento — tema dark (1.9s)
AXE_SCORE tela="/adiantamento" tema=light score=90 violacoes=1
AXE /adiantamento [light]: color-contrast (serious) x1 — Elements must meet minimum color contrast ratio thresholds
  ✘  18 [chromium] › tests/e2e-motorista-adiantamento/adiantamento.spec.ts:555:11 › 6.8.3 — axe-core (escore >= 95) e contraste AA, 2 temas › adiantamento (disponível) — tema light (1.7s)
AXE_SCORE tela="/adiantamento" tema=dark score=100 violacoes=0
AXE_CONTRASTE tela="/adiantamento" tema=dark violacoes=0
  ✓  19 [chromium] › tests/e2e-motorista-adiantamento/adiantamento.spec.ts:555:11 › 6.8.3 — axe-core (escore >= 95) e contraste AA, 2 temas › adiantamento (disponível) — tema dark (2.2s)
AXE_SCORE tela="/adiantamento" tema=light score=80 violacoes=1
AXE /adiantamento [light]: color-contrast (serious) x2 — Elements must meet minimum color contrast ratio thresholds
  ✘  20 [chromium] › tests/e2e-motorista-adiantamento/adiantamento.spec.ts:555:11 › 6.8.3 — axe-core (escore >= 95) e contraste AA, 2 temas › adiantamento (indisponível + solicitação hoje) — tema light (1.7s)
AXE_SCORE tela="/adiantamento" tema=dark score=90 violacoes=1
AXE /adiantamento [dark]: color-contrast (serious) x1 — Elements must meet minimum color contrast ratio thresholds
  ✘  21 [chromium] › tests/e2e-motorista-adiantamento/adiantamento.spec.ts:555:11 › 6.8.3 — axe-core (escore >= 95) e contraste AA, 2 temas › adiantamento (indisponível + solicitação hoje) — tema dark (1.9s)
AXE_SCORE tela="/adiantamento/regras" tema=light score=100 violacoes=0
AXE_CONTRASTE tela="/adiantamento/regras" tema=light violacoes=0
  ✓  22 [chromium] › tests/e2e-motorista-adiantamento/adiantamento.spec.ts:555:11 › 6.8.3 — axe-core (escore >= 95) e contraste AA, 2 temas › adiantamento/regras — tema light (1.8s)
AXE_SCORE tela="/adiantamento/regras" tema=dark score=100 violacoes=0
AXE_CONTRASTE tela="/adiantamento/regras" tema=dark violacoes=0
  ✓  23 [chromium] › tests/e2e-motorista-adiantamento/adiantamento.spec.ts:555:11 › 6.8.3 — axe-core (escore >= 95) e contraste AA, 2 temas › adiantamento/regras — tema dark (1.8s)
AXE_SCORE tela="/adiantamento/historico" tema=light score=100 violacoes=0
AXE_CONTRASTE tela="/adiantamento/historico" tema=light violacoes=0
  ✓  24 [chromium] › tests/e2e-motorista-adiantamento/adiantamento.spec.ts:555:11 › 6.8.3 — axe-core (escore >= 95) e contraste AA, 2 temas › adiantamento/historico — tema light (1.8s)
AXE_SCORE tela="/adiantamento/historico" tema=dark score=100 violacoes=0
AXE_CONTRASTE tela="/adiantamento/historico" tema=dark violacoes=0
  ✓  25 [chromium] › tests/e2e-motorista-adiantamento/adiantamento.spec.ts:555:11 › 6.8.3 — axe-core (escore >= 95) e contraste AA, 2 temas › adiantamento/historico — tema dark (1.9s)
AXE_SCORE tela="/adiantamento/501" tema=light score=80 violacoes=1
AXE /adiantamento/501 [light]: color-contrast (serious) x2 — Elements must meet minimum color contrast ratio thresholds
  ✘  26 [chromium] › tests/e2e-motorista-adiantamento/adiantamento.spec.ts:555:11 › 6.8.3 — axe-core (escore >= 95) e contraste AA, 2 temas › adiantamento/[id] — tema light (1.5s)
AXE_SCORE tela="/adiantamento/501" tema=dark score=100 violacoes=0
AXE_CONTRASTE tela="/adiantamento/501" tema=dark violacoes=0
  ✓  27 [chromium] › tests/e2e-motorista-adiantamento/adiantamento.spec.ts:555:11 › 6.8.3 — axe-core (escore >= 95) e contraste AA, 2 temas › adiantamento/[id] — tema dark (2.0s)
AXE_SCORE tela="/conta-bancaria" tema=light score=80 violacoes=1
AXE /conta-bancaria [light]: color-contrast (serious) x2 — Elements must meet minimum color contrast ratio thresholds
  ✘  28 [chromium] › tests/e2e-motorista-adiantamento/adiantamento.spec.ts:555:11 › 6.8.3 — axe-core (escore >= 95) e contraste AA, 2 temas › conta-bancaria — tema light (1.7s)
AXE_SCORE tela="/conta-bancaria" tema=dark score=100 violacoes=0
AXE_CONTRASTE tela="/conta-bancaria" tema=dark violacoes=0
  ✓  29 [chromium] › tests/e2e-motorista-adiantamento/adiantamento.spec.ts:555:11 › 6.8.3 — axe-core (escore >= 95) e contraste AA, 2 temas › conta-bancaria — tema dark (2.1s)
AXE_SCORE tela="/conta-bancaria/alterar" tema=light score=90 violacoes=1
AXE /conta-bancaria/alterar [light]: color-contrast (serious) x1 — Elements must meet minimum color contrast ratio thresholds
  ✘  30 [chromium] › tests/e2e-motorista-adiantamento/adiantamento.spec.ts:555:11 › 6.8.3 — axe-core (escore >= 95) e contraste AA, 2 temas › conta-bancaria/alterar — tema light (2.0s)
AXE_SCORE tela="/conta-bancaria/alterar" tema=dark score=100 violacoes=0
AXE_CONTRASTE tela="/conta-bancaria/alterar" tema=dark violacoes=0
  ✓  31 [chromium] › tests/e2e-motorista-adiantamento/adiantamento.spec.ts:555:11 › 6.8.3 — axe-core (escore >= 95) e contraste AA, 2 temas › conta-bancaria/alterar — tema dark (2.3s)
AXE_SCORE tela="/notificacoes" tema=light score=80 violacoes=1
AXE /notificacoes [light]: color-contrast (serious) x2 — Elements must meet minimum color contrast ratio thresholds
  ✘  32 [chromium] › tests/e2e-motorista-adiantamento/adiantamento.spec.ts:555:11 › 6.8.3 — axe-core (escore >= 95) e contraste AA, 2 temas › notificacoes — tema light (1.7s)
AXE_SCORE tela="/notificacoes" tema=dark score=100 violacoes=0
AXE_CONTRASTE tela="/notificacoes" tema=dark violacoes=0
  ✓  33 [chromium] › tests/e2e-motorista-adiantamento/adiantamento.spec.ts:555:11 › 6.8.3 — axe-core (escore >= 95) e contraste AA, 2 temas › notificacoes — tema dark (2.3s)


  1) [chromium] › tests/e2e-motorista-adiantamento/adiantamento.spec.ts:394:7 › US1 — solicitar e acompanhar adiantamento › Scenario 4: cancela antes do corte 

    Error: expect(locator).toBeVisible() failed

    Locator: getByText('Cancelado')
    Expected: visible
    Error: strict mode violation: getByText('Cancelado') resolved to 2 elements:
        1) <span class="inline-flex items-center gap-1.5 rounded-full px-2.5 py-1 font-display text-xs font-semibold bg-muted text-muted-foreground">…</span> aka getByText('closeCancelado')
        2) <p class="text-sm font-medium">Cancelado</p> aka getByText('Cancelado', { exact: true })

    Call log:
      - Expect "toBeVisible" with timeout 15000ms
      - waiting for getByText('Cancelado')


      403 |     await page.goto(`${BASE}/adiantamento/501`);
      404 |     await page.getByRole('button', { name: 'Cancelar solicitação' }).click();
    > 405 |     await expect(page.getByText('Cancelado')).toBeVisible();
          |                                               ^
      406 |     await expect(page.getByRole('button', { name: 'Cancelar solicitação' })).toHaveCount(0);
      407 |     expect(external).toEqual([]);
      408 |   });
        at /work/tests/e2e-motorista-adiantamento/adiantamento.spec.ts:405:47

    attachment #1: screenshot (image/png) ──────────────────────────────────────────────────────────
    test-results/adiantamento-US1-—-solicit-2acba-io-4-cancela-antes-do-corte-chromium/test-failed-1.png
    ────────────────────────────────────────────────────────────────────────────────────────────────

    Error Context: test-results/adiantamento-US1-—-solicit-2acba-io-4-cancela-antes-do-corte-chromium/error-context.md

    attachment #3: trace (application/zip) ─────────────────────────────────────────────────────────
    test-results/adiantamento-US1-—-solicit-2acba-io-4-cancela-antes-do-corte-chromium/trace.zip
    Usage:

        npx playwright show-trace test-results/adiantamento-US1-—-solicit-2acba-io-4-cancela-antes-do-corte-chromium/trace.zip

    ────────────────────────────────────────────────────────────────────────────────────────────────

  2) [chromium] › tests/e2e-motorista-adiantamento/adiantamento.spec.ts:415:7 › US2 — dados bancários › Scenario 1: sem conta cadastrada — envia dados válidos e vê "Em análise" 

    Error: locator.fill: Error: strict mode violation: getByLabel('Conta') resolved to 2 elements:
        1) <input value="" id="f-cc" inputmode="numeric" aria-invalid="false" class="flex h-12 w-full rounded-lg border border-input bg-background px-3.5 text-base text-foreground shadow-sm transition-colors placeholder:text-muted-foreground/70 focus-visible:border-primary focus-visible:outline-none focus-visible:ring-2 focus-visible:ring-ring/30 disabled:cursor-not-allowed disabled:opacity-50 aria-[invalid=true]:border-destructive aria-[invalid=true]:ring-destructive/25"/> aka getByRole('textbox', { name: 'Conta' })
        2) <div role="radiogroup" class="flex gap-2" aria-label="Tipo de conta">…</div> aka getByRole('radiogroup', { name: 'Tipo de conta' })

    Call log:
      - waiting for getByLabel('Conta')


      428 |     await page.getByRole('combobox', { name: 'Banco' }).selectOption('341');
      429 |     await page.getByLabel('Agência').fill('1234');
    > 430 |     await page.getByLabel('Conta').fill('56789');
          |                                    ^
      431 |     await page.getByLabel('Dígito').fill('0');
      432 |     await page.getByRole('button', { name: 'Enviar para análise' }).click();
      433 |
        at /work/tests/e2e-motorista-adiantamento/adiantamento.spec.ts:430:36

    attachment #1: screenshot (image/png) ──────────────────────────────────────────────────────────
    test-results/adiantamento-US2-—-dados-b-22804-os-válidos-e-vê-Em-análise--chromium/test-failed-1.png
    ────────────────────────────────────────────────────────────────────────────────────────────────

    Error Context: test-results/adiantamento-US2-—-dados-b-22804-os-válidos-e-vê-Em-análise--chromium/error-context.md

    attachment #3: trace (application/zip) ─────────────────────────────────────────────────────────
    test-results/adiantamento-US2-—-dados-b-22804-os-válidos-e-vê-Em-análise--chromium/trace.zip
    Usage:

        npx playwright show-trace test-results/adiantamento-US2-—-dados-b-22804-os-válidos-e-vê-Em-análise--chromium/trace.zip

    ────────────────────────────────────────────────────────────────────────────────────────────────

  3) [chromium] › tests/e2e-motorista-adiantamento/adiantamento.spec.ts:459:7 › US7 — central de notificações › Scenario: lista, filtra por categoria, marca uma como lida ao abrir e marca todas 

    Error: locator.click: Error: strict mode violation: getByRole('button', { name: 'Sistema' }) resolved to 2 elements:
        1) <button type="button" aria-pressed="false" class="min-h-11 rounded-full border px-3 py-1.5 text-xs font-medium transition-colors border-border text-muted-foreground">Sistema</button> aka getByRole('button', { name: 'Sistema', exact: true })
        2) <button type="button" class="flex w-full items-start gap-3 p-4 text-left">…</button> aka getByRole('button', { name: 'Manutenção programada Sistema' })

    Call log:
      - waiting for getByRole('button', { name: 'Sistema' })


      464 |     await expect(page.getByText('Conta em análise')).toBeVisible();
      465 |
    > 466 |     await page.getByRole('button', { name: 'Sistema' }).click();
          |                                                         ^
      467 |     await expect(page.getByText('Manutenção programada')).toBeVisible();
      468 |     await expect(page.getByText('Adiantamento liberado')).toHaveCount(0);
      469 |
        at /work/tests/e2e-motorista-adiantamento/adiantamento.spec.ts:466:57

    attachment #1: screenshot (image/png) ──────────────────────────────────────────────────────────
    test-results/adiantamento-US7-—-central-3f4ac-lida-ao-abrir-e-marca-todas-chromium/test-failed-1.png
    ────────────────────────────────────────────────────────────────────────────────────────────────

    Error Context: test-results/adiantamento-US7-—-central-3f4ac-lida-ao-abrir-e-marca-todas-chromium/error-context.md

    attachment #3: trace (application/zip) ─────────────────────────────────────────────────────────
    test-results/adiantamento-US7-—-central-3f4ac-lida-ao-abrir-e-marca-todas-chromium/trace.zip
    Usage:

        npx playwright show-trace test-results/adiantamento-US7-—-central-3f4ac-lida-ao-abrir-e-marca-todas-chromium/trace.zip

    ────────────────────────────────────────────────────────────────────────────────────────────────

  4) [chromium] › tests/e2e-motorista-adiantamento/adiantamento.spec.ts:508:9 › 6.8.2 — alvos de toque >= 44x44 px (medido) › movimento 

    Error: alvos < 44x44px em /movimento: [{"rotulo":"Ativar notificações","width":275,"height":36},{"rotulo":"Agora não","width":99,"height":36}]

    expect(received).toEqual(expected) // deep equality

    - Expected  -  1
    + Received  + 12

    - Array []
    + Array [
    +   Object {
    +     "height": 36,
    +     "rotulo": "Ativar notificações",
    +     "width": 275,
    +   },
    +   Object {
    +     "height": 36,
    +     "rotulo": "Agora não",
    +     "width": 99,
    +   },
    + ]

      534 |       const violacoes = medidas.filter((m) => m.width < 44 || m.height < 44);
      535 |       console.log(`ALVO_TOQUE tela="${tela.path}" elementos=${medidas.length} violacoes=${JSON.stringify(violacoes)}`);
    > 536 |       expect(violacoes, `alvos < 44x44px em ${tela.path}: ${JSON.stringify(violacoes)}`).toEqual([]);
          |                                                                                          ^
      537 |     });
      538 |   }
      539 | });
        at /work/tests/e2e-motorista-adiantamento/adiantamento.spec.ts:536:90

    attachment #1: screenshot (image/png) ──────────────────────────────────────────────────────────
    test-results/adiantamento-6-8-2-—-alvos-653b8-e-44x44-px-medido-movimento-chromium/test-failed-1.png
    ────────────────────────────────────────────────────────────────────────────────────────────────

    Error Context: test-results/adiantamento-6-8-2-—-alvos-653b8-e-44x44-px-medido-movimento-chromium/error-context.md

    attachment #3: trace (application/zip) ─────────────────────────────────────────────────────────
    test-results/adiantamento-6-8-2-—-alvos-653b8-e-44x44-px-medido-movimento-chromium/trace.zip
    Usage:

        npx playwright show-trace test-results/adiantamento-6-8-2-—-alvos-653b8-e-44x44-px-medido-movimento-chromium/trace.zip

    ────────────────────────────────────────────────────────────────────────────────────────────────

  5) [chromium] › tests/e2e-motorista-adiantamento/adiantamento.spec.ts:508:9 › 6.8.2 — alvos de toque >= 44x44 px (medido) › adiantamento (disponível) 

    Error: alvos < 44x44px em /adiantamento: [{"rotulo":"Ver ou alterar dados bancários","width":215,"height":18}]

    expect(received).toEqual(expected) // deep equality

    - Expected  - 1
    + Received  + 7

    - Array []
    + Array [
    +   Object {
    +     "height": 18,
    +     "rotulo": "Ver ou alterar dados bancários",
    +     "width": 215,
    +   },
    + ]

      534 |       const violacoes = medidas.filter((m) => m.width < 44 || m.height < 44);
      535 |       console.log(`ALVO_TOQUE tela="${tela.path}" elementos=${medidas.length} violacoes=${JSON.stringify(violacoes)}`);
    > 536 |       expect(violacoes, `alvos < 44x44px em ${tela.path}: ${JSON.stringify(violacoes)}`).toEqual([]);
          |                                                                                          ^
      537 |     });
      538 |   }
      539 | });
        at /work/tests/e2e-motorista-adiantamento/adiantamento.spec.ts:536:90

    attachment #1: screenshot (image/png) ──────────────────────────────────────────────────────────
    test-results/adiantamento-6-8-2-—-alvos-9d689-do-adiantamento-disponível--chromium/test-failed-1.png
    ────────────────────────────────────────────────────────────────────────────────────────────────

    Error Context: test-results/adiantamento-6-8-2-—-alvos-9d689-do-adiantamento-disponível--chromium/error-context.md

    attachment #3: trace (application/zip) ─────────────────────────────────────────────────────────
    test-results/adiantamento-6-8-2-—-alvos-9d689-do-adiantamento-disponível--chromium/trace.zip
    Usage:

        npx playwright show-trace test-results/adiantamento-6-8-2-—-alvos-9d689-do-adiantamento-disponível--chromium/trace.zip

    ────────────────────────────────────────────────────────────────────────────────────────────────

  6) [chromium] › tests/e2e-motorista-adiantamento/adiantamento.spec.ts:555:11 › 6.8.3 — axe-core (escore >= 95) e contraste AA, 2 temas › adiantamento (disponível) — tema light 

    Error: axe score /adiantamento (light): [{"id":"color-contrast","impact":"serious","tags":["cat.color","wcag2aa","wcag143","TTv5","TT13.c","EN-301-549","EN-9.1.4.3","ACT","RGAAv4","RGAA-3.2.1"],"description":"Ensure the contrast between foreground and background colors meets WCAG 2 AA minimum contrast ratio thresholds","help":"Elements must meet minimum color contrast ratio thresholds","helpUrl":"https://dequeuniversity.com/rules/axe/4.12/color-contrast?application=playwright","nodes":[{"any":[{"id":"color-contrast","data":{"fgColor":"#009b7f","bgColor":"#d7e3d5","contrastRatio":2.64,"fontSize":"9.0pt (12px)","fontWeight":"bold","messageKey":null,"expectedContrastRatio":"4.5:1"},"relatedNodes":[{"html":"<span class=\"inline-flex items-center gap-1.5 rounded-full px-2.5 py-1 font-display text-xs font-semibold bg-success/12 text-success\"><span class=\"material-symbols-rounded shrink-0 h-3.5 w-3.5\" aria-hidden=\"true\" translate=\"no\">check_circle</span>Disponível hoje</span>","target":[".gap-1\\.5"]},{"html":"<main class=\"relative flex min-h-dvh flex-col bg-muted/40\">","target":["main"]},{"html":"<body class=\"min-h-dvh bg-background text-foreground antialiased\">","target":["body"]}],"impact":"serious","message":"Element has insufficient color contrast of 2.64 (foreground color: #009b7f, background color: #d7e3d5, font size: 9.0pt (12px), font weight: bold). Expected contrast ratio of 4.5:1"}],"all":[],"none":[],"impact":"serious","html":"<span class=\"inline-flex items-center gap-1.5 rounded-full px-2.5 py-1 font-display text-xs font-semibold bg-success/12 text-success\"><span class=\"material-symbols-rounded shrink-0 h-3.5 w-3.5\" aria-hidden=\"true\" translate=\"no\">check_circle</span>Disponível hoje</span>","target":[".gap-1\\.5"],"failureSummary":"Fix any of the following:\n  Element has insufficient color contrast of 2.64 (foreground color: #009b7f, background color: #d7e3d5, font size: 9.0pt (12px), font weight: bold). Expected contrast ratio of 4.5:1"}]}]

    expect(received).toBeGreaterThanOrEqual(expected)

    Expected: >= 95
    Received:    90

      567 |           console.log(`AXE ${tela.path} [${tema}]: ${v.id} (${v.impact}) x${v.nodes.length} — ${v.help}`);
      568 |         }
    > 569 |         expect(score, `axe score ${tela.path} (${tema}): ${JSON.stringify(resultado.violations)}`).toBeGreaterThanOrEqual(AXE_SCORE_GATE);
          |                                                                                                    ^
      570 |
      571 |         const contraste = await new AxeBuilder({ page }).withRules(['color-contrast']).analyze();
      572 |         console.log(`AXE_CONTRASTE tela="${tela.path}" tema=${tema} violacoes=${contraste.violations.length}`);
        at /work/tests/e2e-motorista-adiantamento/adiantamento.spec.ts:569:100

    attachment #1: screenshot (image/png) ──────────────────────────────────────────────────────────
    test-results/adiantamento-6-8-3-—-axe-c-538f7-nto-disponível-—-tema-light-chromium/test-failed-1.png
    ────────────────────────────────────────────────────────────────────────────────────────────────

    Error Context: test-results/adiantamento-6-8-3-—-axe-c-538f7-nto-disponível-—-tema-light-chromium/error-context.md

    attachment #3: trace (application/zip) ─────────────────────────────────────────────────────────
    test-results/adiantamento-6-8-3-—-axe-c-538f7-nto-disponível-—-tema-light-chromium/trace.zip
    Usage:

        npx playwright show-trace test-results/adiantamento-6-8-3-—-axe-c-538f7-nto-disponível-—-tema-light-chromium/trace.zip

    ────────────────────────────────────────────────────────────────────────────────────────────────

  7) [chromium] › tests/e2e-motorista-adiantamento/adiantamento.spec.ts:555:11 › 6.8.3 — axe-core (escore >= 95) e contraste AA, 2 temas › adiantamento (indisponível + solicitação hoje) — tema light 

    Error: axe score /adiantamento (light): [{"id":"color-contrast","impact":"serious","tags":["cat.color","wcag2aa","wcag143","TTv5","TT13.c","EN-301-549","EN-9.1.4.3","ACT","RGAAv4","RGAA-3.2.1"],"description":"Ensure the contrast between foreground and background colors meets WCAG 2 AA minimum contrast ratio thresholds","help":"Elements must meet minimum color contrast ratio thresholds","helpUrl":"https://dequeuniversity.com/rules/axe/4.12/color-contrast?application=playwright","nodes":[{"any":[{"id":"color-contrast","data":{"fgColor":"#5a6a87","bgColor":"#efe6d6","contrastRatio":4.4,"fontSize":"9.0pt (12px)","fontWeight":"bold","messageKey":null,"expectedContrastRatio":"4.5:1"},"relatedNodes":[{"html":"<span class=\"inline-flex items-center gap-1.5 rounded-full px-2.5 py-1 font-display text-xs font-semibold bg-muted text-muted-foreground\"><span class=\"material-symbols-rounded shrink-0 h-3.5 w-3.5\" aria-hidden=\"true\" translate=\"no\">event_busy</span>Indisponível hoje</span>","target":[".mx-auto > .gap-1\\.5.px-2\\.5.py-1"]}],"impact":"serious","message":"Element has insufficient color contrast of 4.4 (foreground color: #5a6a87, background color: #efe6d6, font size: 9.0pt (12px), font weight: bold). Expected contrast ratio of 4.5:1"}],"all":[],"none":[],"impact":"serious","html":"<span class=\"inline-flex items-center gap-1.5 rounded-full px-2.5 py-1 font-display text-xs font-semibold bg-muted text-muted-foreground\"><span class=\"material-symbols-rounded shrink-0 h-3.5 w-3.5\" aria-hidden=\"true\" translate=\"no\">event_busy</span>Indisponível hoje</span>","target":[".mx-auto > .gap-1\\.5.px-2\\.5.py-1"],"failureSummary":"Fix any of the following:\n  Element has insufficient color contrast of 4.4 (foreground color: #5a6a87, background color: #efe6d6, font size: 9.0pt (12px), font weight: bold). Expected contrast ratio of 4.5:1"},{"any":[{"id":"color-contrast","data":{"fgColor":"#2c67ea","bgColor":"#e6edfc","contrastRatio":4.22,"fontSize":"9.0pt (12px)","fontWeight":"bold","messageKey":null,"expectedContrastRatio":"4.5:1"},"relatedNodes":[{"html":"<span class=\"inline-flex items-center gap-1.5 rounded-full px-2.5 py-1 font-display text-xs font-semibold bg-primary/12 text-primary\">Aguardando fechamento</span>","target":[".bg-primary\\/12"]},{"html":"<a class=\"flex items-center justify-between gap-3 rounded-2xl border border-border bg-card p-4 text-sm font-medium\" href=\"/adiantamento/501\">","target":[".p-4"]}],"impact":"serious","message":"Element has insufficient color contrast of 4.22 (foreground color: #2c67ea, background color: #e6edfc, font size: 9.0pt (12px), font weight: bold). Expected contrast ratio of 4.5:1"}],"all":[],"none":[],"impact":"serious","html":"<span class=\"inline-flex items-center gap-1.5 rounded-full px-2.5 py-1 font-display text-xs font-semibold bg-primary/12 text-primary\">Aguardando fechamento</span>","target":[".bg-primary\\/12"],"failureSummary":"Fix any of the following:\n  Element has insufficient color contrast of 4.22 (foreground color: #2c67ea, background color: #e6edfc, font size: 9.0pt (12px), font weight: bold). Expected contrast ratio of 4.5:1"}]}]

    expect(received).toBeGreaterThanOrEqual(expected)

    Expected: >= 95
    Received:    80

      567 |           console.log(`AXE ${tela.path} [${tema}]: ${v.id} (${v.impact}) x${v.nodes.length} — ${v.help}`);
      568 |         }
    > 569 |         expect(score, `axe score ${tela.path} (${tema}): ${JSON.stringify(resultado.violations)}`).toBeGreaterThanOrEqual(AXE_SCORE_GATE);
          |                                                                                                    ^
      570 |
      571 |         const contraste = await new AxeBuilder({ page }).withRules(['color-contrast']).analyze();
      572 |         console.log(`AXE_CONTRASTE tela="${tela.path}" tema=${tema} violacoes=${contraste.violations.length}`);
        at /work/tests/e2e-motorista-adiantamento/adiantamento.spec.ts:569:100

    attachment #1: screenshot (image/png) ──────────────────────────────────────────────────────────
    test-results/adiantamento-6-8-3-—-axe-c-588b5-licitação-hoje-—-tema-light-chromium/test-failed-1.png
    ────────────────────────────────────────────────────────────────────────────────────────────────

    Error Context: test-results/adiantamento-6-8-3-—-axe-c-588b5-licitação-hoje-—-tema-light-chromium/error-context.md

    attachment #3: trace (application/zip) ─────────────────────────────────────────────────────────
    test-results/adiantamento-6-8-3-—-axe-c-588b5-licitação-hoje-—-tema-light-chromium/trace.zip
    Usage:

        npx playwright show-trace test-results/adiantamento-6-8-3-—-axe-c-588b5-licitação-hoje-—-tema-light-chromium/trace.zip

    ────────────────────────────────────────────────────────────────────────────────────────────────

  8) [chromium] › tests/e2e-motorista-adiantamento/adiantamento.spec.ts:555:11 › 6.8.3 — axe-core (escore >= 95) e contraste AA, 2 temas › adiantamento (indisponível + solicitação hoje) — tema dark 

    Error: axe score /adiantamento (dark): [{"id":"color-contrast","impact":"serious","tags":["cat.color","wcag2aa","wcag143","TTv5","TT13.c","EN-301-549","EN-9.1.4.3","ACT","RGAAv4","RGAA-3.2.1"],"description":"Ensure the contrast between foreground and background colors meets WCAG 2 AA minimum contrast ratio thresholds","help":"Elements must meet minimum color contrast ratio thresholds","helpUrl":"https://dequeuniversity.com/rules/axe/4.12/color-contrast?application=playwright","nodes":[{"any":[{"id":"color-contrast","data":{"fgColor":"#5b8df2","bgColor":"#1d2a59","contrastRatio":4.27,"fontSize":"9.0pt (12px)","fontWeight":"bold","messageKey":null,"expectedContrastRatio":"4.5:1"},"relatedNodes":[{"html":"<span class=\"inline-flex items-center gap-1.5 rounded-full px-2.5 py-1 font-display text-xs font-semibold bg-primary/12 text-primary\">Aguardando fechamento</span>","target":[".bg-primary\\/12"]},{"html":"<a class=\"flex items-center justify-between gap-3 rounded-2xl border border-border bg-card p-4 text-sm font-medium\" href=\"/adiantamento/501\">","target":[".p-4"]}],"impact":"serious","message":"Element has insufficient color contrast of 4.27 (foreground color: #5b8df2, background color: #1d2a59, font size: 9.0pt (12px), font weight: bold). Expected contrast ratio of 4.5:1"}],"all":[],"none":[],"impact":"serious","html":"<span class=\"inline-flex items-center gap-1.5 rounded-full px-2.5 py-1 font-display text-xs font-semibold bg-primary/12 text-primary\">Aguardando fechamento</span>","target":[".bg-primary\\/12"],"failureSummary":"Fix any of the following:\n  Element has insufficient color contrast of 4.27 (foreground color: #5b8df2, background color: #1d2a59, font size: 9.0pt (12px), font weight: bold). Expected contrast ratio of 4.5:1"}]}]

    expect(received).toBeGreaterThanOrEqual(expected)

    Expected: >= 95
    Received:    90

      567 |           console.log(`AXE ${tela.path} [${tema}]: ${v.id} (${v.impact}) x${v.nodes.length} — ${v.help}`);
      568 |         }
    > 569 |         expect(score, `axe score ${tela.path} (${tema}): ${JSON.stringify(resultado.violations)}`).toBeGreaterThanOrEqual(AXE_SCORE_GATE);
          |                                                                                                    ^
      570 |
      571 |         const contraste = await new AxeBuilder({ page }).withRules(['color-contrast']).analyze();
      572 |         console.log(`AXE_CONTRASTE tela="${tela.path}" tema=${tema} violacoes=${contraste.violations.length}`);
        at /work/tests/e2e-motorista-adiantamento/adiantamento.spec.ts:569:100

    attachment #1: screenshot (image/png) ──────────────────────────────────────────────────────────
    test-results/adiantamento-6-8-3-—-axe-c-112c6-olicitação-hoje-—-tema-dark-chromium/test-failed-1.png
    ────────────────────────────────────────────────────────────────────────────────────────────────

    Error Context: test-results/adiantamento-6-8-3-—-axe-c-112c6-olicitação-hoje-—-tema-dark-chromium/error-context.md

    attachment #3: trace (application/zip) ─────────────────────────────────────────────────────────
    test-results/adiantamento-6-8-3-—-axe-c-112c6-olicitação-hoje-—-tema-dark-chromium/trace.zip
    Usage:

        npx playwright show-trace test-results/adiantamento-6-8-3-—-axe-c-112c6-olicitação-hoje-—-tema-dark-chromium/trace.zip

    ────────────────────────────────────────────────────────────────────────────────────────────────

  9) [chromium] › tests/e2e-motorista-adiantamento/adiantamento.spec.ts:555:11 › 6.8.3 — axe-core (escore >= 95) e contraste AA, 2 temas › adiantamento/[id] — tema light 

    Error: axe score /adiantamento/501 (light): [{"id":"color-contrast","impact":"serious","tags":["cat.color","wcag2aa","wcag143","TTv5","TT13.c","EN-301-549","EN-9.1.4.3","ACT","RGAAv4","RGAA-3.2.1"],"description":"Ensure the contrast between foreground and background colors meets WCAG 2 AA minimum contrast ratio thresholds","help":"Elements must meet minimum color contrast ratio thresholds","helpUrl":"https://dequeuniversity.com/rules/axe/4.12/color-contrast?application=playwright","nodes":[{"any":[{"id":"color-contrast","data":{"fgColor":"#2c67ea","bgColor":"#dddde2","contrastRatio":3.66,"fontSize":"9.0pt (12px)","fontWeight":"bold","messageKey":null,"expectedContrastRatio":"4.5:1"},"relatedNodes":[{"html":"<span class=\"inline-flex items-center gap-1.5 rounded-full px-2.5 py-1 font-display text-xs font-semibold bg-primary/12 text-primary\"><span class=\"material-symbols-rounded shrink-0 h-3.5 w-3.5\" aria-hidden=\"true\" translate=\"no\">schedule</span>Aguardando fechamento</span>","target":[".gap-1\\.5"]},{"html":"<main class=\"relative flex min-h-dvh flex-col bg-muted/40\">","target":["main"]},{"html":"<body class=\"min-h-dvh bg-background text-foreground antialiased\">","target":["body"]}],"impact":"serious","message":"Element has insufficient color contrast of 3.66 (foreground color: #2c67ea, background color: #dddde2, font size: 9.0pt (12px), font weight: bold). Expected contrast ratio of 4.5:1"}],"all":[],"none":[],"impact":"serious","html":"<span class=\"inline-flex items-center gap-1.5 rounded-full px-2.5 py-1 font-display text-xs font-semibold bg-primary/12 text-primary\"><span class=\"material-symbols-rounded shrink-0 h-3.5 w-3.5\" aria-hidden=\"true\" translate=\"no\">schedule</span>Aguardando fechamento</span>","target":[".gap-1\\.5"],"failureSummary":"Fix any of the following:\n  Element has insufficient color contrast of 3.66 (foreground color: #2c67ea, background color: #dddde2, font size: 9.0pt (12px), font weight: bold). Expected contrast ratio of 4.5:1"},{"any":[{"id":"color-contrast","data":{"fgColor":"#ffffff","bgColor":"#e5484d","contrastRatio":3.91,"fontSize":"10.5pt (14px)","fontWeight":"bold","messageKey":null,"expectedContrastRatio":"4.5:1"},"relatedNodes":[{"html":"<button class=\"relative inline-flex...\">","target":[".whitespace-nowrap"]}],"impact":"serious","message":"Element has insufficient color contrast of 3.91 (foreground color: #ffffff, background color: #e5484d, font size: 10.5pt (14px), font weight: bold). Expected contrast ratio of 4.5:1"}],"all":[],"none":[],"impact":"serious","html":"<button class=\"relative inline-flex...\">","target":[".whitespace-nowrap"],"failureSummary":"Fix any of the following:\n  Element has insufficient color contrast of 3.91 (foreground color: #ffffff, background color: #e5484d, font size: 10.5pt (14px), font weight: bold). Expected contrast ratio of 4.5:1"}]}]

    expect(received).toBeGreaterThanOrEqual(expected)

    Expected: >= 95
    Received:    80

      567 |           console.log(`AXE ${tela.path} [${tema}]: ${v.id} (${v.impact}) x${v.nodes.length} — ${v.help}`);
      568 |         }
    > 569 |         expect(score, `axe score ${tela.path} (${tema}): ${JSON.stringify(resultado.violations)}`).toBeGreaterThanOrEqual(AXE_SCORE_GATE);
          |                                                                                                    ^
      570 |
      571 |         const contraste = await new AxeBuilder({ page }).withRules(['color-contrast']).analyze();
      572 |         console.log(`AXE_CONTRASTE tela="${tela.path}" tema=${tema} violacoes=${contraste.violations.length}`);
        at /work/tests/e2e-motorista-adiantamento/adiantamento.spec.ts:569:100

    attachment #1: screenshot (image/png) ──────────────────────────────────────────────────────────
    test-results/adiantamento-6-8-3-—-axe-c-29eb3-diantamento-id-—-tema-light-chromium/test-failed-1.png
    ────────────────────────────────────────────────────────────────────────────────────────────────

    Error Context: test-results/adiantamento-6-8-3-—-axe-c-29eb3-diantamento-id-—-tema-light-chromium/error-context.md

    attachment #3: trace (application/zip) ─────────────────────────────────────────────────────────
    test-results/adiantamento-6-8-3-—-axe-c-29eb3-diantamento-id-—-tema-light-chromium/trace.zip
    Usage:

        npx playwright show-trace test-results/adiantamento-6-8-3-—-axe-c-29eb3-diantamento-id-—-tema-light-chromium/trace.zip

    ────────────────────────────────────────────────────────────────────────────────────────────────

  10) [chromium] › tests/e2e-motorista-adiantamento/adiantamento.spec.ts:555:11 › 6.8.3 — axe-core (escore >= 95) e contraste AA, 2 temas › conta-bancaria — tema light 

    Error: axe score /conta-bancaria (light): [{"id":"color-contrast","impact":"serious","tags":["cat.color","wcag2aa","wcag143","TTv5","TT13.c","EN-301-549","EN-9.1.4.3","ACT","RGAAv4","RGAA-3.2.1"],"description":"Ensure the contrast between foreground and background colors meets WCAG 2 AA minimum contrast ratio thresholds","help":"Elements must meet minimum color contrast ratio thresholds","helpUrl":"https://dequeuniversity.com/rules/axe/4.12/color-contrast?application=playwright","nodes":[{"any":[{"id":"color-contrast","data":{"fgColor":"#009b7f","bgColor":"#e0f3f0","contrastRatio":3.04,"fontSize":"9.0pt (12px)","fontWeight":"bold","messageKey":null,"expectedContrastRatio":"4.5:1"},"relatedNodes":[{"html":"<span class=\"inline-flex items-center gap-1.5 rounded-full px-2.5 py-1 font-display text-xs font-semibold bg-success/12 text-success\">Aprovada</span>","target":[".gap-1\\.5"]},{"html":"<div class=\"space-y-3 rounded-3xl border border-border bg-card p-5 shadow-sm\">","target":[".space-y-3"]}],"impact":"serious","message":"Element has insufficient color contrast of 3.04 (foreground color: #009b7f, background color: #e0f3f0, font size: 9.0pt (12px), font weight: bold). Expected contrast ratio of 4.5:1"}],"all":[],"none":[],"impact":"serious","html":"<span class=\"inline-flex items-center gap-1.5 rounded-full px-2.5 py-1 font-display text-xs font-semibold bg-success/12 text-success\">Aprovada</span>","target":[".gap-1\\.5"],"failureSummary":"Fix any of the following:\n  Element has insufficient color contrast of 3.04 (foreground color: #009b7f, background color: #e0f3f0, font size: 9.0pt (12px), font weight: bold). Expected contrast ratio of 4.5:1"},{"any":[{"id":"color-contrast","data":{"fgColor":"#2c67ea","bgColor":"#ebe6e1","contrastRatio":3.99,"fontSize":"12.0pt (16px)","fontWeight":"normal","messageKey":null,"expectedContrastRatio":"4.5:1"},"relatedNodes":[{"html":"<div class=\"flex items-start gap-2 rounded-xl bg-primary/5 p-3 text-xs text-foreground/80\">","target":[".items-start"]},{"html":"<main class=\"relative flex min-h-dvh flex-col bg-muted/40\">","target":["main"]},{"html":"<body class=\"min-h-dvh bg-background text-foreground antialiased\">","target":["body"]}],"impact":"serious","message":"Element has insufficient color contrast of 3.99 (foreground color: #2c67ea, background color: #ebe6e1, font size: 12.0pt (16px), font weight: normal). Expected contrast ratio of 4.5:1"}],"all":[],"none":[],"impact":"serious","html":"<span class=\"material-symbols-rounded mt-0.5 h-4 w-4 shrink-0 text-primary\" aria-hidden=\"true\" translate=\"no\">rule</span>","target":[".mt-0\\.5"],"failureSummary":"Fix any of the following:\n  Element has insufficient color contrast of 3.99 (foreground color: #2c67ea, background color: #ebe6e1, font size: 12.0pt (16px), font weight: normal). Expected contrast ratio of 4.5:1"}]}]

    expect(received).toBeGreaterThanOrEqual(expected)

    Expected: >= 95
    Received:    80

      567 |           console.log(`AXE ${tela.path} [${tema}]: ${v.id} (${v.impact}) x${v.nodes.length} — ${v.help}`);
      568 |         }
    > 569 |         expect(score, `axe score ${tela.path} (${tema}): ${JSON.stringify(resultado.violations)}`).toBeGreaterThanOrEqual(AXE_SCORE_GATE);
          |                                                                                                    ^
      570 |
      571 |         const contraste = await new AxeBuilder({ page }).withRules(['color-contrast']).analyze();
      572 |         console.log(`AXE_CONTRASTE tela="${tela.path}" tema=${tema} violacoes=${contraste.violations.length}`);
        at /work/tests/e2e-motorista-adiantamento/adiantamento.spec.ts:569:100

    attachment #1: screenshot (image/png) ──────────────────────────────────────────────────────────
    test-results/adiantamento-6-8-3-—-axe-c-fb65b-conta-bancaria-—-tema-light-chromium/test-failed-1.png
    ────────────────────────────────────────────────────────────────────────────────────────────────

    Error Context: test-results/adiantamento-6-8-3-—-axe-c-fb65b-conta-bancaria-—-tema-light-chromium/error-context.md

    attachment #3: trace (application/zip) ─────────────────────────────────────────────────────────
    test-results/adiantamento-6-8-3-—-axe-c-fb65b-conta-bancaria-—-tema-light-chromium/trace.zip
    Usage:

        npx playwright show-trace test-results/adiantamento-6-8-3-—-axe-c-fb65b-conta-bancaria-—-tema-light-chromium/trace.zip

    ────────────────────────────────────────────────────────────────────────────────────────────────

  11) [chromium] › tests/e2e-motorista-adiantamento/adiantamento.spec.ts:555:11 › 6.8.3 — axe-core (escore >= 95) e contraste AA, 2 temas › conta-bancaria/alterar — tema light 

    Error: axe score /conta-bancaria/alterar (light): [{"id":"color-contrast","impact":"serious","tags":["cat.color","wcag2aa","wcag143","TTv5","TT13.c","EN-301-549","EN-9.1.4.3","ACT","RGAAv4","RGAA-3.2.1"],"description":"Ensure the contrast between foreground and background colors meets WCAG 2 AA minimum contrast ratio thresholds","help":"Elements must meet minimum color contrast ratio thresholds","helpUrl":"https://dequeuniversity.com/rules/axe/4.12/color-contrast?application=playwright","nodes":[{"any":[{"id":"color-contrast","data":{"fgColor":"#2c67ea","bgColor":"#ebe6e1","contrastRatio":3.99,"fontSize":"10.5pt (14px)","fontWeight":"normal","messageKey":null,"expectedContrastRatio":"4.5:1"},"relatedNodes":[{"html":"<label class=\"flex-1 rounded-lg border px-3 py-2.5 text-center text-sm font-medium border-primary bg-primary/5 text-primary\"><input class=\"sr-only\" type=\"radio\" checked=\"\" name=\"tp\">Corrente</label>","target":[".border-primary"]},{"html":"<main class=\"relative flex min-h-dvh flex-col bg-muted/40\">","target":["main"]},{"html":"<body class=\"min-h-dvh bg-background text-foreground antialiased\">","target":["body"]}],"impact":"serious","message":"Element has insufficient color contrast of 3.99 (foreground color: #2c67ea, background color: #ebe6e1, font size: 10.5pt (14px), font weight: normal). Expected contrast ratio of 4.5:1"}],"all":[],"none":[],"impact":"serious","html":"<label class=\"flex-1 rounded-lg border px-3 py-2.5 text-center text-sm font-medium border-primary bg-primary/5 text-primary\"><input class=\"sr-only\" type=\"radio\" checked=\"\" name=\"tp\">Corrente</label>","target":[".border-primary"],"failureSummary":"Fix any of the following:\n  Element has insufficient color contrast of 3.99 (foreground color: #2c67ea, background color: #ebe6e1, font size: 10.5pt (14px), font weight: normal). Expected contrast ratio of 4.5:1"}]}]

    expect(received).toBeGreaterThanOrEqual(expected)

    Expected: >= 95
    Received:    90

      567 |           console.log(`AXE ${tela.path} [${tema}]: ${v.id} (${v.impact}) x${v.nodes.length} — ${v.help}`);
      568 |         }
    > 569 |         expect(score, `axe score ${tela.path} (${tema}): ${JSON.stringify(resultado.violations)}`).toBeGreaterThanOrEqual(AXE_SCORE_GATE);
          |                                                                                                    ^
      570 |
      571 |         const contraste = await new AxeBuilder({ page }).withRules(['color-contrast']).analyze();
      572 |         console.log(`AXE_CONTRASTE tela="${tela.path}" tema=${tema} violacoes=${contraste.violations.length}`);
        at /work/tests/e2e-motorista-adiantamento/adiantamento.spec.ts:569:100

    attachment #1: screenshot (image/png) ──────────────────────────────────────────────────────────
    test-results/adiantamento-6-8-3-—-axe-c-0ced2-ncaria-alterar-—-tema-light-chromium/test-failed-1.png
    ────────────────────────────────────────────────────────────────────────────────────────────────

    Error Context: test-results/adiantamento-6-8-3-—-axe-c-0ced2-ncaria-alterar-—-tema-light-chromium/error-context.md

    attachment #3: trace (application/zip) ─────────────────────────────────────────────────────────
    test-results/adiantamento-6-8-3-—-axe-c-0ced2-ncaria-alterar-—-tema-light-chromium/trace.zip
    Usage:

        npx playwright show-trace test-results/adiantamento-6-8-3-—-axe-c-0ced2-ncaria-alterar-—-tema-light-chromium/trace.zip

    ────────────────────────────────────────────────────────────────────────────────────────────────

  12) [chromium] › tests/e2e-motorista-adiantamento/adiantamento.spec.ts:555:11 › 6.8.3 — axe-core (escore >= 95) e contraste AA, 2 temas › notificacoes — tema light 

    Error: axe score /notificacoes (light): [{"id":"color-contrast","impact":"serious","tags":["cat.color","wcag2aa","wcag143","TTv5","TT13.c","EN-301-549","EN-9.1.4.3","ACT","RGAAv4","RGAA-3.2.1"],"description":"Ensure the contrast between foreground and background colors meets WCAG 2 AA minimum contrast ratio thresholds","help":"Elements must meet minimum color contrast ratio thresholds","helpUrl":"https://dequeuniversity.com/rules/axe/4.12/color-contrast?application=playwright","nodes":[{"any":[{"id":"color-contrast","data":{"fgColor":"#2c67ea","bgColor":"#e1e0e2","contrastRatio":3.76,"fontSize":"9.0pt (12px)","fontWeight":"normal","messageKey":null,"expectedContrastRatio":"4.5:1"},"relatedNodes":[{"html":"<button type=\"button\" aria-pressed=\"true\" class=\"min-h-11 rounded-full border px-3 py-1.5 text-xs font-medium transition-colors border-primary bg-primary/10 text-primary\">Todas</button>","target":[".border-primary"]},{"html":"<main class=\"relative flex min-h-dvh flex-col bg-muted/40\">","target":["main"]},{"html":"<body class=\"min-h-dvh bg-background text-foreground antialiased\">","target":["body"]}],"impact":"serious","message":"Element has insufficient color contrast of 3.76 (foreground color: #2c67ea, background color: #e1e0e2, font size: 9.0pt (12px), font weight: normal). Expected contrast ratio of 4.5:1"}],"all":[],"none":[],"impact":"serious","html":"<button type=\"button\" aria-pressed=\"true\" class=\"min-h-11 rounded-full border px-3 py-1.5 text-xs font-medium transition-colors border-primary bg-primary/10 text-primary\">Todas</button>","target":[".border-primary"],"failureSummary":"Fix any of the following:\n  Element has insufficient color contrast of 3.76 (foreground color: #2c67ea, background color: #e1e0e2, font size: 9.0pt (12px), font weight: normal). Expected contrast ratio of 4.5:1"},{"any":[{"id":"color-contrast","data":{"fgColor":"#5a6a87","bgColor":"#efe6d6","contrastRatio":4.4,"fontSize":"12.0pt (16px)","fontWeight":"normal","messageKey":null,"expectedContrastRatio":"4.5:1"},"relatedNodes":[{"html":"<span class=\"flex h-9 w-9 shrink-0 items-center justify-center rounded-full bg-muted\"><span class=\"material-symbols-rounded shrink-0 h-4 w-4 text-muted-foreground\" aria-hidden=\"true\" translate=\"no\">info</span></span>","target":[".bg-muted"]}],"impact":"serious","message":"Element has insufficient color contrast of 4.4 (foreground color: #5a6a87, background color: #efe6d6, font size: 12.0pt (16px), font weight: normal). Expected contrast ratio of 4.5:1"}],"all":[],"none":[],"impact":"serious","html":"<span class=\"material-symbols-rounded shrink-0 h-4 w-4 text-muted-foreground\" aria-hidden=\"true\" translate=\"no\">info</span>","target":[".bg-muted > .w-4.h-4.material-symbols-rounded"],"failureSummary":"Fix any of the following:\n  Element has insufficient color contrast of 4.4 (foreground color: #5a6a87, background color: #efe6d6, font size: 12.0pt (16px), font weight: normal). Expected contrast ratio of 4.5:1"}]}]

    expect(received).toBeGreaterThanOrEqual(expected)

    Expected: >= 95
    Received:    80

      567 |           console.log(`AXE ${tela.path} [${tema}]: ${v.id} (${v.impact}) x${v.nodes.length} — ${v.help}`);
      568 |         }
    > 569 |         expect(score, `axe score ${tela.path} (${tema}): ${JSON.stringify(resultado.violations)}`).toBeGreaterThanOrEqual(AXE_SCORE_GATE);
          |                                                                                                    ^
      570 |
      571 |         const contraste = await new AxeBuilder({ page }).withRules(['color-contrast']).analyze();
      572 |         console.log(`AXE_CONTRASTE tela="${tela.path}" tema=${tema} violacoes=${contraste.violations.length}`);
        at /work/tests/e2e-motorista-adiantamento/adiantamento.spec.ts:569:100

    attachment #1: screenshot (image/png) ──────────────────────────────────────────────────────────
    test-results/adiantamento-6-8-3-—-axe-c-80350-s-notificacoes-—-tema-light-chromium/test-failed-1.png
    ────────────────────────────────────────────────────────────────────────────────────────────────

    Error Context: test-results/adiantamento-6-8-3-—-axe-c-80350-s-notificacoes-—-tema-light-chromium/error-context.md

    attachment #3: trace (application/zip) ─────────────────────────────────────────────────────────
    test-results/adiantamento-6-8-3-—-axe-c-80350-s-notificacoes-—-tema-light-chromium/trace.zip
    Usage:

        npx playwright show-trace test-results/adiantamento-6-8-3-—-axe-c-80350-s-notificacoes-—-tema-light-chromium/trace.zip

    ────────────────────────────────────────────────────────────────────────────────────────────────

  12 failed
    [chromium] › tests/e2e-motorista-adiantamento/adiantamento.spec.ts:394:7 › US1 — solicitar e acompanhar adiantamento › Scenario 4: cancela antes do corte 
    [chromium] › tests/e2e-motorista-adiantamento/adiantamento.spec.ts:415:7 › US2 — dados bancários › Scenario 1: sem conta cadastrada — envia dados válidos e vê "Em análise" 
    [chromium] › tests/e2e-motorista-adiantamento/adiantamento.spec.ts:459:7 › US7 — central de notificações › Scenario: lista, filtra por categoria, marca uma como lida ao abrir e marca todas 
    [chromium] › tests/e2e-motorista-adiantamento/adiantamento.spec.ts:508:9 › 6.8.2 — alvos de toque >= 44x44 px (medido) › movimento 
    [chromium] › tests/e2e-motorista-adiantamento/adiantamento.spec.ts:508:9 › 6.8.2 — alvos de toque >= 44x44 px (medido) › adiantamento (disponível) 
    [chromium] › tests/e2e-motorista-adiantamento/adiantamento.spec.ts:555:11 › 6.8.3 — axe-core (escore >= 95) e contraste AA, 2 temas › adiantamento (disponível) — tema light 
    [chromium] › tests/e2e-motorista-adiantamento/adiantamento.spec.ts:555:11 › 6.8.3 — axe-core (escore >= 95) e contraste AA, 2 temas › adiantamento (indisponível + solicitação hoje) — tema light 
    [chromium] › tests/e2e-motorista-adiantamento/adiantamento.spec.ts:555:11 › 6.8.3 — axe-core (escore >= 95) e contraste AA, 2 temas › adiantamento (indisponível + solicitação hoje) — tema dark 
    [chromium] › tests/e2e-motorista-adiantamento/adiantamento.spec.ts:555:11 › 6.8.3 — axe-core (escore >= 95) e contraste AA, 2 temas › adiantamento/[id] — tema light 
    [chromium] › tests/e2e-motorista-adiantamento/adiantamento.spec.ts:555:11 › 6.8.3 — axe-core (escore >= 95) e contraste AA, 2 temas › conta-bancaria — tema light 
    [chromium] › tests/e2e-motorista-adiantamento/adiantamento.spec.ts:555:11 › 6.8.3 — axe-core (escore >= 95) e contraste AA, 2 temas › conta-bancaria/alterar — tema light 
    [chromium] › tests/e2e-motorista-adiantamento/adiantamento.spec.ts:555:11 › 6.8.3 — axe-core (escore >= 95) e contraste AA, 2 temas › notificacoes — tema light 
  21 passed (59.2s)
